Archive member included to satisfy reference by file (symbol)

c:/nxp/s32ds.3.5/s32ds/build_tools/gcc_v10.2/gcc-10.2-arm32-eabi/bin/../lib/gcc/arm-none-eabi/10.2.0/../../../../arm-none-eabi/lib/thumb/v7e-m+fp/hard\libc_nano.a(lib_a-memcpy-stub.o)
                              ./FreeRTOS/Source/queue.o (memcpy)
c:/nxp/s32ds.3.5/s32ds/build_tools/gcc_v10.2/gcc-10.2-arm32-eabi/bin/../lib/gcc/arm-none-eabi/10.2.0/../../../../arm-none-eabi/lib/thumb/v7e-m+fp/hard\libc_nano.a(lib_a-memmove.o)
                              ./RTD/src/Siul2_Port_Ip.o (memmove)
c:/nxp/s32ds.3.5/s32ds/build_tools/gcc_v10.2/gcc-10.2-arm32-eabi/bin/../lib/gcc/arm-none-eabi/10.2.0/../../../../arm-none-eabi/lib/thumb/v7e-m+fp/hard\libc_nano.a(lib_a-memset.o)
                              ./FreeRTOS/Source/stream_buffer.o (memset)
c:/nxp/s32ds.3.5/s32ds/build_tools/gcc_v10.2/gcc-10.2-arm32-eabi/bin/../lib/gcc/arm-none-eabi/10.2.0/../../../../arm-none-eabi/lib/thumb/v7e-m+fp/hard\libc_nano.a(lib_a-sprintf.o)
                              ./FreeRTOS/Source/tasks.o (sprintf)
c:/nxp/s32ds.3.5/s32ds/build_tools/gcc_v10.2/gcc-10.2-arm32-eabi/bin/../lib/gcc/arm-none-eabi/10.2.0/../../../../arm-none-eabi/lib/thumb/v7e-m+fp/hard\libc_nano.a(lib_a-strcpy.o)
                              ./FreeRTOS/Source/tasks.o (strcpy)
c:/nxp/s32ds.3.5/s32ds/build_tools/gcc_v10.2/gcc-10.2-arm32-eabi/bin/../lib/gcc/arm-none-eabi/10.2.0/../../../../arm-none-eabi/lib/thumb/v7e-m+fp/hard\libc_nano.a(lib_a-strlen.o)
                              ./FreeRTOS/Source/tasks.o (strlen)
c:/nxp/s32ds.3.5/s32ds/build_tools/gcc_v10.2/gcc-10.2-arm32-eabi/bin/../lib/gcc/arm-none-eabi/10.2.0/../../../../arm-none-eabi/lib/thumb/v7e-m+fp/hard\libc_nano.a(lib_a-impure.o)
                              c:/nxp/s32ds.3.5/s32ds/build_tools/gcc_v10.2/gcc-10.2-arm32-eabi/bin/../lib/gcc/arm-none-eabi/10.2.0/../../../../arm-none-eabi/lib/thumb/v7e-m+fp/hard\libc_nano.a(lib_a-sprintf.o) (_impure_ptr)
c:/nxp/s32ds.3.5/s32ds/build_tools/gcc_v10.2/gcc-10.2-arm32-eabi/bin/../lib/gcc/arm-none-eabi/10.2.0/../../../../arm-none-eabi/lib/thumb/v7e-m+fp/hard\libc_nano.a(lib_a-nano-svfprintf.o)
                              c:/nxp/s32ds.3.5/s32ds/build_tools/gcc_v10.2/gcc-10.2-arm32-eabi/bin/../lib/gcc/arm-none-eabi/10.2.0/../../../../arm-none-eabi/lib/thumb/v7e-m+fp/hard\libc_nano.a(lib_a-sprintf.o) (_svfprintf_r)
c:/nxp/s32ds.3.5/s32ds/build_tools/gcc_v10.2/gcc-10.2-arm32-eabi/bin/../lib/gcc/arm-none-eabi/10.2.0/../../../../arm-none-eabi/lib/thumb/v7e-m+fp/hard\libc_nano.a(lib_a-nano-vfprintf_i.o)
                              c:/nxp/s32ds.3.5/s32ds/build_tools/gcc_v10.2/gcc-10.2-arm32-eabi/bin/../lib/gcc/arm-none-eabi/10.2.0/../../../../arm-none-eabi/lib/thumb/v7e-m+fp/hard\libc_nano.a(lib_a-nano-svfprintf.o) (_printf_i)
c:/nxp/s32ds.3.5/s32ds/build_tools/gcc_v10.2/gcc-10.2-arm32-eabi/bin/../lib/gcc/arm-none-eabi/10.2.0/../../../../arm-none-eabi/lib/thumb/v7e-m+fp/hard\libc_nano.a(lib_a-memchr.o)
                              c:/nxp/s32ds.3.5/s32ds/build_tools/gcc_v10.2/gcc-10.2-arm32-eabi/bin/../lib/gcc/arm-none-eabi/10.2.0/../../../../arm-none-eabi/lib/thumb/v7e-m+fp/hard\libc_nano.a(lib_a-nano-svfprintf.o) (memchr)
c:/nxp/s32ds.3.5/s32ds/build_tools/gcc_v10.2/gcc-10.2-arm32-eabi/bin/../lib/gcc/arm-none-eabi/10.2.0/../../../../arm-none-eabi/lib/thumb/v7e-m+fp/hard\libc_nano.a(lib_a-nano-freer.o)
                              c:/nxp/s32ds.3.5/s32ds/build_tools/gcc_v10.2/gcc-10.2-arm32-eabi/bin/../lib/gcc/arm-none-eabi/10.2.0/../../../../arm-none-eabi/lib/thumb/v7e-m+fp/hard\libc_nano.a(lib_a-nano-svfprintf.o) (_free_r)
c:/nxp/s32ds.3.5/s32ds/build_tools/gcc_v10.2/gcc-10.2-arm32-eabi/bin/../lib/gcc/arm-none-eabi/10.2.0/../../../../arm-none-eabi/lib/thumb/v7e-m+fp/hard\libc_nano.a(lib_a-nano-mallocr.o)
                              c:/nxp/s32ds.3.5/s32ds/build_tools/gcc_v10.2/gcc-10.2-arm32-eabi/bin/../lib/gcc/arm-none-eabi/10.2.0/../../../../arm-none-eabi/lib/thumb/v7e-m+fp/hard\libc_nano.a(lib_a-nano-svfprintf.o) (_malloc_r)
c:/nxp/s32ds.3.5/s32ds/build_tools/gcc_v10.2/gcc-10.2-arm32-eabi/bin/../lib/gcc/arm-none-eabi/10.2.0/../../../../arm-none-eabi/lib/thumb/v7e-m+fp/hard\libc_nano.a(lib_a-nano-reallocr.o)
                              c:/nxp/s32ds.3.5/s32ds/build_tools/gcc_v10.2/gcc-10.2-arm32-eabi/bin/../lib/gcc/arm-none-eabi/10.2.0/../../../../arm-none-eabi/lib/thumb/v7e-m+fp/hard\libc_nano.a(lib_a-nano-svfprintf.o) (_realloc_r)
c:/nxp/s32ds.3.5/s32ds/build_tools/gcc_v10.2/gcc-10.2-arm32-eabi/bin/../lib/gcc/arm-none-eabi/10.2.0/../../../../arm-none-eabi/lib/thumb/v7e-m+fp/hard\libc_nano.a(lib_a-sbrkr.o)
                              c:/nxp/s32ds.3.5/s32ds/build_tools/gcc_v10.2/gcc-10.2-arm32-eabi/bin/../lib/gcc/arm-none-eabi/10.2.0/../../../../arm-none-eabi/lib/thumb/v7e-m+fp/hard\libc_nano.a(lib_a-nano-mallocr.o) (_sbrk_r)
[...]
Memory Configuration

Name             Origin             Length             Attributes
int_pflash       0x00400000         0x007d4000
int_dflash       0x10000000         0x00020000
int_itcm         0x00000000         0x00010000
int_dtcm         0x20000000         0x0000f000
int_stack_dtcm   0x2000f000         0x00001000
int_sram         0x20400000         0x0007ff00
int_sram_fls_rsv 0x2047ff00         0x00000100
int_sram_no_cacheable 0x20480000         0x0003bf00
int_sram_results 0x204bbf00         0x00000100
int_sram_shareable 0x204bc000         0x00004000
ram_rsvd2        0x204c0000         0x00000000
*default*        0x00000000         0xffffffff

Linker script and memory map

LOAD ./FreeRTOS/Source/croutine.o
LOAD ./FreeRTOS/Source/event_groups.o
LOAD ./FreeRTOS/Source/list.o
LOAD ./FreeRTOS/Source/queue.o
LOAD ./FreeRTOS/Source/stream_buffer.o
LOAD ./FreeRTOS/Source/tasks.o
LOAD ./FreeRTOS/Source/timers.o
LOAD ./FreeRTOS/Source/portable/GCC/ARM_CM7/r0p1/port.o
LOAD ./FreeRTOS/Source/portable/MemMang/heap_1.o
LOAD ./Project_Settings/Startup_Code/Vector_Table.o
LOAD ./Project_Settings/Startup_Code/exceptions.o
LOAD ./Project_Settings/Startup_Code/nvic.o
LOAD ./Project_Settings/Startup_Code/startup.o
LOAD ./Project_Settings/Startup_Code/startup_cm7.o
LOAD ./Project_Settings/Startup_Code/system.o
LOAD ./RTD/src/Clock_Ip.o
LOAD ./RTD/src/Clock_Ip_Data.o
LOAD ./RTD/src/Clock_Ip_Divider.o
LOAD ./RTD/src/Clock_Ip_DividerTrigger.o
LOAD ./RTD/src/Clock_Ip_ExtOsc.o
LOAD ./RTD/src/Clock_Ip_FracDiv.o
LOAD ./RTD/src/Clock_Ip_Frequency.o
LOAD ./RTD/src/Clock_Ip_Gate.o
LOAD ./RTD/src/Clock_Ip_IntOsc.o
LOAD ./RTD/src/Clock_Ip_Irq.o
LOAD ./RTD/src/Clock_Ip_Monitor.o
LOAD ./RTD/src/Clock_Ip_Pll.o
LOAD ./RTD/src/Clock_Ip_ProgFreqSwitch.o
LOAD ./RTD/src/Clock_Ip_Selector.o
LOAD ./RTD/src/Clock_Ip_Specific.o
LOAD ./RTD/src/Det.o
LOAD ./RTD/src/Det_stub.o
LOAD ./RTD/src/Flexio_Mcl_Ip.o
LOAD ./RTD/src/Flexio_Mcl_Ip_HwAccess.o
LOAD ./RTD/src/Flexio_Mcl_Ip_Irq.o
LOAD ./RTD/src/Flexio_Spi_Ip.o
LOAD ./RTD/src/Flexio_Spi_Ip_Irq.o
LOAD ./RTD/src/Igf_Port_Ip.o
LOAD ./RTD/src/IntCtrl_Ip.o
LOAD ./RTD/src/Lpspi_Ip.o
LOAD ./RTD/src/Lpspi_Ip_Irq.o
LOAD ./RTD/src/Lpuart_Uart_Ip.o
LOAD ./RTD/src/Lpuart_Uart_Ip_Irq.o
LOAD ./RTD/src/OsIf_Interrupts.o
LOAD ./RTD/src/OsIf_Timer.o
LOAD ./RTD/src/OsIf_Timer_System.o
LOAD ./RTD/src/OsIf_Timer_System_Internal_Systick.o
LOAD ./RTD/src/SchM_Dio.o
LOAD ./RTD/src/SchM_Mcl.o
LOAD ./RTD/src/SchM_Mcu.o
LOAD ./RTD/src/SchM_Port.o
LOAD ./RTD/src/SchM_Spi.o
LOAD ./RTD/src/SchM_Uart.o
LOAD ./RTD/src/Siul2_Dio_Ip.o
LOAD ./RTD/src/Siul2_Port_Ip.o
LOAD ./RTD/src/Tspc_Port_Ip.o
LOAD ./board/Siul2_Port_Ip_Cfg.o
LOAD ./board/Tspc_Port_Ip_Cfg.o
LOAD ./generate/src/Clock_Ip_Cfg.o
LOAD ./generate/src/Flexio_Mcl_Ip_PBcfg.o
LOAD ./generate/src/Flexio_Spi_Ip_Sa_PBcfg.o
LOAD ./generate/src/Igf_Port_Ip_Cfg.o
LOAD ./generate/src/IntCtrl_Ip_Cfg.o
LOAD ./generate/src/Lpspi_Ip_Sa_PBcfg.o
LOAD ./generate/src/Lpuart_Uart_Ip_Sa_PBcfg.o
LOAD ./generate/src/OsIf_Cfg.o
LOAD ./src/main.o
LOAD c:/nxp/s32ds.3.5/s32ds/build_tools/gcc_v10.2/gcc-10.2-arm32-eabi/bin/../lib/gcc/arm-none-eabi/10.2.0/../../../../arm-none-eabi/lib/thumb/v7e-m+fp/hard\libc_nano.a
LOAD c:/nxp/s32ds.3.5/s32ds/build_tools/gcc_v10.2/gcc-10.2-arm32-eabi/bin/../lib/gcc/arm-none-eabi/10.2.0/../../../../arm-none-eabi/lib/thumb/v7e-m+fp/hard\libm.a
LOAD c:/nxp/s32ds.3.5/s32ds/build_tools/gcc_v10.2/gcc-10.2-arm32-eabi/bin/../lib/gcc/arm-none-eabi/10.2.0/thumb/v7e-m+fp/hard\libgcc.a
START GROUP
LOAD c:/nxp/s32ds.3.5/s32ds/build_tools/gcc_v10.2/gcc-10.2-arm32-eabi/bin/../lib/gcc/arm-none-eabi/10.2.0/thumb/v7e-m+fp/hard\libgcc.a
LOAD c:/nxp/s32ds.3.5/s32ds/build_tools/gcc_v10.2/gcc-10.2-arm32-eabi/bin/../lib/gcc/arm-none-eabi/10.2.0/../../../../arm-none-eabi/lib/thumb/v7e-m+fp/hard\libg_nano.a
LOAD c:/nxp/s32ds.3.5/s32ds/build_tools/gcc_v10.2/gcc-10.2-arm32-eabi/bin/../lib/gcc/arm-none-eabi/10.2.0/../../../../arm-none-eabi/lib/thumb/v7e-m+fp/hard\libc_nano.a
END GROUP
START GROUP
LOAD c:/nxp/s32ds.3.5/s32ds/build_tools/gcc_v10.2/gcc-10.2-arm32-eabi/bin/../lib/gcc/arm-none-eabi/10.2.0/thumb/v7e-m+fp/hard\libgcc.a
LOAD c:/nxp/s32ds.3.5/s32ds/build_tools/gcc_v10.2/gcc-10.2-arm32-eabi/bin/../lib/gcc/arm-none-eabi/10.2.0/../../../../arm-none-eabi/lib/thumb/v7e-m+fp/hard\libc_nano.a
LOAD c:/nxp/s32ds.3.5/s32ds/build_tools/gcc_v10.2/gcc-10.2-arm32-eabi/bin/../lib/gcc/arm-none-eabi/10.2.0/../../../../arm-none-eabi/lib/thumb/v7e-m+fp/hard\libnosys.a
END GROUP
START GROUP
LOAD c:/nxp/s32ds.3.5/s32ds/build_tools/gcc_v10.2/gcc-10.2-arm32-eabi/bin/../lib/gcc/arm-none-eabi/10.2.0/thumb/v7e-m+fp/hard\libgcc.a
LOAD c:/nxp/s32ds.3.5/s32ds/build_tools/gcc_v10.2/gcc-10.2-arm32-eabi/bin/../lib/gcc/arm-none-eabi/10.2.0/../../../../arm-none-eabi/lib/thumb/v7e-m+fp/hard\libc_nano.a
LOAD c:/nxp/s32ds.3.5/s32ds/build_tools/gcc_v10.2/gcc-10.2-arm32-eabi/bin/../lib/gcc/arm-none-eabi/10.2.0/../../../../arm-none-eabi/lib/thumb/v7e-m+fp/hard\libnosys.a
END GROUP
                0x00002000                HEAP_SIZE = DEFINED (__heap_size__)?__heap_size__:0x2000
                0x2040ffff                __STANDBY_RAM_LIMIT_END = 0x2040ffff

.pflash         0x00400000    0x11e20
 *(.boot_header)
 .boot_header   0x00400000       0x30 ./Project_Settings/Startup_Code/startup_cm7.o
                0x00400800                . = ALIGN (0x800)
 *fill*         0x00400030      0x7d0 
                0x00400800                __text_start = .
                0x00400800                __interrupts_init_start = .
 *(.intc_vector)
 .intc_vector   0x00400800      0x408 ./Project_Settings/Startup_Code/Vector_Table.o
                0x00400800                VTABLE
                0x00400c08                . = ALIGN (0x4)
                0x00400c08                __interrupts_init_end = .
 *(.core_loop)
 .core_loop     0x00400c08        0xc ./Project_Settings/Startup_Code/startup_cm7.o
                0x00400c08                _core_loop
                0x00400c14                . = ALIGN (0x4)
 *(.startup)
 *fill*         0x00400c14        0xc 
 .startup       0x00400c20      0x1cc ./Project_Settings/Startup_Code/startup_cm7.o
                0x00400c20                Reset_Handler
                0x00400c20                _start
                0x00400d7c                MCAL_LTB_TRACE_OFF
                0x00400d7e                _end_of_eunit_test
                0x00400dec                . = ALIGN (0x4)
 *(.systeminit)
                0x00400dec                . = ALIGN (0x4)
 *(.text.startup)
 .text.startup  0x00400dec      0x150 ./src/main.o
                0x00400dec                main
                0x00400f3c                . = ALIGN (0x4)
 *(.text)
 .text          0x00400f3c        0x0 ./FreeRTOS/Source/croutine.o
 .text          0x00400f3c      0x3b0 ./FreeRTOS/Source/event_groups.o
                0x00400f3c                xEventGroupCreate
                0x00400f56                xEventGroupWaitBits
                0x00401076                xEventGroupClearBits
                0x004010c4                vEventGroupClearBitsCallback
                0x004010c8                xEventGroupClearBitsFromISR
                0x004010d8                xEventGroupGetBitsFromISR
                0x004010f8                xEventGroupSetBits
                0x00401186                xEventGroupSync
                0x0040126e                vEventGroupSetBitsCallback
                0x00401272                vEventGroupDelete
                0x004012ce                xEventGroupSetBitsFromISR
                0x004012e0                uxEventGroupGetNumber
                0x004012e6                vEventGroupSetNumber
 .text          0x004012ec       0x82 ./FreeRTOS/Source/list.o
                0x004012ec                vListInitialise
                0x00401302                vListInitialiseItem
                0x00401308                vListInsertEnd
                0x00401320                vListInsert
                0x0040134e                uxListRemove
 *fill*         0x0040136e        0x2 
 .text          0x00401370      0xdfc ./FreeRTOS/Source/queue.o
                0x0040148a                xQueueGenericReset
                0x0040152c                xQueueGenericCreate
                0x00401584                xQueueGetMutexHolder
                0x004015b6                xQueueGetMutexHolderFromISR
                0x004015da                xQueueCreateCountingSemaphore
                0x00401608                xQueueGenericSend
                0x0040177e                xQueueCreateMutex
                0x004017a2                xQueueGiveMutexRecursive
                0x004017e2                xQueueGenericSendFromISR
                0x004018d8                xQueueGiveFromISR
                0x004019b2                xQueueReceive
                0x00401afc                xQueueSemaphoreTake
                0x00401c7a                xQueueTakeMutexRecursive
                0x00401cc2                xQueuePeek
                0x00401e0c                xQueueReceiveFromISR
                0x00401eda                xQueuePeekFromISR
                0x00401f60                uxQueueMessagesWaiting
                0x00401f8e                uxQueueSpacesAvailable
                0x00401fc0                uxQueueMessagesWaitingFromISR
                0x00401fdc                uxQueueGetQueueNumber
                0x00401fe0                vQueueSetQueueNumber
                0x00401fe4                ucQueueGetQueueType
                0x00401fea                xQueueIsQueueEmptyFromISR
                0x0040200c                xQueueIsQueueFullFromISR
                0x00402030                vQueueAddToRegistry
                0x00402084                pcQueueGetName
                0x004020c0                vQueueUnregisterQueue
                0x00402100                vQueueDelete
                0x00402126                vQueueWaitForMessageRestricted
 .text          0x0040216c      0x82a ./FreeRTOS/Source/stream_buffer.o
                0x0040233a                xStreamBufferGenericCreate
                0x004023c8                vStreamBufferDelete
                0x004023f2                xStreamBufferReset
                0x00402442                xStreamBufferSetTriggerLevel
                0x0040246e                xStreamBufferSpacesAvailable
                0x004024a4                xStreamBufferBytesAvailable
                0x004024be                xStreamBufferSend
                0x004025f6                xStreamBufferSendFromISR
                0x0040269e                xStreamBufferReceive
                0x0040278c                xStreamBufferNextMessageLengthBytes
                0x004027e6                xStreamBufferReceiveFromISR
                0x00402882                xStreamBufferIsEmpty
                0x004028a6                xStreamBufferIsFull
                0x004028da                xStreamBufferSendCompletedFromISR
                0x00402930                xStreamBufferReceiveCompletedFromISR
                0x00402986                uxStreamBufferGetStreamBufferNumber
                0x0040298a                vStreamBufferSetStreamBufferNumber
                0x0040298e                ucStreamBufferGetStreamBufferType
 *fill*         0x00402996        0x2 
 .text          0x00402998     0x1b14 ./FreeRTOS/Source/tasks.o
                0x00402b0c                xTaskCreate
                0x00402cb0                vTaskDelete
                0x00402d58                eTaskGetState
                0x00402dd4                uxTaskPriorityGet
                0x00402df4                uxTaskPriorityGetFromISR
                0x00402e28                vTaskPrioritySet
                0x00402f04                vTaskResume
                0x00402f98                xTaskResumeFromISR
                0x00403054                vTaskStartScheduler
                0x004030d0                vTaskEndScheduler
                0x004030f4                vTaskSuspendAll
                0x00403108                xTaskGetTickCount
                0x00403114                xTaskGetTickCountFromISR
                0x00403124                uxTaskGetNumberOfTasks
                0x00403130                pcTaskGetName
                0x00403158                xTaskIncrementTick
                0x00403298                xTaskResumeAll
                0x004033bc                xTaskDelayUntil
                0x00403460                vTaskDelay
                0x004034b0                xTaskGetHandle
                0x00403534                xTaskCatchUpTicks
                0x00403578                xTaskAbortDelay
                0x00403614                vTaskSwitchContext
                0x00403684                vTaskSuspend
                0x0040372c                vTaskPlaceOnEventList
                0x00403764                vTaskPlaceOnUnorderedEventList
                0x004037d8                vTaskPlaceOnEventListRestricted
                0x00403838                xTaskRemoveFromEventList
                0x00403904                vTaskRemoveFromUnorderedEventList
                0x004039c4                vTaskSetTimeOutState
                0x004039fc                vTaskInternalSetTimeOutState
                0x00403a10                xTaskCheckForTimeOut
                0x00403aa0                vTaskMissedYield
                0x00403ab0                uxTaskGetTaskNumber
                0x00403ab6                vTaskSetTaskNumber
                0x00403abc                vTaskGetInfo
                0x00403b94                uxTaskGetSystemState
                0x00403c2c                uxTaskGetStackHighWaterMark
                0x00403c4c                xTaskGetCurrentTaskHandle
                0x00403c58                xTaskGetSchedulerState
                0x00403c78                xTaskPriorityInherit
                0x00403d08                xTaskPriorityDisinherit
                0x00403da4                vTaskPriorityDisinheritAfterTimeout
                0x00403e54                vTaskList
                0x00403f18                uxTaskResetEventItemValue
                0x00403f30                pvTaskIncrementMutexHeldCount
                0x00403f48                ulTaskGenericNotifyTake
                0x00403fc4                xTaskGenericNotifyWait
                0x0040406c                xTaskGenericNotify
                0x00404198                xTaskGenericNotifyFromISR
                0x0040430c                vTaskGenericNotifyGiveFromISR
                0x00404434                xTaskGenericNotifyStateClear
                0x0040447c                ulTaskGenericNotifyValueClear
 .text          0x004044ac      0x580 ./FreeRTOS/Source/timers.o
                0x00404738                xTimerCreateTimerTask
                0x00404784                xTimerCreate
                0x004047e2                xTimerGenericCommand
                0x0040483c                xTimerGetTimerDaemonTaskHandle
                0x00404860                xTimerGetPeriod
                0x0040487c                vTimerSetReloadMode
                0x004048ba                xTimerGetReloadMode
                0x004048ee                uxTimerGetReloadMode
                0x004048f2                xTimerGetExpiryTime
                0x0040490e                pcTimerGetName
                0x0040492a                xTimerIsTimerActive
                0x0040495e                pvTimerGetTimerID
                0x0040498c                vTimerSetTimerID
                0x004049b8                xTimerPendFunctionCallFromISR
                0x004049e0                xTimerPendFunctionCall
                0x00404a24                uxTimerGetTimerNumber
                0x00404a28                vTimerSetTimerNumber
 *fill*         0x00404a2c        0x4 
 .text          0x00404a30      0x33c ./FreeRTOS/Source/portable/GCC/ARM_CM7/r0p1/port.o
                0x00404ab4                pxPortInitialiseStack
                0x00404ad8                SVC_Handler
                0x00404b04                vPortEndScheduler
                0x00404b2c                vPortEnterCritical
                0x00404b74                vPortExitCritical
                0x00404ba0                PendSV_Handler
                0x00404c04                SysTick_Handler
                0x00404c34                vPortSetupTimerInterrupt
                0x00404c4c                xPortStartScheduler
                0x00404d10                vPortValidateInterruptPriority
 .text          0x00404d6c       0x8c ./FreeRTOS/Source/portable/MemMang/heap_1.o
                0x00404d6c                pvPortMalloc
                0x00404dc0                vPortFree
                0x00404dda                vPortInitialiseBlocks
                0x00404de8                xPortGetFreeHeapSize
 .text          0x00404df8        0x0 ./Project_Settings/Startup_Code/Vector_Table.o
 .text          0x00404df8        0x0 ./Project_Settings/Startup_Code/exceptions.o
 .text          0x00404df8        0x0 ./Project_Settings/Startup_Code/nvic.o
 .text          0x00404df8        0x0 ./Project_Settings/Startup_Code/startup.o
 .text          0x00404df8        0x0 ./Project_Settings/Startup_Code/startup_cm7.o
 .text          0x00404df8       0x10 ./Project_Settings/Startup_Code/system.o
                0x00404df8                Sys_GetCoreID
 .text          0x00404e08        0x0 ./RTD/src/Clock_Ip.o
 .text          0x00404e08        0x0 ./RTD/src/Clock_Ip_Data.o
 .text          0x00404e08        0x0 ./RTD/src/Clock_Ip_Divider.o
 .text          0x00404e08        0x0 ./RTD/src/Clock_Ip_DividerTrigger.o
 .text          0x00404e08        0x0 ./RTD/src/Clock_Ip_ExtOsc.o
 .text          0x00404e08        0x0 ./RTD/src/Clock_Ip_FracDiv.o
 .text          0x00404e08        0x0 ./RTD/src/Clock_Ip_Frequency.o
 .text          0x00404e08        0x0 ./RTD/src/Clock_Ip_Gate.o
 .text          0x00404e08        0x0 ./RTD/src/Clock_Ip_IntOsc.o
 .text          0x00404e08        0x0 ./RTD/src/Clock_Ip_Irq.o
 .text          0x00404e08        0x0 ./RTD/src/Clock_Ip_Monitor.o
 .text          0x00404e08        0x0 ./RTD/src/Clock_Ip_Pll.o
 .text          0x00404e08        0x0 ./RTD/src/Clock_Ip_ProgFreqSwitch.o
 .text          0x00404e08        0x0 ./RTD/src/Clock_Ip_Selector.o
 .text          0x00404e08        0x0 ./RTD/src/Clock_Ip_Specific.o
 .text          0x00404e08        0x0 ./RTD/src/Det.o
 .text          0x00404e08        0x0 ./RTD/src/Det_stub.o
 .text          0x00404e08        0x0 ./RTD/src/Flexio_Mcl_Ip.o
 .text          0x00404e08        0x0 ./RTD/src/Flexio_Mcl_Ip_HwAccess.o
 .text          0x00404e08        0x0 ./RTD/src/Flexio_Mcl_Ip_Irq.o
 .text          0x00404e08       0x14 ./RTD/src/Flexio_Spi_Ip.o
 .text          0x00404e1c        0x0 ./RTD/src/Flexio_Spi_Ip_Irq.o
 .text          0x00404e1c        0x0 ./RTD/src/Igf_Port_Ip.o
 .text          0x00404e1c       0x14 ./RTD/src/IntCtrl_Ip.o
 .text          0x00404e30       0x14 ./RTD/src/Lpspi_Ip.o
 .text          0x00404e44        0x0 ./RTD/src/Lpspi_Ip_Irq.o
 .text          0x00404e44       0x14 ./RTD/src/Lpuart_Uart_Ip.o
 .text          0x00404e58        0x0 ./RTD/src/Lpuart_Uart_Ip_Irq.o
 .text          0x00404e58        0x0 ./RTD/src/OsIf_Interrupts.o
 .text          0x00404e58        0x0 ./RTD/src/OsIf_Timer.o
 .text          0x00404e58        0x0 ./RTD/src/OsIf_Timer_System.o
 .text          0x00404e58        0x0 ./RTD/src/OsIf_Timer_System_Internal_Systick.o
 .text          0x00404e58        0x6 ./RTD/src/SchM_Dio.o
                0x00404e58                Dio_schm_read_msr
 .text          0x00404e5e        0x6 ./RTD/src/SchM_Mcl.o
                0x00404e5e                Mcl_schm_read_msr
 .text          0x00404e64        0x6 ./RTD/src/SchM_Mcu.o
                0x00404e64                Mcu_schm_read_msr
 .text          0x00404e6a        0x6 ./RTD/src/SchM_Port.o
                0x00404e6a                Port_schm_read_msr
 .text          0x00404e70        0x6 ./RTD/src/SchM_Spi.o
                0x00404e70                Spi_schm_read_msr
 .text          0x00404e76        0x6 ./RTD/src/SchM_Uart.o
                0x00404e76                Uart_schm_read_msr
 .text          0x00404e7c       0x14 ./RTD/src/Siul2_Dio_Ip.o
 .text          0x00404e90       0x14 ./RTD/src/Siul2_Port_Ip.o
 .text          0x00404ea4        0x0 ./RTD/src/Tspc_Port_Ip.o
 .text          0x00404ea4        0x0 ./board/Siul2_Port_Ip_Cfg.o
 .text          0x00404ea4        0x0 ./board/Tspc_Port_Ip_Cfg.o
 .text          0x00404ea4        0x0 ./generate/src/Clock_Ip_Cfg.o
 .text          0x00404ea4        0x0 ./generate/src/Flexio_Mcl_Ip_PBcfg.o
 .text          0x00404ea4        0x0 ./generate/src/Flexio_Spi_Ip_Sa_PBcfg.o
 .text          0x00404ea4        0x0 ./generate/src/Igf_Port_Ip_Cfg.o
 .text          0x00404ea4        0x0 ./generate/src/IntCtrl_Ip_Cfg.o
 .text          0x00404ea4        0x0 ./generate/src/Lpspi_Ip_Sa_PBcfg.o
 .text          0x00404ea4        0x0 ./generate/src/Lpuart_Uart_Ip_Sa_PBcfg.o
 .text          0x00404ea4        0x0 ./generate/src/OsIf_Cfg.o
 .text          0x00404ea4      0x190 ./src/main.o
                0x00404ea4                vTimerCallback
                0x00404eb8                uint8_to_str
                0x00404ec8                UART_send_byte
                0x00404ee2                print
                0x00404f14                CheckSpeedTask
                0x00404f68                TaskCodeC
                0x00404f88                Motor_Sensor_ReadValue
                0x00404fac                ReadSpeedTask
                0x0040501c                TestMPU
 .text          0x00405034        0x0 c:/nxp/s32ds.3.5/s32ds/build_tools/gcc_v10.2/gcc-10.2-arm32-eabi/bin/../lib/gcc/arm-none-eabi/10.2.0/../../../../arm-none-eabi/lib/thumb/v7e-m+fp/hard\libc_nano.a(lib_a-memcpy-stub.o)
 .text          0x00405034        0x0 c:/nxp/s32ds.3.5/s32ds/build_tools/gcc_v10.2/gcc-10.2-arm32-eabi/bin/../lib/gcc/arm-none-eabi/10.2.0/../../../../arm-none-eabi/lib/thumb/v7e-m+fp/hard\libc_nano.a(lib_a-memmove.o)
 .text          0x00405034        0x0 c:/nxp/s32ds.3.5/s32ds/build_tools/gcc_v10.2/gcc-10.2-arm32-eabi/bin/../lib/gcc/arm-none-eabi/10.2.0/../../../../arm-none-eabi/lib/thumb/v7e-m+fp/hard\libc_nano.a(lib_a-memset.o)
 .text          0x00405034        0x0 c:/nxp/s32ds.3.5/s32ds/build_tools/gcc_v10.2/gcc-10.2-arm32-eabi/bin/../lib/gcc/arm-none-eabi/10.2.0/../../../../arm-none-eabi/lib/thumb/v7e-m+fp/hard\libc_nano.a(lib_a-sprintf.o)
 .text          0x00405034        0x0 c:/nxp/s32ds.3.5/s32ds/build_tools/gcc_v10.2/gcc-10.2-arm32-eabi/bin/../lib/gcc/arm-none-eabi/10.2.0/../../../../arm-none-eabi/lib/thumb/v7e-m+fp/hard\libc_nano.a(lib_a-strcpy.o)
 .text          0x00405034       0x10 c:/nxp/s32ds.3.5/s32ds/build_tools/gcc_v10.2/gcc-10.2-arm32-eabi/bin/../lib/gcc/arm-none-eabi/10.2.0/../../../../arm-none-eabi/lib/thumb/v7e-m+fp/hard\libc_nano.a(lib_a-strlen.o)
                0x00405034                strlen
 .text          0x00405044        0x0 c:/nxp/s32ds.3.5/s32ds/build_tools/gcc_v10.2/gcc-10.2-arm32-eabi/bin/../lib/gcc/arm-none-eabi/10.2.0/../../../../arm-none-eabi/lib/thumb/v7e-m+fp/hard\libc_nano.a(lib_a-impure.o)
 .text          0x00405044        0x0 c:/nxp/s32ds.3.5/s32ds/build_tools/gcc_v10.2/gcc-10.2-arm32-eabi/bin/../lib/gcc/arm-none-eabi/10.2.0/../../../../arm-none-eabi/lib/thumb/v7e-m+fp/hard\libc_nano.a(lib_a-nano-svfprintf.o)
 .text          0x00405044        0x0 c:/nxp/s32ds.3.5/s32ds/build_tools/gcc_v10.2/gcc-10.2-arm32-eabi/bin/../lib/gcc/arm-none-eabi/10.2.0/../../../../arm-none-eabi/lib/thumb/v7e-m+fp/hard\libc_nano.a(lib_a-nano-vfprintf_i.o)
 *fill*         0x00405044        0xc 
 .text          0x00405050       0xa0 c:/nxp/s32ds.3.5/s32ds/build_tools/gcc_v10.2/gcc-10.2-arm32-eabi/bin/../lib/gcc/arm-none-eabi/10.2.0/../../../../arm-none-eabi/lib/thumb/v7e-m+fp/hard\libc_nano.a(lib_a-memchr.o)
                0x00405050                memchr
 .text          0x004050f0        0x0 c:/nxp/s32ds.3.5/s32ds/build_tools/gcc_v10.2/gcc-10.2-arm32-eabi/bin/../lib/gcc/arm-none-eabi/10.2.0/../../../../arm-none-eabi/lib/thumb/v7e-m+fp/hard\libc_nano.a(lib_a-nano-freer.o)
 .text          0x004050f0        0x0 c:/nxp/s32ds.3.5/s32ds/build_tools/gcc_v10.2/gcc-10.2-arm32-eabi/bin/../lib/gcc/arm-none-eabi/10.2.0/../../../../arm-none-eabi/lib/thumb/v7e-m+fp/hard\libc_nano.a(lib_a-nano-mallocr.o)
 .text          0x004050f0        0x0 c:/nxp/s32ds.3.5/s32ds/build_tools/gcc_v10.2/gcc-10.2-arm32-eabi/bin/../lib/gcc/arm-none-eabi/10.2.0/../../../../arm-none-eabi/lib/thumb/v7e-m+fp/hard\libc_nano.a(lib_a-nano-reallocr.o)
 .text          0x004050f0        0x0 c:/nxp/s32ds.3.5/s32ds/build_tools/gcc_v10.2/gcc-10.2-arm32-eabi/bin/../lib/gcc/arm-none-eabi/10.2.0/../../../../arm-none-eabi/lib/thumb/v7e-m+fp/hard\libc_nano.a(lib_a-sbrkr.o)
 .text          0x004050f0        0x0 c:/nxp/s32ds.3.5/s32ds/build_tools/gcc_v10.2/gcc-10.2-arm32-eabi/bin/../lib/gcc/arm-none-eabi/10.2.0/../../../../arm-none-eabi/lib/thumb/v7e-m+fp/hard\libc_nano.a(lib_a-mlock.o)
 .text          0x004050f0        0x0 c:/nxp/s32ds.3.5/s32ds/build_tools/gcc_v10.2/gcc-10.2-arm32-eabi/bin/../lib/gcc/arm-none-eabi/10.2.0/../../../../arm-none-eabi/lib/thumb/v7e-m+fp/hard\libc_nano.a(lib_a-nano-msizer.o)
 .text          0x004050f0        0x0 c:/nxp/s32ds.3.5/s32ds/build_tools/gcc_v10.2/gcc-10.2-arm32-eabi/bin/../lib/gcc/arm-none-eabi/10.2.0/../../../../arm-none-eabi/lib/thumb/v7e-m+fp/hard\libc_nano.a(lib_a-reent.o)
 .text          0x004050f0        0x0 c:/nxp/s32ds.3.5/s32ds/build_tools/gcc_v10.2/gcc-10.2-arm32-eabi/bin/../lib/gcc/arm-none-eabi/10.2.0/../../../../arm-none-eabi/lib/thumb/v7e-m+fp/hard\libnosys.a(sbrk.o)
 *(.text*)
 .text.memcpy   0x004050f0       0x1c c:/nxp/s32ds.3.5/s32ds/build_tools/gcc_v10.2/gcc-10.2-arm32-eabi/bin/../lib/gcc/arm-none-eabi/10.2.0/../../../../arm-none-eabi/lib/thumb/v7e-m+fp/hard\libc_nano.a(lib_a-memcpy-stub.o)
                0x004050f0                memcpy
 .text.memmove  0x0040510c       0x34 c:/nxp/s32ds.3.5/s32ds/build_tools/gcc_v10.2/gcc-10.2-arm32-eabi/bin/../lib/gcc/arm-none-eabi/10.2.0/../../../../arm-none-eabi/lib/thumb/v7e-m+fp/hard\libc_nano.a(lib_a-memmove.o)
                0x0040510c                memmove
 .text.memset   0x00405140       0x10 c:/nxp/s32ds.3.5/s32ds/build_tools/gcc_v10.2/gcc-10.2-arm32-eabi/bin/../lib/gcc/arm-none-eabi/10.2.0/../../../../arm-none-eabi/lib/thumb/v7e-m+fp/hard\libc_nano.a(lib_a-memset.o)
                0x00405140                memset
 .text._sprintf_r
                0x00405150       0x38 c:/nxp/s32ds.3.5/s32ds/build_tools/gcc_v10.2/gcc-10.2-arm32-eabi/bin/../lib/gcc/arm-none-eabi/10.2.0/../../../../arm-none-eabi/lib/thumb/v7e-m+fp/hard\libc_nano.a(lib_a-sprintf.o)
                0x00405150                _sprintf_r
                0x00405150                _siprintf_r
 .text.sprintf  0x00405188       0x40 c:/nxp/s32ds.3.5/s32ds/build_tools/gcc_v10.2/gcc-10.2-arm32-eabi/bin/../lib/gcc/arm-none-eabi/10.2.0/../../../../arm-none-eabi/lib/thumb/v7e-m+fp/hard\libc_nano.a(lib_a-sprintf.o)
                0x00405188                siprintf
                0x00405188                sprintf
 .text.strcpy   0x004051c8       0x10 c:/nxp/s32ds.3.5/s32ds/build_tools/gcc_v10.2/gcc-10.2-arm32-eabi/bin/../lib/gcc/arm-none-eabi/10.2.0/../../../../arm-none-eabi/lib/thumb/v7e-m+fp/hard\libc_nano.a(lib_a-strcpy.o)
                0x004051c8                strcpy
 .text.__ssputs_r
                0x004051d8       0xb6 c:/nxp/s32ds.3.5/s32ds/build_tools/gcc_v10.2/gcc-10.2-arm32-eabi/bin/../lib/gcc/arm-none-eabi/10.2.0/../../../../arm-none-eabi/lib/thumb/v7e-m+fp/hard\libc_nano.a(lib_a-nano-svfprintf.o)
                0x004051d8                __ssputs_r
 .text.__ssprint_r
                0x0040528e       0xf6 c:/nxp/s32ds.3.5/s32ds/build_tools/gcc_v10.2/gcc-10.2-arm32-eabi/bin/../lib/gcc/arm-none-eabi/10.2.0/../../../../arm-none-eabi/lib/thumb/v7e-m+fp/hard\libc_nano.a(lib_a-nano-svfprintf.o)
                0x0040528e                __ssprint_r
 .text._svfprintf_r
                0x00405384      0x200 c:/nxp/s32ds.3.5/s32ds/build_tools/gcc_v10.2/gcc-10.2-arm32-eabi/bin/../lib/gcc/arm-none-eabi/10.2.0/../../../../arm-none-eabi/lib/thumb/v7e-m+fp/hard\libc_nano.a(lib_a-nano-svfprintf.o)
                0x00405384                _svfiprintf_r
                0x00405384                _svfprintf_r
 .text._printf_common
                0x00405584       0xda c:/nxp/s32ds.3.5/s32ds/build_tools/gcc_v10.2/gcc-10.2-arm32-eabi/bin/../lib/gcc/arm-none-eabi/10.2.0/../../../../arm-none-eabi/lib/thumb/v7e-m+fp/hard\libc_nano.a(lib_a-nano-vfprintf_i.o)
                0x00405584                _printf_common
 *fill*         0x0040565e        0x2 
 .text._printf_i
                0x00405660      0x24c c:/nxp/s32ds.3.5/s32ds/build_tools/gcc_v10.2/gcc-10.2-arm32-eabi/bin/../lib/gcc/arm-none-eabi/10.2.0/../../../../arm-none-eabi/lib/thumb/v7e-m+fp/hard\libc_nano.a(lib_a-nano-vfprintf_i.o)
                0x00405660                _printf_i
 .text._free_r  0x004058ac       0x98 c:/nxp/s32ds.3.5/s32ds/build_tools/gcc_v10.2/gcc-10.2-arm32-eabi/bin/../lib/gcc/arm-none-eabi/10.2.0/../../../../arm-none-eabi/lib/thumb/v7e-m+fp/hard\libc_nano.a(lib_a-nano-freer.o)
                0x004058ac                _free_r
 .text._malloc_r
                0x00405944       0xb4 c:/nxp/s32ds.3.5/s32ds/build_tools/gcc_v10.2/gcc-10.2-arm32-eabi/bin/../lib/gcc/arm-none-eabi/10.2.0/../../../../arm-none-eabi/lib/thumb/v7e-m+fp/hard\libc_nano.a(lib_a-nano-mallocr.o)
                0x00405944                _malloc_r
 .text._realloc_r
                0x004059f8       0x4c c:/nxp/s32ds.3.5/s32ds/build_tools/gcc_v10.2/gcc-10.2-arm32-eabi/bin/../lib/gcc/arm-none-eabi/10.2.0/../../../../arm-none-eabi/lib/thumb/v7e-m+fp/hard\libc_nano.a(lib_a-nano-reallocr.o)
                0x004059f8                _realloc_r
 .text._sbrk_r  0x00405a44       0x20 c:/nxp/s32ds.3.5/s32ds/build_tools/gcc_v10.2/gcc-10.2-arm32-eabi/bin/../lib/gcc/arm-none-eabi/10.2.0/../../../../arm-none-eabi/lib/thumb/v7e-m+fp/hard\libc_nano.a(lib_a-sbrkr.o)
                0x00405a44                _sbrk_r
 .text.__malloc_lock
                0x00405a64        0x2 c:/nxp/s32ds.3.5/s32ds/build_tools/gcc_v10.2/gcc-10.2-arm32-eabi/bin/../lib/gcc/arm-none-eabi/10.2.0/../../../../arm-none-eabi/lib/thumb/v7e-m+fp/hard\libc_nano.a(lib_a-mlock.o)
                0x00405a64                __malloc_lock
 .text.__malloc_unlock
                0x00405a66        0x2 c:/nxp/s32ds.3.5/s32ds/build_tools/gcc_v10.2/gcc-10.2-arm32-eabi/bin/../lib/gcc/arm-none-eabi/10.2.0/../../../../arm-none-eabi/lib/thumb/v7e-m+fp/hard\libc_nano.a(lib_a-mlock.o)
                0x00405a66                __malloc_unlock
 .text._malloc_usable_size_r
                0x00405a68       0x10 c:/nxp/s32ds.3.5/s32ds/build_tools/gcc_v10.2/gcc-10.2-arm32-eabi/bin/../lib/gcc/arm-none-eabi/10.2.0/../../../../arm-none-eabi/lib/thumb/v7e-m+fp/hard\libc_nano.a(lib_a-nano-msizer.o)
                0x00405a68                _malloc_usable_size_r
 .text.cleanup_glue
                0x00405a78       0x1a c:/nxp/s32ds.3.5/s32ds/build_tools/gcc_v10.2/gcc-10.2-arm32-eabi/bin/../lib/gcc/arm-none-eabi/10.2.0/../../../../arm-none-eabi/lib/thumb/v7e-m+fp/hard\libc_nano.a(lib_a-reent.o)
                0x00405a78                cleanup_glue
 *fill*         0x00405a92        0x2 
 .text._reclaim_reent
                0x00405a94       0xb8 c:/nxp/s32ds.3.5/s32ds/build_tools/gcc_v10.2/gcc-10.2-arm32-eabi/bin/../lib/gcc/arm-none-eabi/10.2.0/../../../../arm-none-eabi/lib/thumb/v7e-m+fp/hard\libc_nano.a(lib_a-reent.o)
                0x00405a94                _reclaim_reent
 .text._sbrk    0x00405b4c       0x1c c:/nxp/s32ds.3.5/s32ds/build_tools/gcc_v10.2/gcc-10.2-arm32-eabi/bin/../lib/gcc/arm-none-eabi/10.2.0/../../../../arm-none-eabi/lib/thumb/v7e-m+fp/hard\libnosys.a(sbrk.o)
                0x00405b4c                _sbrk
                0x00405b68                . = ALIGN (0x4)
 *(.mcal_text)
 .mcal_text     0x00405b68       0x14 ./Project_Settings/Startup_Code/exceptions.o
                0x00405b68                NMI_Handler
                0x00405b6a                HardFault_Handler
                0x00405b6c                MemManage_Handler
                0x00405b6e                BusFault_Handler
                0x00405b70                UsageFault_Handler
                0x00405b74                DebugMon_Handler
                0x00405b7a                undefined_handler
 .mcal_text     0x00405b7c       0x52 ./Project_Settings/Startup_Code/nvic.o
                0x00405b7c                NVIC_SetPriorityGrouping
                0x00405b90                NVIC_EnableIRQ
                0x00405ba8                NVIC_DisableIRQ
                0x00405bc0                NVIC_SetPriority
 *fill*         0x00405bce        0x2 
 .mcal_text     0x00405bd0       0xe8 ./Project_Settings/Startup_Code/startup.o
                0x00405bd0                init_data_bss
                0x00405c5c                init_data_bss_core2
 .mcal_text     0x00405cb8      0x2f8 ./Project_Settings/Startup_Code/system.o
                0x00405cb8                startup_go_to_user_mode
                0x00405cba                default_interrupt_routine
                0x00405cbc                SystemInit
 .mcal_text     0x00405fb0      0x890 ./RTD/src/Clock_Ip.o
                0x00405fb2                Clock_Ip_InitClock
                0x00406560                Clock_Ip_GetPllStatus
                0x00406604                Clock_Ip_DistributePll
                0x004066f0                Clock_Ip_Init
                0x00406714                Clock_Ip_DisableClockMonitor
                0x00406738                Clock_Ip_InstallNotificationsCallback
                0x00406744                Clock_Ip_DisableModuleClock
                0x0040676c                Clock_Ip_EnableModuleClock
                0x00406794                Clock_Ip_GetClockFrequency
                0x00406798                Clock_Ip_DisableFircInStandby
                0x004067b0                Clock_Ip_EnableFircInStandby
                0x004067c8                Clock_Ip_DisableSircInStandby
                0x004067e0                Clock_Ip_EnableSircInStandby
                0x004067f8                Clock_Ip_ReportClockErrors
                0x00406804                Clock_Ip_StartTimeout
                0x00406824                Clock_Ip_TimeoutExpired
 .mcal_text     0x00406840      0x120 ./RTD/src/Clock_Ip_Divider.o
 .mcal_text     0x00406960       0x9c ./RTD/src/Clock_Ip_DividerTrigger.o
 .mcal_text     0x004069fc      0x1dc ./RTD/src/Clock_Ip_ExtOsc.o
 .mcal_text     0x00406bd8        0x6 ./RTD/src/Clock_Ip_FracDiv.o
 *fill*         0x00406bde        0x2 
 .mcal_text     0x00406be0     0x184c ./RTD/src/Clock_Ip_Frequency.o
                0x004083a0                Clock_Ip_Get_RTC_CLK_Frequency_TrustedCall
                0x004083e0                Clock_Ip_SetExternalOscillatorFrequency
                0x004083fc                Clock_Ip_GetFreq
                0x00408408                Clock_Ip_SetExternalSignalFrequency
 .mcal_text     0x0040842c      0x128 ./RTD/src/Clock_Ip_Gate.o
 .mcal_text     0x00408554      0x104 ./RTD/src/Clock_Ip_IntOsc.o
 .mcal_text     0x00408658        0x4 ./RTD/src/Clock_Ip_Irq.o
                0x00408658                Mcu_Cmu_ClockFail_IRQHandler
 .mcal_text     0x0040865c      0x204 ./RTD/src/Clock_Ip_Monitor.o
                0x00408808                Clock_Ip_CMU_GetInterruptStatus
                0x0040881c                Clock_Ip_CMU_ClockFailInt
 .mcal_text     0x00408860      0x1c8 ./RTD/src/Clock_Ip_Pll.o
 .mcal_text     0x00408a28      0x154 ./RTD/src/Clock_Ip_ProgFreqSwitch.o
 .mcal_text     0x00408b7c      0x3dc ./RTD/src/Clock_Ip_Selector.o
                0x00408f2c                Clock_Ip_SetRtcRtccClksel_TrustedCall
 .mcal_text     0x00408f58      0x32c ./RTD/src/Clock_Ip_Specific.o
                0x00408f58                Clock_Ip_McMeEnterKey
                0x00408f6c                Clock_Ip_PowerClockIpModules
                0x004091d0                DisableFircInStandbyMode
                0x004091e0                EnableFircInStandbyMode
                0x004091fc                DisableSircInStandbyMode
                0x0040920c                EnableSircInStandbyMode
                0x00409228                Clock_Ip_Command
                0x00409278                Clock_Ip_FLASH_SetFlashIWS
                0x0040927c                Clock_Ip_SetFlashWaitStates
                0x00409280                Clock_Ip_SetRamWaitStates
 .mcal_text     0x00409284       0xa4 ./RTD/src/Det.o
                0x00409284                Det_Init
                0x00409286                Det_ReportError
                0x004092bc                Det_ReportRuntimeError
                0x004092f0                Det_ReportTransientFault
                0x00409324                Det_Start
 .mcal_text     0x00409328      0x21c ./RTD/src/Det_stub.o
                0x00409328                Det_TestLastReportError
                0x00409390                Det_TestLastReportRuntimeError
                0x004093f8                Det_TestLastReportTransientFault
                0x00409460                Det_TestNoError
                0x004094ac                Det_TestNoRuntimeError
                0x004094f8                Det_TestNoTransientFault
 .mcal_text     0x00409544       0x4c ./RTD/src/Flexio_Mcl_Ip.o
                0x00409544                Flexio_Mcl_Ip_InitDevice
                0x00409574                Flexio_Mcl_Ip_DeinitDevice
 .mcal_text     0x00409590      0x192 ./RTD/src/Flexio_Mcl_Ip_HwAccess.o
                0x00409590                Flexio_Mcl_Ip_SetSoftwareReset
                0x004095b4                Flexio_Mcl_Ip_SetDebugEnable
                0x004095da                Flexio_Mcl_Ip_SetEnable
                0x004095f6                Flexio_Mcl_Ip_GetShifterStatus
                0x00409600                Flexio_Mcl_Ip_GetAllShifterStatus
                0x00409604                Flexio_Mcl_Ip_ClearShifterStatus
                0x0040960e                Flexio_Mcl_Ip_GetShifterErrorStatus
                0x00409618                Flexio_Mcl_Ip_GetAllShifterErrorStatus
                0x0040961c                Flexio_Mcl_Ip_ClearShifterErrorStatus
                0x00409626                Flexio_Mcl_Ip_GetTimerStatus
                0x00409630                Flexio_Mcl_Ip_GetTimerInterruptEnable
                0x0040963a                Flexio_Mcl_Ip_GetAllTimerStatus
                0x0040963e                Flexio_Mcl_Ip_ClearTimerStatus
                0x00409648                Flexio_Mcl_Ip_GetAllShifterInterrupt
                0x0040964c                Flexio_Mcl_Ip_GetAllShifterErrorInterrupt
                0x00409650                Flexio_Mcl_Ip_SetShifterErrorInterrupt
                0x00409672                Flexio_Mcl_Ip_SetShifterInterrupt
                0x00409694                Flexio_Mcl_Ip_GetAllPinsStatus
                0x00409698                Flexio_Mcl_Ip_GetAllPinsInterrupt
                0x0040969c                Flexio_Mcl_Ip_SetShifterDMARequest
                0x004096be                Flexio_Mcl_Ip_GetAllTimerInterrupt
                0x004096c2                Flexio_Mcl_Ip_SetTimerInterrupt
                0x004096e4                Flexio_Mcl_Ip_Init
                0x004096f4                Flexio_Mcl_Ip_SetTimerDMARequest
                0x00409716                Flexio_Mcl_Ip_ClearPinStatus
 *fill*         0x00409722        0x2 
 .mcal_text     0x00409724       0x84 ./RTD/src/Flexio_Mcl_Ip_Irq.o
                0x00409724                MCL_FLEXIO_ISR
 .mcal_text     0x004097a8      0x868 ./RTD/src/Flexio_Spi_Ip.o
                0x00409a70                Flexio_Spi_Ip_DeInit
                0x00409aa4                Flexio_Spi_Ip_SyncTransmit
                0x00409c2c                Flexio_Spi_Ip_AsyncTransmit
                0x00409ce8                Flexio_Spi_Ip_ManageBuffers
                0x00409d88                Flexio_Spi_Ip_UpdateFrameSize
                0x00409dd4                Flexio_Spi_Ip_UpdateLsb
                0x00409e08                Flexio_Spi_Ip_UpdateDefaultTransmitData
                0x00409e3c                Flexio_Spi_Ip_UpdateTransferMode
                0x00409e6c                Flexio_Spi_Ip_Init
                0x00409ec0                Flexio_Spi_Ip_Cancel
                0x00409f74                Flexio_Spi_Ip_IrqHandler
                0x00409fec                Flexio_Spi_Ip_GetStatus
 .mcal_text     0x0040a010      0x358 ./RTD/src/IntCtrl_Ip.o
                0x0040a010                IntCtrl_Ip_InstallHandlerPrivileged
                0x0040a060                IntCtrl_Ip_EnableIrqPrivileged
                0x0040a090                IntCtrl_Ip_DisableIrqPrivileged
                0x0040a0c0                IntCtrl_Ip_SetPriorityPrivileged
                0x0040a0f4                IntCtrl_Ip_GetPriorityPrivileged
                0x0040a118                IntCtrl_Ip_ClearPendingPrivileged
                0x0040a148                IntCtrl_Ip_SetPendingPrivileged
                0x0040a178                IntCtrl_Ip_GetPendingPrivileged
                0x0040a1a8                IntCtrl_Ip_GetActivePrivileged
                0x0040a1d8                IntCtrl_Ip_ClearDirectedCpuInterruptPrivileged
                0x0040a20c                IntCtrl_Ip_GetDirectedCpuInterruptPrivileged
                0x0040a244                IntCtrl_Ip_GenerateDirectedCpuInterruptPrivileged
                0x0040a2ac                IntCtrl_Ip_Init
                0x0040a318                IntCtrl_Ip_InstallHandler
                0x0040a31c                IntCtrl_Ip_EnableIrq
                0x0040a320                IntCtrl_Ip_DisableIrq
                0x0040a324                IntCtrl_Ip_SetPriority
                0x0040a328                IntCtrl_Ip_GetPriority
                0x0040a32c                IntCtrl_Ip_ClearPending
                0x0040a330                IntCtrl_Ip_SetPending
                0x0040a334                IntCtrl_Ip_GetPending
                0x0040a342                IntCtrl_Ip_GetActive
                0x0040a350                IntCtrl_Ip_ClearDirectedCpuInterrupt
                0x0040a354                IntCtrl_Ip_GetDirectedCpuInterrupt
                0x0040a362                IntCtrl_Ip_GenerateDirectedCpuInterrupt
 .mcal_text     0x0040a368      0xf8c ./RTD/src/Lpspi_Ip.o
                0x0040a996                Lpspi_Ip_DeInit
                0x0040a9e0                Lpspi_Ip_SyncTransmit
                0x0040ac54                Lpspi_Ip_SyncTransmitHalfDuplex
                0x0040aefc                Lpspi_Ip_AsyncTransmit
                0x0040afa8                Lpspi_Ip_AsyncTransmitHalfDuplex
                0x0040b080                Lpspi_Ip_ManageBuffers
                0x0040b0e4                Lpspi_Ip_UpdateFrameSize
                0x0040b130                Lpspi_Ip_UpdateLsb
                0x0040b164                Lpspi_Ip_UpdateDefaultTransmitData
                0x0040b198                Lpspi_Ip_UpdateTransferMode
                0x0040b1cc                Lpspi_Ip_Init
                0x0040b234                Lpspi_Ip_Cancel
                0x0040b294                Lpspi_Ip_IrqHandler
                0x0040b2d4                Lpspi_Ip_GetStatus
 .mcal_text     0x0040b2f4        0xc ./RTD/src/Lpspi_Ip_Irq.o
                0x0040b2f4                Lpspi_Ip_LPSPI_1_IRQHandler
                0x0040b2fa                Lpspi_Ip_LPSPI_2_IRQHandler
 .mcal_text     0x0040b300      0xdd4 ./RTD/src/Lpuart_Uart_Ip.o
                0x0040b564                Lpuart_Uart_Ip_Init
                0x0040b6b4                Lpuart_Uart_Ip_Deinit
                0x0040b758                Lpuart_Uart_Ip_SyncSend
                0x0040b844                Lpuart_Uart_Ip_AsyncSend
                0x0040b904                Lpuart_Uart_Ip_GetTransmitStatus
                0x0040b96c                Lpuart_Uart_Ip_AbortSendingData
                0x0040b9d4                Lpuart_Uart_Ip_SyncReceive
                0x0040bb48                Lpuart_Uart_Ip_AsyncReceive
                0x0040bc40                Lpuart_Uart_Ip_GetReceiveStatus
                0x0040bca8                Lpuart_Uart_Ip_AbortReceivingData
                0x0040bd20                Lpuart_Uart_Ip_SetBaudRate
                0x0040be20                Lpuart_Uart_Ip_GetBaudRate
                0x0040be4c                Lpuart_Uart_Ip_SetTxBuffer
                0x0040be80                Lpuart_Uart_Ip_SetRxBuffer
                0x0040beb4                Lpuart_Uart_Ip_IrqHandler
 .mcal_text     0x0040c0d4        0x6 ./RTD/src/Lpuart_Uart_Ip_Irq.o
                0x0040c0d4                LPUART_UART_IP_3_IRQHandler
 .mcal_text     0x0040c0da       0x1e ./RTD/src/OsIf_Timer.o
                0x0040c0da                OsIf_Init
                0x0040c0e2                OsIf_GetCounter
                0x0040c0e6                OsIf_GetElapsed
                0x0040c0ee                OsIf_SetTimerFrequency
                0x0040c0f0                OsIf_MicrosToTicks
 .mcal_text     0x0040c0f8       0x42 ./RTD/src/OsIf_Timer_System_Internal_Systick.o
                0x0040c0f8                OsIf_Timer_System_Internal_Init
                0x0040c10e                OsIf_Timer_System_Internal_GetCounter
                0x0040c11a                OsIf_Timer_System_Internal_GetElapsed
 *fill*         0x0040c13a        0x2 
 .mcal_text     0x0040c13c       0xc8 ./RTD/src/SchM_Dio.o
                0x0040c13c                SchM_Enter_Dio_DIO_EXCLUSIVE_AREA_00
                0x0040c170                SchM_Exit_Dio_DIO_EXCLUSIVE_AREA_00
                0x0040c1a0                SchM_Enter_Dio_DIO_EXCLUSIVE_AREA_01
                0x0040c1d4                SchM_Exit_Dio_DIO_EXCLUSIVE_AREA_01
 .mcal_text     0x0040c204     0x125c ./RTD/src/SchM_Mcl.o
                0x0040c204                SchM_Enter_Mcl_MCL_EXCLUSIVE_AREA_00
                0x0040c238                SchM_Exit_Mcl_MCL_EXCLUSIVE_AREA_00
                0x0040c268                SchM_Enter_Mcl_MCL_EXCLUSIVE_AREA_01
                0x0040c29c                SchM_Exit_Mcl_MCL_EXCLUSIVE_AREA_01
                0x0040c2cc                SchM_Enter_Mcl_MCL_EXCLUSIVE_AREA_02
                0x0040c300                SchM_Exit_Mcl_MCL_EXCLUSIVE_AREA_02
                0x0040c330                SchM_Enter_Mcl_MCL_EXCLUSIVE_AREA_03
                0x0040c364                SchM_Exit_Mcl_MCL_EXCLUSIVE_AREA_03
                0x0040c394                SchM_Enter_Mcl_MCL_EXCLUSIVE_AREA_04
                0x0040c3c8                SchM_Exit_Mcl_MCL_EXCLUSIVE_AREA_04
                0x0040c3f8                SchM_Enter_Mcl_MCL_EXCLUSIVE_AREA_05
                0x0040c42c                SchM_Exit_Mcl_MCL_EXCLUSIVE_AREA_05
                0x0040c45c                SchM_Enter_Mcl_MCL_EXCLUSIVE_AREA_06
                0x0040c490                SchM_Exit_Mcl_MCL_EXCLUSIVE_AREA_06
                0x0040c4c0                SchM_Enter_Mcl_MCL_EXCLUSIVE_AREA_07
                0x0040c4f4                SchM_Exit_Mcl_MCL_EXCLUSIVE_AREA_07
                0x0040c524                SchM_Enter_Mcl_MCL_EXCLUSIVE_AREA_08
                0x0040c558                SchM_Exit_Mcl_MCL_EXCLUSIVE_AREA_08
                0x0040c588                SchM_Enter_Mcl_MCL_EXCLUSIVE_AREA_09
                0x0040c5bc                SchM_Exit_Mcl_MCL_EXCLUSIVE_AREA_09
                0x0040c5ec                SchM_Enter_Mcl_MCL_EXCLUSIVE_AREA_10
                0x0040c620                SchM_Exit_Mcl_MCL_EXCLUSIVE_AREA_10
                0x0040c650                SchM_Enter_Mcl_MCL_EXCLUSIVE_AREA_11
                0x0040c684                SchM_Exit_Mcl_MCL_EXCLUSIVE_AREA_11
                0x0040c6b4                SchM_Enter_Mcl_MCL_EXCLUSIVE_AREA_12
                0x0040c6e8                SchM_Exit_Mcl_MCL_EXCLUSIVE_AREA_12
                0x0040c718                SchM_Enter_Mcl_MCL_EXCLUSIVE_AREA_13
                0x0040c74c                SchM_Exit_Mcl_MCL_EXCLUSIVE_AREA_13
                0x0040c77c                SchM_Enter_Mcl_MCL_EXCLUSIVE_AREA_14
                0x0040c7b0                SchM_Exit_Mcl_MCL_EXCLUSIVE_AREA_14
                0x0040c7e0                SchM_Enter_Mcl_MCL_EXCLUSIVE_AREA_15
                0x0040c814                SchM_Exit_Mcl_MCL_EXCLUSIVE_AREA_15
                0x0040c844                SchM_Enter_Mcl_MCL_EXCLUSIVE_AREA_16
                0x0040c878                SchM_Exit_Mcl_MCL_EXCLUSIVE_AREA_16
                0x0040c8a8                SchM_Enter_Mcl_MCL_EXCLUSIVE_AREA_17
                0x0040c8dc                SchM_Exit_Mcl_MCL_EXCLUSIVE_AREA_17
                0x0040c90c                SchM_Enter_Mcl_MCL_EXCLUSIVE_AREA_18
                0x0040c940                SchM_Exit_Mcl_MCL_EXCLUSIVE_AREA_18
                0x0040c970                SchM_Enter_Mcl_MCL_EXCLUSIVE_AREA_19
                0x0040c9a4                SchM_Exit_Mcl_MCL_EXCLUSIVE_AREA_19
                0x0040c9d4                SchM_Enter_Mcl_MCL_EXCLUSIVE_AREA_20
                0x0040ca08                SchM_Exit_Mcl_MCL_EXCLUSIVE_AREA_20
                0x0040ca38                SchM_Enter_Mcl_MCL_EXCLUSIVE_AREA_21
                0x0040ca6c                SchM_Exit_Mcl_MCL_EXCLUSIVE_AREA_21
                0x0040ca9c                SchM_Enter_Mcl_MCL_EXCLUSIVE_AREA_22
                0x0040cad0                SchM_Exit_Mcl_MCL_EXCLUSIVE_AREA_22
                0x0040cb00                SchM_Enter_Mcl_MCL_EXCLUSIVE_AREA_23
                0x0040cb34                SchM_Exit_Mcl_MCL_EXCLUSIVE_AREA_23
                0x0040cb64                SchM_Enter_Mcl_MCL_EXCLUSIVE_AREA_24
                0x0040cb98                SchM_Exit_Mcl_MCL_EXCLUSIVE_AREA_24
                0x0040cbc8                SchM_Enter_Mcl_MCL_EXCLUSIVE_AREA_25
                0x0040cbfc                SchM_Exit_Mcl_MCL_EXCLUSIVE_AREA_25
                0x0040cc2c                SchM_Enter_Mcl_MCL_EXCLUSIVE_AREA_26
                0x0040cc60                SchM_Exit_Mcl_MCL_EXCLUSIVE_AREA_26
                0x0040cc90                SchM_Enter_Mcl_MCL_EXCLUSIVE_AREA_27
                0x0040ccc4                SchM_Exit_Mcl_MCL_EXCLUSIVE_AREA_27
                0x0040ccf4                SchM_Enter_Mcl_MCL_EXCLUSIVE_AREA_28
                0x0040cd28                SchM_Exit_Mcl_MCL_EXCLUSIVE_AREA_28
                0x0040cd58                SchM_Enter_Mcl_MCL_EXCLUSIVE_AREA_29
                0x0040cd8c                SchM_Exit_Mcl_MCL_EXCLUSIVE_AREA_29
                0x0040cdbc                SchM_Enter_Mcl_MCL_EXCLUSIVE_AREA_30
                0x0040cdf0                SchM_Exit_Mcl_MCL_EXCLUSIVE_AREA_30
                0x0040ce20                SchM_Enter_Mcl_MCL_EXCLUSIVE_AREA_31
                0x0040ce54                SchM_Exit_Mcl_MCL_EXCLUSIVE_AREA_31
                0x0040ce84                SchM_Enter_Mcl_MCL_EXCLUSIVE_AREA_32
                0x0040ceb8                SchM_Exit_Mcl_MCL_EXCLUSIVE_AREA_32
                0x0040cee8                SchM_Enter_Mcl_MCL_EXCLUSIVE_AREA_33
                0x0040cf1c                SchM_Exit_Mcl_MCL_EXCLUSIVE_AREA_33
                0x0040cf4c                SchM_Enter_Mcl_MCL_EXCLUSIVE_AREA_34
                0x0040cf80                SchM_Exit_Mcl_MCL_EXCLUSIVE_AREA_34
                0x0040cfb0                SchM_Enter_Mcl_MCL_EXCLUSIVE_AREA_35
                0x0040cfe4                SchM_Exit_Mcl_MCL_EXCLUSIVE_AREA_35
                0x0040d014                SchM_Enter_Mcl_MCL_EXCLUSIVE_AREA_36
                0x0040d048                SchM_Exit_Mcl_MCL_EXCLUSIVE_AREA_36
                0x0040d078                SchM_Enter_Mcl_MCL_EXCLUSIVE_AREA_37
                0x0040d0ac                SchM_Exit_Mcl_MCL_EXCLUSIVE_AREA_37
                0x0040d0dc                SchM_Enter_Mcl_MCL_EXCLUSIVE_AREA_38
                0x0040d110                SchM_Exit_Mcl_MCL_EXCLUSIVE_AREA_38
                0x0040d140                SchM_Enter_Mcl_MCL_EXCLUSIVE_AREA_39
                0x0040d174                SchM_Exit_Mcl_MCL_EXCLUSIVE_AREA_39
                0x0040d1a4                SchM_Enter_Mcl_MCL_EXCLUSIVE_AREA_40
                0x0040d1d8                SchM_Exit_Mcl_MCL_EXCLUSIVE_AREA_40
                0x0040d208                SchM_Enter_Mcl_MCL_EXCLUSIVE_AREA_41
                0x0040d23c                SchM_Exit_Mcl_MCL_EXCLUSIVE_AREA_41
                0x0040d26c                SchM_Enter_Mcl_MCL_EXCLUSIVE_AREA_42
                0x0040d2a0                SchM_Exit_Mcl_MCL_EXCLUSIVE_AREA_42
                0x0040d2d0                SchM_Enter_Mcl_MCL_EXCLUSIVE_AREA_43
                0x0040d304                SchM_Exit_Mcl_MCL_EXCLUSIVE_AREA_43
                0x0040d334                SchM_Enter_Mcl_MCL_EXCLUSIVE_AREA_44
                0x0040d368                SchM_Exit_Mcl_MCL_EXCLUSIVE_AREA_44
                0x0040d398                SchM_Enter_Mcl_MCL_EXCLUSIVE_AREA_45
                0x0040d3cc                SchM_Exit_Mcl_MCL_EXCLUSIVE_AREA_45
                0x0040d3fc                SchM_Enter_Mcl_MCL_EXCLUSIVE_AREA_46
                0x0040d430                SchM_Exit_Mcl_MCL_EXCLUSIVE_AREA_46
 .mcal_text     0x0040d460      0x12c ./RTD/src/SchM_Mcu.o
                0x0040d460                SchM_Enter_Mcu_MCU_EXCLUSIVE_AREA_00
                0x0040d494                SchM_Exit_Mcu_MCU_EXCLUSIVE_AREA_00
                0x0040d4c4                SchM_Enter_Mcu_MCU_EXCLUSIVE_AREA_01
                0x0040d4f8                SchM_Exit_Mcu_MCU_EXCLUSIVE_AREA_01
                0x0040d528                SchM_Enter_Mcu_MCU_EXCLUSIVE_AREA_02
                0x0040d55c                SchM_Exit_Mcu_MCU_EXCLUSIVE_AREA_02
 .mcal_text     0x0040d58c      0xaf0 ./RTD/src/SchM_Port.o
                0x0040d58c                SchM_Enter_Port_PORT_EXCLUSIVE_AREA_00
                0x0040d5c0                SchM_Exit_Port_PORT_EXCLUSIVE_AREA_00
                0x0040d5f0                SchM_Enter_Port_PORT_EXCLUSIVE_AREA_01
                0x0040d624                SchM_Exit_Port_PORT_EXCLUSIVE_AREA_01
                0x0040d654                SchM_Enter_Port_PORT_EXCLUSIVE_AREA_02
                0x0040d688                SchM_Exit_Port_PORT_EXCLUSIVE_AREA_02
                0x0040d6b8                SchM_Enter_Port_PORT_EXCLUSIVE_AREA_03
                0x0040d6ec                SchM_Exit_Port_PORT_EXCLUSIVE_AREA_03
                0x0040d71c                SchM_Enter_Port_PORT_EXCLUSIVE_AREA_04
                0x0040d750                SchM_Exit_Port_PORT_EXCLUSIVE_AREA_04
                0x0040d780                SchM_Enter_Port_PORT_EXCLUSIVE_AREA_05
                0x0040d7b4                SchM_Exit_Port_PORT_EXCLUSIVE_AREA_05
                0x0040d7e4                SchM_Enter_Port_PORT_EXCLUSIVE_AREA_06
                0x0040d818                SchM_Exit_Port_PORT_EXCLUSIVE_AREA_06
                0x0040d848                SchM_Enter_Port_PORT_EXCLUSIVE_AREA_07
                0x0040d87c                SchM_Exit_Port_PORT_EXCLUSIVE_AREA_07
                0x0040d8ac                SchM_Enter_Port_PORT_EXCLUSIVE_AREA_08
                0x0040d8e0                SchM_Exit_Port_PORT_EXCLUSIVE_AREA_08
                0x0040d910                SchM_Enter_Port_PORT_EXCLUSIVE_AREA_09
                0x0040d944                SchM_Exit_Port_PORT_EXCLUSIVE_AREA_09
                0x0040d974                SchM_Enter_Port_PORT_EXCLUSIVE_AREA_10
                0x0040d9a8                SchM_Exit_Port_PORT_EXCLUSIVE_AREA_10
                0x0040d9d8                SchM_Enter_Port_PORT_EXCLUSIVE_AREA_11
                0x0040da0c                SchM_Exit_Port_PORT_EXCLUSIVE_AREA_11
                0x0040da3c                SchM_Enter_Port_PORT_EXCLUSIVE_AREA_12
                0x0040da70                SchM_Exit_Port_PORT_EXCLUSIVE_AREA_12
                0x0040daa0                SchM_Enter_Port_PORT_EXCLUSIVE_AREA_13
                0x0040dad4                SchM_Exit_Port_PORT_EXCLUSIVE_AREA_13
                0x0040db04                SchM_Enter_Port_PORT_EXCLUSIVE_AREA_14
                0x0040db38                SchM_Exit_Port_PORT_EXCLUSIVE_AREA_14
                0x0040db68                SchM_Enter_Port_PORT_EXCLUSIVE_AREA_15
                0x0040db9c                SchM_Exit_Port_PORT_EXCLUSIVE_AREA_15
                0x0040dbcc                SchM_Enter_Port_PORT_EXCLUSIVE_AREA_16
                0x0040dc00                SchM_Exit_Port_PORT_EXCLUSIVE_AREA_16
                0x0040dc30                SchM_Enter_Port_PORT_EXCLUSIVE_AREA_17
                0x0040dc64                SchM_Exit_Port_PORT_EXCLUSIVE_AREA_17
                0x0040dc94                SchM_Enter_Port_PORT_EXCLUSIVE_AREA_18
                0x0040dcc8                SchM_Exit_Port_PORT_EXCLUSIVE_AREA_18
                0x0040dcf8                SchM_Enter_Port_PORT_EXCLUSIVE_AREA_19
                0x0040dd2c                SchM_Exit_Port_PORT_EXCLUSIVE_AREA_19
                0x0040dd5c                SchM_Enter_Port_PORT_EXCLUSIVE_AREA_20
                0x0040dd90                SchM_Exit_Port_PORT_EXCLUSIVE_AREA_20
                0x0040ddc0                SchM_Enter_Port_PORT_EXCLUSIVE_AREA_21
                0x0040ddf4                SchM_Exit_Port_PORT_EXCLUSIVE_AREA_21
                0x0040de24                SchM_Enter_Port_PORT_EXCLUSIVE_AREA_22
                0x0040de58                SchM_Exit_Port_PORT_EXCLUSIVE_AREA_22
                0x0040de88                SchM_Enter_Port_PORT_EXCLUSIVE_AREA_23
                0x0040debc                SchM_Exit_Port_PORT_EXCLUSIVE_AREA_23
                0x0040deec                SchM_Enter_Port_PORT_EXCLUSIVE_AREA_24
                0x0040df20                SchM_Exit_Port_PORT_EXCLUSIVE_AREA_24
                0x0040df50                SchM_Enter_Port_PORT_EXCLUSIVE_AREA_25
                0x0040df84                SchM_Exit_Port_PORT_EXCLUSIVE_AREA_25
                0x0040dfb4                SchM_Enter_Port_PORT_EXCLUSIVE_AREA_26
                0x0040dfe8                SchM_Exit_Port_PORT_EXCLUSIVE_AREA_26
                0x0040e018                SchM_Enter_Port_PORT_EXCLUSIVE_AREA_27
                0x0040e04c                SchM_Exit_Port_PORT_EXCLUSIVE_AREA_27
 .mcal_text     0x0040e07c      0x76c ./RTD/src/SchM_Spi.o
                0x0040e07c                SchM_Enter_Spi_SPI_EXCLUSIVE_AREA_00
                0x0040e0b0                SchM_Exit_Spi_SPI_EXCLUSIVE_AREA_00
                0x0040e0e0                SchM_Enter_Spi_SPI_EXCLUSIVE_AREA_01
                0x0040e114                SchM_Exit_Spi_SPI_EXCLUSIVE_AREA_01
                0x0040e144                SchM_Enter_Spi_SPI_EXCLUSIVE_AREA_02
                0x0040e178                SchM_Exit_Spi_SPI_EXCLUSIVE_AREA_02
                0x0040e1a8                SchM_Enter_Spi_SPI_EXCLUSIVE_AREA_03
                0x0040e1dc                SchM_Exit_Spi_SPI_EXCLUSIVE_AREA_03
                0x0040e20c                SchM_Enter_Spi_SPI_EXCLUSIVE_AREA_04
                0x0040e240                SchM_Exit_Spi_SPI_EXCLUSIVE_AREA_04
                0x0040e270                SchM_Enter_Spi_SPI_EXCLUSIVE_AREA_05
                0x0040e2a4                SchM_Exit_Spi_SPI_EXCLUSIVE_AREA_05
                0x0040e2d4                SchM_Enter_Spi_SPI_EXCLUSIVE_AREA_06
                0x0040e308                SchM_Exit_Spi_SPI_EXCLUSIVE_AREA_06
                0x0040e338                SchM_Enter_Spi_SPI_EXCLUSIVE_AREA_07
                0x0040e36c                SchM_Exit_Spi_SPI_EXCLUSIVE_AREA_07
                0x0040e39c                SchM_Enter_Spi_SPI_EXCLUSIVE_AREA_08
                0x0040e3d0                SchM_Exit_Spi_SPI_EXCLUSIVE_AREA_08
                0x0040e400                SchM_Enter_Spi_SPI_EXCLUSIVE_AREA_09
                0x0040e434                SchM_Exit_Spi_SPI_EXCLUSIVE_AREA_09
                0x0040e464                SchM_Enter_Spi_SPI_EXCLUSIVE_AREA_10
                0x0040e498                SchM_Exit_Spi_SPI_EXCLUSIVE_AREA_10
                0x0040e4c8                SchM_Enter_Spi_SPI_EXCLUSIVE_AREA_11
                0x0040e4fc                SchM_Exit_Spi_SPI_EXCLUSIVE_AREA_11
                0x0040e52c                SchM_Enter_Spi_SPI_EXCLUSIVE_AREA_12
                0x0040e560                SchM_Exit_Spi_SPI_EXCLUSIVE_AREA_12
                0x0040e590                SchM_Enter_Spi_SPI_EXCLUSIVE_AREA_13
                0x0040e5c4                SchM_Exit_Spi_SPI_EXCLUSIVE_AREA_13
                0x0040e5f4                SchM_Enter_Spi_SPI_EXCLUSIVE_AREA_14
                0x0040e628                SchM_Exit_Spi_SPI_EXCLUSIVE_AREA_14
                0x0040e658                SchM_Enter_Spi_SPI_EXCLUSIVE_AREA_15
                0x0040e68c                SchM_Exit_Spi_SPI_EXCLUSIVE_AREA_15
                0x0040e6bc                SchM_Enter_Spi_SPI_EXCLUSIVE_AREA_16
                0x0040e6f0                SchM_Exit_Spi_SPI_EXCLUSIVE_AREA_16
                0x0040e720                SchM_Enter_Spi_SPI_EXCLUSIVE_AREA_17
                0x0040e754                SchM_Exit_Spi_SPI_EXCLUSIVE_AREA_17
                0x0040e784                SchM_Enter_Spi_SPI_EXCLUSIVE_AREA_18
                0x0040e7b8                SchM_Exit_Spi_SPI_EXCLUSIVE_AREA_18
 .mcal_text     0x0040e7e8      0x384 ./RTD/src/SchM_Uart.o
                0x0040e7e8                SchM_Enter_Uart_UART_EXCLUSIVE_AREA_00
                0x0040e81c                SchM_Exit_Uart_UART_EXCLUSIVE_AREA_00
                0x0040e84c                SchM_Enter_Uart_UART_EXCLUSIVE_AREA_01
                0x0040e880                SchM_Exit_Uart_UART_EXCLUSIVE_AREA_01
                0x0040e8b0                SchM_Enter_Uart_UART_EXCLUSIVE_AREA_02
                0x0040e8e4                SchM_Exit_Uart_UART_EXCLUSIVE_AREA_02
                0x0040e914                SchM_Enter_Uart_UART_EXCLUSIVE_AREA_03
                0x0040e948                SchM_Exit_Uart_UART_EXCLUSIVE_AREA_03
                0x0040e978                SchM_Enter_Uart_UART_EXCLUSIVE_AREA_04
                0x0040e9ac                SchM_Exit_Uart_UART_EXCLUSIVE_AREA_04
                0x0040e9dc                SchM_Enter_Uart_UART_EXCLUSIVE_AREA_05
                0x0040ea10                SchM_Exit_Uart_UART_EXCLUSIVE_AREA_05
                0x0040ea40                SchM_Enter_Uart_UART_EXCLUSIVE_AREA_06
                0x0040ea74                SchM_Exit_Uart_UART_EXCLUSIVE_AREA_06
                0x0040eaa4                SchM_Enter_Uart_UART_EXCLUSIVE_AREA_07
                0x0040ead8                SchM_Exit_Uart_UART_EXCLUSIVE_AREA_07
                0x0040eb08                SchM_Enter_Uart_UART_EXCLUSIVE_AREA_08
                0x0040eb3c                SchM_Exit_Uart_UART_EXCLUSIVE_AREA_08
 .mcal_text     0x0040eb6c      0x190 ./RTD/src/Siul2_Dio_Ip.o
                0x0040eba2                Siul2_Dio_Ip_WritePin
                0x0040ebf6                Siul2_Dio_Ip_WritePins
                0x0040ec0e                Siul2_Dio_Ip_GetPinsOutput
                0x0040ec26                Siul2_Dio_Ip_SetPins
                0x0040ec44                Siul2_Dio_Ip_ClearPins
                0x0040ec64                Siul2_Dio_Ip_TogglePins
                0x0040ec82                Siul2_Dio_Ip_ReadPins
                0x0040ec9c                Siul2_Dio_Ip_ReadPin
                0x0040ecce                Siul2_Dio_Ip_MaskedWritePins
 .mcal_text     0x0040ecfc      0x458 ./RTD/src/Siul2_Port_Ip.o
                0x0040ee50                Siul2_Port_Ip_Init
                0x0040ee80                Siul2_Port_Ip_SetPullSel
                0x0040eedc                Siul2_Port_Ip_SetOutputBuffer
                0x0040ef42                Siul2_Port_Ip_SetInputBuffer
                0x0040efb2                Siul2_Port_Ip_SetPinDirection
                0x0040f02a                Siul2_Port_Ip_RevertPinConfiguration
                0x0040f08c                Siul2_Port_Ip_GetPinConfiguration
 .mcal_text     0x0040f154       0xd0 ./RTD/src/Tspc_Port_Ip.o
                0x0040f154                Tspc_Port_Ip_EnableObeGroup
                0x0040f184                Tspc_Port_Ip_ConfigureObeGroup
                0x0040f224                . = ALIGN (0x4)
 *(.acmcu_code_rom)
                0x0040f224                . = ALIGN (0x4)
                0x0040f224                __acfls_code_rom_start = .
 *(.acfls_code_rom)
 .acfls_code_rom
                0x0040f224       0x58 ./RTD/src/Clock_Ip_Specific.o
                0x0040f224                Clock_Ip_PRAMCSetRamIWS
 *fill*         0x0040f27c        0x4 
 .acfls_code_rom.__stub
                0x0040f280        0x8 linker stubs
                0x0040f288                . = ALIGN (0x4)
                0x0040f288                __acfls_code_rom_end = .
 *(.init)
                0x0040f288                . = ALIGN (0x4)
 *(.fini)
                0x0040f288                . = ALIGN (0x4)
 *(.rodata)
 .rodata        0x0040f288        0x5 ./FreeRTOS/Source/tasks.o
 .rodata        0x0040f28d        0x3 ./RTD/src/Clock_Ip_IntOsc.o
 .rodata        0x0040f290       0x30 ./RTD/src/Lpuart_Uart_Ip.o
 .rodata        0x0040f2c0        0x4 ./RTD/src/Siul2_Port_Ip.o
                0x0040f2c0                Port_au32Siul2BaseAddr
 .rodata        0x0040f2c4        0x2 ./generate/src/Flexio_Mcl_Ip_PBcfg.o
                0x0040f2c4                Flexio_Ip_xFlexioInit
 *(.rodata*)
 .rodata.str1.1
                0x0040f2c6       0x14 ./FreeRTOS/Source/tasks.o
 .rodata.str1.1
                0x0040f2da        0xd ./FreeRTOS/Source/timers.o
 .rodata.str1.1
                0x0040f2e7      0x18c ./src/main.o
 *fill*         0x0040f473        0x1 
 .rodata._global_impure_ptr
                0x0040f474        0x4 c:/nxp/s32ds.3.5/s32ds/build_tools/gcc_v10.2/gcc-10.2-arm32-eabi/bin/../lib/gcc/arm-none-eabi/10.2.0/../../../../arm-none-eabi/lib/thumb/v7e-m+fp/hard\libc_nano.a(lib_a-impure.o)
                0x0040f474                _global_impure_ptr
 .rodata._svfprintf_r.str1.1
                0x0040f478       0x11 c:/nxp/s32ds.3.5/s32ds/build_tools/gcc_v10.2/gcc-10.2-arm32-eabi/bin/../lib/gcc/arm-none-eabi/10.2.0/../../../../arm-none-eabi/lib/thumb/v7e-m+fp/hard\libc_nano.a(lib_a-nano-svfprintf.o)
 .rodata._printf_i.str1.1
                0x0040f489       0x22 c:/nxp/s32ds.3.5/s32ds/build_tools/gcc_v10.2/gcc-10.2-arm32-eabi/bin/../lib/gcc/arm-none-eabi/10.2.0/../../../../arm-none-eabi/lib/thumb/v7e-m+fp/hard\libc_nano.a(lib_a-nano-vfprintf_i.o)
                0x0040f4ac                . = ALIGN (0x4)
 *fill*         0x0040f4ab        0x1 
 *(.mcal_const_cfg)
 .mcal_const_cfg
                0x0040f4ac      0xb04 ./board/Siul2_Port_Ip_Cfg.o
                0x0040f4ac                g_pin_mux_InitConfigArr0
 .mcal_const_cfg
                0x0040ffb0      0x6c0 ./generate/src/Clock_Ip_Cfg.o
                0x0040ffb0                Clock_Ip_aClockConfig
 .mcal_const_cfg
                0x00410670       0x54 ./generate/src/Flexio_Spi_Ip_Sa_PBcfg.o
                0x00410670                Flexio_Spi_Ip_PhyUnitConfig_SpiPhyUnit_0_Instance_0
                0x0041068c                Flexio_Spi_Ip_DeviceAttributes_SpiExternalDevice_0_Instance_0
 .mcal_const_cfg
                0x004106c4       0x2c ./generate/src/IntCtrl_Ip_Cfg.o
                0x004106c4                IntCtrlConfig_0
 .mcal_const_cfg
                0x004106f0       0x58 ./generate/src/Lpspi_Ip_Sa_PBcfg.o
                0x004106f0                Lpspi_Ip_PhyUnitConfig_SpiPhyUnit_1_Instance_1
                0x00410708                Lpspi_Ip_PhyUnitConfig_SpiPhyUnit_0_Instance_2
                0x00410720                Lpspi_Ip_DeviceAttributes_SpiExternalDevice_1_Instance_2
                0x00410734                Lpspi_Ip_DeviceAttributes_SpiExternalDevice_0_Instance_2
 .mcal_const_cfg
                0x00410748       0x28 ./generate/src/Lpuart_Uart_Ip_Sa_PBcfg.o
                0x00410748                Lpuart_Uart_Ip_xHwConfigPB_3
                0x00410770                . = ALIGN (0x4)
 *(.mcal_const)
 .mcal_const    0x00410770     0x119c ./RTD/src/Clock_Ip_Data.o
                0x00410770                Clock_Ip_axGateInfo
                0x00410e48                Clock_Ip_axFeatureExtensions
                0x00411068                Clock_Ip_aeHwDfsName
                0x0041106c                Clock_Ip_aeHwPllName
                0x00411074                Clock_Ip_aeSourceTypeClockName
                0x004110e0                Clock_Ip_apxMcMeTriggerPartitions
                0x004110f0                Clock_Ip_apxMcMeGetPartitions
                0x00411100                Clock_Ip_apxMcMeSetPartitions
                0x00411110                Clock_Ip_axCmuInfo
                0x00411180                Clock_Ip_aeCmuNames
                0x0041119c                Clock_Ip_apxCmu
                0x004111b8                Clock_Ip_apxPll
                0x004111c8                Clock_Ip_apxXosc
                0x004111d0                Clock_Ip_apxCgmPcfs
                0x004111d4                Clock_Ip_apxCgm
                0x00411224                Clock_Ip_au16SelectorEntryRtcHardwareValue
                0x0041125a                Clock_Ip_au16SelectorEntryHardwareValue
                0x00411290                Clock_Ip_au8SoftwareMuxResetValue
                0x0041132d                Clock_Ip_au8ClockFeatures
                0x004118b2                Clock_Ip_au8CmuCallbackIndex
                0x004118bb                Clock_Ip_au8PcfsCallbackIndex
                0x004118c4                Clock_Ip_au8SelectorCallbackIndex
                0x004118cd                Clock_Ip_au8PllCallbackIndex
                0x004118d6                Clock_Ip_au8FractionalDividerCallbackIndex
                0x004118df                Clock_Ip_au8GateCallbackIndex
                0x004118e8                Clock_Ip_au8IrcoscCallbackIndex
                0x004118f1                Clock_Ip_au8XoscCallbackIndex
                0x004118fa                Clock_Ip_au8DividerTriggerCallbackIndex
                0x00411903                Clock_Ip_au8DividerCallbackIndex
 .mcal_const    0x0041190c       0x10 ./RTD/src/Clock_Ip_Divider.o
                0x0041190c                Clock_Ip_axDividerCallbacks
 .mcal_const    0x0041191c       0x10 ./RTD/src/Clock_Ip_DividerTrigger.o
                0x0041191c                Clock_Ip_axDividerTriggerCallbacks
 .mcal_const    0x0041192c       0x3c ./RTD/src/Clock_Ip_ExtOsc.o
                0x0041192c                Clock_Ip_axExtOscCallbacks
 .mcal_const    0x00411968        0xc ./RTD/src/Clock_Ip_FracDiv.o
                0x00411968                Clock_Ip_axFracDivCallbacks
 .mcal_const    0x00411974      0x31c ./RTD/src/Clock_Ip_Frequency.o
 .mcal_const    0x00411c90       0x10 ./RTD/src/Clock_Ip_Gate.o
                0x00411c90                Clock_Ip_axGateCallbacks
 .mcal_const    0x00411ca0       0x30 ./RTD/src/Clock_Ip_IntOsc.o
                0x00411ca0                Clock_Ip_axIntOscCallbacks
 .mcal_const    0x00411cd0       0x20 ./RTD/src/Clock_Ip_Monitor.o
                0x00411cd0                Clock_Ip_axCmuCallbacks
 .mcal_const    0x00411cf0       0x3c ./RTD/src/Clock_Ip_Pll.o
                0x00411cf0                Clock_Ip_axPllCallbacks
 .mcal_const    0x00411d2c        0x8 ./RTD/src/Clock_Ip_ProgFreqSwitch.o
                0x00411d2c                Clock_Ip_axPcfsCallbacks
 .mcal_const    0x00411d34       0x28 ./RTD/src/Clock_Ip_Selector.o
                0x00411d34                Clock_Ip_axSelectorCallbacks
 .mcal_const    0x00411d5c        0x4 ./RTD/src/Flexio_Mcl_Ip.o
                0x00411d5c                Flexio_Ip_paxBase
 .mcal_const    0x00411d60       0x18 ./RTD/src/Lpspi_Ip.o
 .mcal_const    0x00411d78       0x40 ./RTD/src/Lpuart_Uart_Ip.o
                0x00411db8                . = ALIGN (0x4)
                0x00411db8                __init_table = .
 *(.init_table)
 .init_table    0x00411db8       0x4c ./Project_Settings/Startup_Code/startup_cm7.o
                0x00411e04                . = ALIGN (0x4)
                0x00411e04                __zero_table = .
 *(.zero_table)
 .zero_table    0x00411e04       0x1c ./Project_Settings/Startup_Code/startup_cm7.o

.glue_7         0x00411e20        0x0
 .glue_7        0x00411e20        0x0 linker stubs

.glue_7t        0x00411e20        0x0
 .glue_7t       0x00411e20        0x0 linker stubs

.vfp11_veneer   0x00411e20        0x0
 .vfp11_veneer  0x00411e20        0x0 linker stubs

.v4_bx          0x00411e20        0x0
 .v4_bx         0x00411e20        0x0 linker stubs

.iplt           0x00411e20        0x0
 .iplt          0x00411e20        0x0 ./FreeRTOS/Source/event_groups.o

.rel.dyn        0x00411e20        0x0
 .rel.iplt      0x00411e20        0x0 ./FreeRTOS/Source/event_groups.o
                0x00411e20                . = ALIGN (0x4)
                0x00411e20                __text_end = .
                0x00411e20                __sram_data_rom = __text_end

.sram_bss       0x20400000     0x23a0
                0x20400000                . = ALIGN (0x8)
                0x20400000                __standby_ram_begin__ = .
 *(.standby_data)
                0x20400000                . = ALIGN (0x8)
                0x20400000                __standby_ram_end__ = .
                0x20400000                . = ALIGN (0x10)
                0x20400000                __sram_bss_start = .
 *(.bss)
 .bss           0x20400000        0x0 ./FreeRTOS/Source/croutine.o
 .bss           0x20400000        0x0 ./FreeRTOS/Source/event_groups.o
 .bss           0x20400000        0x0 ./FreeRTOS/Source/list.o
 .bss           0x20400000       0x10 ./FreeRTOS/Source/queue.o
                0x20400000                xQueueRegistry
 .bss           0x20400010        0x0 ./FreeRTOS/Source/stream_buffer.o
 .bss           0x20400010      0x104 ./FreeRTOS/Source/tasks.o
                0x20400014                pxCurrentTCB
 .bss           0x20400114       0x3c ./FreeRTOS/Source/timers.o
 .bss           0x20400150        0x8 ./FreeRTOS/Source/portable/GCC/ARM_CM7/r0p1/port.o
 .bss           0x20400158     0x2008 ./FreeRTOS/Source/portable/MemMang/heap_1.o
 .bss           0x20402160        0x0 ./Project_Settings/Startup_Code/Vector_Table.o
 .bss           0x20402160        0x0 ./Project_Settings/Startup_Code/exceptions.o
 .bss           0x20402160        0x0 ./Project_Settings/Startup_Code/nvic.o
 .bss           0x20402160        0x0 ./Project_Settings/Startup_Code/startup.o
 .bss           0x20402160        0x0 ./Project_Settings/Startup_Code/startup_cm7.o
 .bss           0x20402160       0x78 ./Project_Settings/Startup_Code/system.o
                0x20402160                rbar
                0x2040219c                rasr
 .bss           0x204021d8        0x0 ./RTD/src/Clock_Ip.o
 .bss           0x204021d8        0x0 ./RTD/src/Clock_Ip_Data.o
 .bss           0x204021d8        0x0 ./RTD/src/Clock_Ip_Divider.o
 .bss           0x204021d8        0x0 ./RTD/src/Clock_Ip_DividerTrigger.o
 .bss           0x204021d8        0x0 ./RTD/src/Clock_Ip_ExtOsc.o
 .bss           0x204021d8        0x0 ./RTD/src/Clock_Ip_FracDiv.o
 .bss           0x204021d8        0x0 ./RTD/src/Clock_Ip_Frequency.o
 .bss           0x204021d8        0x0 ./RTD/src/Clock_Ip_Gate.o
 .bss           0x204021d8        0x0 ./RTD/src/Clock_Ip_IntOsc.o
 .bss           0x204021d8        0x0 ./RTD/src/Clock_Ip_Irq.o
 .bss           0x204021d8        0x0 ./RTD/src/Clock_Ip_Monitor.o
 .bss           0x204021d8        0x0 ./RTD/src/Clock_Ip_Pll.o
 .bss           0x204021d8        0x0 ./RTD/src/Clock_Ip_ProgFreqSwitch.o
 .bss           0x204021d8        0x0 ./RTD/src/Clock_Ip_Selector.o
 .bss           0x204021d8        0x0 ./RTD/src/Clock_Ip_Specific.o
 .bss           0x204021d8        0x0 ./RTD/src/Det.o
 .bss           0x204021d8        0x0 ./RTD/src/Det_stub.o
 .bss           0x204021d8        0x0 ./RTD/src/Flexio_Mcl_Ip.o
 .bss           0x204021d8        0x0 ./RTD/src/Flexio_Mcl_Ip_HwAccess.o
 .bss           0x204021d8        0x0 ./RTD/src/Flexio_Mcl_Ip_Irq.o
 .bss           0x204021d8        0x0 ./RTD/src/Flexio_Spi_Ip.o
 .bss           0x204021d8        0x0 ./RTD/src/Flexio_Spi_Ip_Irq.o
 .bss           0x204021d8        0x0 ./RTD/src/Igf_Port_Ip.o
 .bss           0x204021d8        0x0 ./RTD/src/IntCtrl_Ip.o
 .bss           0x204021d8        0x0 ./RTD/src/Lpspi_Ip.o
 .bss           0x204021d8        0x0 ./RTD/src/Lpspi_Ip_Irq.o
 .bss           0x204021d8        0x0 ./RTD/src/Lpuart_Uart_Ip.o
 .bss           0x204021d8        0x0 ./RTD/src/Lpuart_Uart_Ip_Irq.o
 .bss           0x204021d8        0x0 ./RTD/src/OsIf_Interrupts.o
 .bss           0x204021d8        0x0 ./RTD/src/OsIf_Timer.o
 .bss           0x204021d8        0x0 ./RTD/src/OsIf_Timer_System.o
 .bss           0x204021d8        0x0 ./RTD/src/OsIf_Timer_System_Internal_Systick.o
 .bss           0x204021d8        0x0 ./RTD/src/SchM_Dio.o
 .bss           0x204021d8        0x0 ./RTD/src/SchM_Mcl.o
 .bss           0x204021d8        0x0 ./RTD/src/SchM_Mcu.o
 .bss           0x204021d8        0x0 ./RTD/src/SchM_Port.o
 .bss           0x204021d8        0x0 ./RTD/src/SchM_Spi.o
 .bss           0x204021d8        0x0 ./RTD/src/SchM_Uart.o
 .bss           0x204021d8        0x0 ./RTD/src/Siul2_Dio_Ip.o
 .bss           0x204021d8        0x0 ./RTD/src/Siul2_Port_Ip.o
 .bss           0x204021d8        0x0 ./RTD/src/Tspc_Port_Ip.o
 .bss           0x204021d8        0x0 ./board/Siul2_Port_Ip_Cfg.o
 .bss           0x204021d8        0x0 ./board/Tspc_Port_Ip_Cfg.o
 .bss           0x204021d8        0x0 ./generate/src/Clock_Ip_Cfg.o
 .bss           0x204021d8        0x0 ./generate/src/Flexio_Mcl_Ip_PBcfg.o
 .bss           0x204021d8        0x0 ./generate/src/Flexio_Spi_Ip_Sa_PBcfg.o
 .bss           0x204021d8        0x0 ./generate/src/Igf_Port_Ip_Cfg.o
 .bss           0x204021d8        0x0 ./generate/src/IntCtrl_Ip_Cfg.o
 .bss           0x204021d8        0x0 ./generate/src/Lpspi_Ip_Sa_PBcfg.o
 .bss           0x204021d8        0x0 ./generate/src/Lpuart_Uart_Ip_Sa_PBcfg.o
 .bss           0x204021d8        0x0 ./generate/src/OsIf_Cfg.o
 .bss           0x204021d8       0x20 ./src/main.o
                0x204021d8                zSemaphore
                0x204021dc                xMutex
                0x204021e0                ySemaphore
                0x204021e4                g_last_speed
                0x204021e8                xSemaphore
                0x204021ec                xReturned
                0x204021f0                yReturned
                0x204021f4                xTimers
 .bss           0x204021f8        0x0 c:/nxp/s32ds.3.5/s32ds/build_tools/gcc_v10.2/gcc-10.2-arm32-eabi/bin/../lib/gcc/arm-none-eabi/10.2.0/../../../../arm-none-eabi/lib/thumb/v7e-m+fp/hard\libc_nano.a(lib_a-memcpy-stub.o)
 .bss           0x204021f8        0x0 c:/nxp/s32ds.3.5/s32ds/build_tools/gcc_v10.2/gcc-10.2-arm32-eabi/bin/../lib/gcc/arm-none-eabi/10.2.0/../../../../arm-none-eabi/lib/thumb/v7e-m+fp/hard\libc_nano.a(lib_a-memmove.o)
 .bss           0x204021f8        0x0 c:/nxp/s32ds.3.5/s32ds/build_tools/gcc_v10.2/gcc-10.2-arm32-eabi/bin/../lib/gcc/arm-none-eabi/10.2.0/../../../../arm-none-eabi/lib/thumb/v7e-m+fp/hard\libc_nano.a(lib_a-memset.o)
 .bss           0x204021f8        0x0 c:/nxp/s32ds.3.5/s32ds/build_tools/gcc_v10.2/gcc-10.2-arm32-eabi/bin/../lib/gcc/arm-none-eabi/10.2.0/../../../../arm-none-eabi/lib/thumb/v7e-m+fp/hard\libc_nano.a(lib_a-sprintf.o)
 .bss           0x204021f8        0x0 c:/nxp/s32ds.3.5/s32ds/build_tools/gcc_v10.2/gcc-10.2-arm32-eabi/bin/../lib/gcc/arm-none-eabi/10.2.0/../../../../arm-none-eabi/lib/thumb/v7e-m+fp/hard\libc_nano.a(lib_a-strcpy.o)
 .bss           0x204021f8        0x0 c:/nxp/s32ds.3.5/s32ds/build_tools/gcc_v10.2/gcc-10.2-arm32-eabi/bin/../lib/gcc/arm-none-eabi/10.2.0/../../../../arm-none-eabi/lib/thumb/v7e-m+fp/hard\libc_nano.a(lib_a-strlen.o)
 .bss           0x204021f8        0x0 c:/nxp/s32ds.3.5/s32ds/build_tools/gcc_v10.2/gcc-10.2-arm32-eabi/bin/../lib/gcc/arm-none-eabi/10.2.0/../../../../arm-none-eabi/lib/thumb/v7e-m+fp/hard\libc_nano.a(lib_a-impure.o)
 .bss           0x204021f8        0x0 c:/nxp/s32ds.3.5/s32ds/build_tools/gcc_v10.2/gcc-10.2-arm32-eabi/bin/../lib/gcc/arm-none-eabi/10.2.0/../../../../arm-none-eabi/lib/thumb/v7e-m+fp/hard\libc_nano.a(lib_a-nano-svfprintf.o)
 .bss           0x204021f8        0x0 c:/nxp/s32ds.3.5/s32ds/build_tools/gcc_v10.2/gcc-10.2-arm32-eabi/bin/../lib/gcc/arm-none-eabi/10.2.0/../../../../arm-none-eabi/lib/thumb/v7e-m+fp/hard\libc_nano.a(lib_a-nano-vfprintf_i.o)
 .bss           0x204021f8        0x0 c:/nxp/s32ds.3.5/s32ds/build_tools/gcc_v10.2/gcc-10.2-arm32-eabi/bin/../lib/gcc/arm-none-eabi/10.2.0/../../../../arm-none-eabi/lib/thumb/v7e-m+fp/hard\libc_nano.a(lib_a-memchr.o)
 .bss           0x204021f8        0x0 c:/nxp/s32ds.3.5/s32ds/build_tools/gcc_v10.2/gcc-10.2-arm32-eabi/bin/../lib/gcc/arm-none-eabi/10.2.0/../../../../arm-none-eabi/lib/thumb/v7e-m+fp/hard\libc_nano.a(lib_a-nano-freer.o)
 .bss           0x204021f8        0x0 c:/nxp/s32ds.3.5/s32ds/build_tools/gcc_v10.2/gcc-10.2-arm32-eabi/bin/../lib/gcc/arm-none-eabi/10.2.0/../../../../arm-none-eabi/lib/thumb/v7e-m+fp/hard\libc_nano.a(lib_a-nano-mallocr.o)
 .bss           0x204021f8        0x0 c:/nxp/s32ds.3.5/s32ds/build_tools/gcc_v10.2/gcc-10.2-arm32-eabi/bin/../lib/gcc/arm-none-eabi/10.2.0/../../../../arm-none-eabi/lib/thumb/v7e-m+fp/hard\libc_nano.a(lib_a-nano-reallocr.o)
 .bss           0x204021f8        0x0 c:/nxp/s32ds.3.5/s32ds/build_tools/gcc_v10.2/gcc-10.2-arm32-eabi/bin/../lib/gcc/arm-none-eabi/10.2.0/../../../../arm-none-eabi/lib/thumb/v7e-m+fp/hard\libc_nano.a(lib_a-sbrkr.o)
 .bss           0x204021f8        0x0 c:/nxp/s32ds.3.5/s32ds/build_tools/gcc_v10.2/gcc-10.2-arm32-eabi/bin/../lib/gcc/arm-none-eabi/10.2.0/../../../../arm-none-eabi/lib/thumb/v7e-m+fp/hard\libc_nano.a(lib_a-mlock.o)
 .bss           0x204021f8        0x0 c:/nxp/s32ds.3.5/s32ds/build_tools/gcc_v10.2/gcc-10.2-arm32-eabi/bin/../lib/gcc/arm-none-eabi/10.2.0/../../../../arm-none-eabi/lib/thumb/v7e-m+fp/hard\libc_nano.a(lib_a-nano-msizer.o)
 .bss           0x204021f8        0x0 c:/nxp/s32ds.3.5/s32ds/build_tools/gcc_v10.2/gcc-10.2-arm32-eabi/bin/../lib/gcc/arm-none-eabi/10.2.0/../../../../arm-none-eabi/lib/thumb/v7e-m+fp/hard\libc_nano.a(lib_a-reent.o)
 .bss           0x204021f8        0x0 c:/nxp/s32ds.3.5/s32ds/build_tools/gcc_v10.2/gcc-10.2-arm32-eabi/bin/../lib/gcc/arm-none-eabi/10.2.0/../../../../arm-none-eabi/lib/thumb/v7e-m+fp/hard\libnosys.a(sbrk.o)
 *(.bss*)
 .bss.__malloc_free_list
                0x204021f8        0x4 c:/nxp/s32ds.3.5/s32ds/build_tools/gcc_v10.2/gcc-10.2-arm32-eabi/bin/../lib/gcc/arm-none-eabi/10.2.0/../../../../arm-none-eabi/lib/thumb/v7e-m+fp/hard\libc_nano.a(lib_a-nano-mallocr.o)
                0x204021f8                __malloc_free_list
 .bss.__malloc_sbrk_start
                0x204021fc        0x4 c:/nxp/s32ds.3.5/s32ds/build_tools/gcc_v10.2/gcc-10.2-arm32-eabi/bin/../lib/gcc/arm-none-eabi/10.2.0/../../../../arm-none-eabi/lib/thumb/v7e-m+fp/hard\libc_nano.a(lib_a-nano-mallocr.o)
                0x204021fc                __malloc_sbrk_start
 .bss.errno     0x20402200        0x4 c:/nxp/s32ds.3.5/s32ds/build_tools/gcc_v10.2/gcc-10.2-arm32-eabi/bin/../lib/gcc/arm-none-eabi/10.2.0/../../../../arm-none-eabi/lib/thumb/v7e-m+fp/hard\libc_nano.a(lib_a-reent.o)
                0x20402200                errno
 .bss.heap_end.0
                0x20402204        0x4 c:/nxp/s32ds.3.5/s32ds/build_tools/gcc_v10.2/gcc-10.2-arm32-eabi/bin/../lib/gcc/arm-none-eabi/10.2.0/../../../../arm-none-eabi/lib/thumb/v7e-m+fp/hard\libnosys.a(sbrk.o)
                0x20402210                . = ALIGN (0x10)
 *fill*         0x20402208        0x8 
 *(.mcal_bss)
 .mcal_bss      0x20402210        0x4 ./Project_Settings/Startup_Code/system.o
                0x20402210                RESET_CATCH_CORE
 .mcal_bss      0x20402214       0xa9 ./RTD/src/Clock_Ip.o
                0x20402218                Clock_Ip_FreqIds
                0x204022b8                Clock_Ip_pxConfig
 *fill*         0x204022bd        0x3 
 .mcal_bss      0x204022c0       0x10 ./RTD/src/Clock_Ip_Monitor.o
 .mcal_bss      0x204022d0        0x4 ./RTD/src/Clock_Ip_ProgFreqSwitch.o
 .mcal_bss      0x204022d4        0xc ./RTD/src/Clock_Ip_Specific.o
 .mcal_bss      0x204022e0       0x38 ./RTD/src/Flexio_Spi_Ip.o
                0x204022e0                Flexio_Spi_Ip_apxStateStructureArray
 .mcal_bss      0x20402318       0x80 ./RTD/src/Lpspi_Ip.o
                0x20402318                Lpspi_Ip_apxStateStructureArray
 .mcal_bss      0x20402398        0x8 ./RTD/src/Siul2_Port_Ip.o
                0x204023a0                . = ALIGN (0x4)
                0x204023a0                __sram_bss_end = .

.sram_data      0x204023a0      0x15c load address 0x00411e20
                0x204023a0                . = ALIGN (0x4)
                0x204023a0                __sram_data_begin__ = .
                0x204023a0                . = ALIGN (0x4)
 *(.ramcode)
 .ramcode       0x204023a0       0x90 ./RTD/src/Clock_Ip_Specific.o
                0x20402430                . = ALIGN (0x4)
 *(.data)
 .data          0x20402430        0x0 ./FreeRTOS/Source/croutine.o
 .data          0x20402430        0x0 ./FreeRTOS/Source/event_groups.o
 .data          0x20402430        0x0 ./FreeRTOS/Source/list.o
 .data          0x20402430        0x0 ./FreeRTOS/Source/queue.o
 .data          0x20402430        0x0 ./FreeRTOS/Source/stream_buffer.o
 .data          0x20402430        0x4 ./FreeRTOS/Source/tasks.o
                0x20402430                uxTopUsedPriority
 .data          0x20402434        0x0 ./FreeRTOS/Source/timers.o
 .data          0x20402434        0x4 ./FreeRTOS/Source/portable/GCC/ARM_CM7/r0p1/port.o
 .data          0x20402438        0x0 ./FreeRTOS/Source/portable/MemMang/heap_1.o
 .data          0x20402438        0x0 ./Project_Settings/Startup_Code/Vector_Table.o
 .data          0x20402438        0x0 ./Project_Settings/Startup_Code/exceptions.o
 .data          0x20402438        0x0 ./Project_Settings/Startup_Code/nvic.o
 .data          0x20402438        0x0 ./Project_Settings/Startup_Code/startup.o
 .data          0x20402438        0x0 ./Project_Settings/Startup_Code/startup_cm7.o
 .data          0x20402438        0x0 ./Project_Settings/Startup_Code/system.o
 .data          0x20402438        0x4 ./RTD/src/Clock_Ip.o
 .data          0x2040243c        0x0 ./RTD/src/Clock_Ip_Data.o
 .data          0x2040243c        0x0 ./RTD/src/Clock_Ip_Divider.o
 .data          0x2040243c        0x0 ./RTD/src/Clock_Ip_DividerTrigger.o
 .data          0x2040243c        0x0 ./RTD/src/Clock_Ip_ExtOsc.o
 .data          0x2040243c        0x0 ./RTD/src/Clock_Ip_FracDiv.o
 .data          0x2040243c        0x0 ./RTD/src/Clock_Ip_Frequency.o
 .data          0x2040243c        0x0 ./RTD/src/Clock_Ip_Gate.o
 .data          0x2040243c        0x0 ./RTD/src/Clock_Ip_IntOsc.o
 .data          0x2040243c        0x0 ./RTD/src/Clock_Ip_Irq.o
 .data          0x2040243c        0x0 ./RTD/src/Clock_Ip_Monitor.o
 .data          0x2040243c        0x0 ./RTD/src/Clock_Ip_Pll.o
 .data          0x2040243c        0x0 ./RTD/src/Clock_Ip_ProgFreqSwitch.o
 .data          0x2040243c        0x0 ./RTD/src/Clock_Ip_Selector.o
 .data          0x2040243c        0x0 ./RTD/src/Clock_Ip_Specific.o
 .data          0x2040243c        0x0 ./RTD/src/Det.o
 .data          0x2040243c        0x0 ./RTD/src/Det_stub.o
 .data          0x2040243c        0x0 ./RTD/src/Flexio_Mcl_Ip.o
 .data          0x2040243c        0x0 ./RTD/src/Flexio_Mcl_Ip_HwAccess.o
 .data          0x2040243c        0x0 ./RTD/src/Flexio_Mcl_Ip_Irq.o
 .data          0x2040243c        0x0 ./RTD/src/Flexio_Spi_Ip.o
 .data          0x2040243c        0x0 ./RTD/src/Flexio_Spi_Ip_Irq.o
 .data          0x2040243c        0x0 ./RTD/src/Igf_Port_Ip.o
 .data          0x2040243c        0x0 ./RTD/src/IntCtrl_Ip.o
 .data          0x2040243c        0x0 ./RTD/src/Lpspi_Ip.o
 .data          0x2040243c        0x0 ./RTD/src/Lpspi_Ip_Irq.o
 .data          0x2040243c        0x0 ./RTD/src/Lpuart_Uart_Ip.o
 .data          0x2040243c        0x0 ./RTD/src/Lpuart_Uart_Ip_Irq.o
 .data          0x2040243c        0x0 ./RTD/src/OsIf_Interrupts.o
 .data          0x2040243c        0x0 ./RTD/src/OsIf_Timer.o
 .data          0x2040243c        0x0 ./RTD/src/OsIf_Timer_System.o
 .data          0x2040243c        0x0 ./RTD/src/OsIf_Timer_System_Internal_Systick.o
 .data          0x2040243c        0x0 ./RTD/src/SchM_Dio.o
 .data          0x2040243c        0x0 ./RTD/src/SchM_Mcl.o
 .data          0x2040243c        0x0 ./RTD/src/SchM_Mcu.o
 .data          0x2040243c        0x0 ./RTD/src/SchM_Port.o
 .data          0x2040243c        0x0 ./RTD/src/SchM_Spi.o
 .data          0x2040243c        0x0 ./RTD/src/SchM_Uart.o
 .data          0x2040243c        0x0 ./RTD/src/Siul2_Dio_Ip.o
 .data          0x2040243c        0x0 ./RTD/src/Siul2_Port_Ip.o
 .data          0x2040243c        0x0 ./RTD/src/Tspc_Port_Ip.o
 .data          0x2040243c        0x0 ./board/Siul2_Port_Ip_Cfg.o
 .data          0x2040243c        0x0 ./board/Tspc_Port_Ip_Cfg.o
 .data          0x2040243c        0x0 ./generate/src/Clock_Ip_Cfg.o
 .data          0x2040243c        0x0 ./generate/src/Flexio_Mcl_Ip_PBcfg.o
 .data          0x2040243c        0x0 ./generate/src/Flexio_Spi_Ip_Sa_PBcfg.o
 .data          0x2040243c        0x0 ./generate/src/Igf_Port_Ip_Cfg.o
 .data          0x2040243c        0x0 ./generate/src/IntCtrl_Ip_Cfg.o
 .data          0x2040243c        0x0 ./generate/src/Lpspi_Ip_Sa_PBcfg.o
 .data          0x2040243c        0x0 ./generate/src/Lpuart_Uart_Ip_Sa_PBcfg.o
 .data          0x2040243c        0x0 ./generate/src/OsIf_Cfg.o
 .data          0x2040243c        0x0 ./src/main.o
 .data          0x2040243c        0x0 c:/nxp/s32ds.3.5/s32ds/build_tools/gcc_v10.2/gcc-10.2-arm32-eabi/bin/../lib/gcc/arm-none-eabi/10.2.0/../../../../arm-none-eabi/lib/thumb/v7e-m+fp/hard\libc_nano.a(lib_a-memcpy-stub.o)
 .data          0x2040243c        0x0 c:/nxp/s32ds.3.5/s32ds/build_tools/gcc_v10.2/gcc-10.2-arm32-eabi/bin/../lib/gcc/arm-none-eabi/10.2.0/../../../../arm-none-eabi/lib/thumb/v7e-m+fp/hard\libc_nano.a(lib_a-memmove.o)
 .data          0x2040243c        0x0 c:/nxp/s32ds.3.5/s32ds/build_tools/gcc_v10.2/gcc-10.2-arm32-eabi/bin/../lib/gcc/arm-none-eabi/10.2.0/../../../../arm-none-eabi/lib/thumb/v7e-m+fp/hard\libc_nano.a(lib_a-memset.o)
 .data          0x2040243c        0x0 c:/nxp/s32ds.3.5/s32ds/build_tools/gcc_v10.2/gcc-10.2-arm32-eabi/bin/../lib/gcc/arm-none-eabi/10.2.0/../../../../arm-none-eabi/lib/thumb/v7e-m+fp/hard\libc_nano.a(lib_a-sprintf.o)
 .data          0x2040243c        0x0 c:/nxp/s32ds.3.5/s32ds/build_tools/gcc_v10.2/gcc-10.2-arm32-eabi/bin/../lib/gcc/arm-none-eabi/10.2.0/../../../../arm-none-eabi/lib/thumb/v7e-m+fp/hard\libc_nano.a(lib_a-strcpy.o)
 .data          0x2040243c        0x0 c:/nxp/s32ds.3.5/s32ds/build_tools/gcc_v10.2/gcc-10.2-arm32-eabi/bin/../lib/gcc/arm-none-eabi/10.2.0/../../../../arm-none-eabi/lib/thumb/v7e-m+fp/hard\libc_nano.a(lib_a-strlen.o)
 .data          0x2040243c        0x0 c:/nxp/s32ds.3.5/s32ds/build_tools/gcc_v10.2/gcc-10.2-arm32-eabi/bin/../lib/gcc/arm-none-eabi/10.2.0/../../../../arm-none-eabi/lib/thumb/v7e-m+fp/hard\libc_nano.a(lib_a-impure.o)
 .data          0x2040243c        0x0 c:/nxp/s32ds.3.5/s32ds/build_tools/gcc_v10.2/gcc-10.2-arm32-eabi/bin/../lib/gcc/arm-none-eabi/10.2.0/../../../../arm-none-eabi/lib/thumb/v7e-m+fp/hard\libc_nano.a(lib_a-nano-svfprintf.o)
 .data          0x2040243c        0x0 c:/nxp/s32ds.3.5/s32ds/build_tools/gcc_v10.2/gcc-10.2-arm32-eabi/bin/../lib/gcc/arm-none-eabi/10.2.0/../../../../arm-none-eabi/lib/thumb/v7e-m+fp/hard\libc_nano.a(lib_a-nano-vfprintf_i.o)
 .data          0x2040243c        0x0 c:/nxp/s32ds.3.5/s32ds/build_tools/gcc_v10.2/gcc-10.2-arm32-eabi/bin/../lib/gcc/arm-none-eabi/10.2.0/../../../../arm-none-eabi/lib/thumb/v7e-m+fp/hard\libc_nano.a(lib_a-memchr.o)
 .data          0x2040243c        0x0 c:/nxp/s32ds.3.5/s32ds/build_tools/gcc_v10.2/gcc-10.2-arm32-eabi/bin/../lib/gcc/arm-none-eabi/10.2.0/../../../../arm-none-eabi/lib/thumb/v7e-m+fp/hard\libc_nano.a(lib_a-nano-freer.o)
 .data          0x2040243c        0x0 c:/nxp/s32ds.3.5/s32ds/build_tools/gcc_v10.2/gcc-10.2-arm32-eabi/bin/../lib/gcc/arm-none-eabi/10.2.0/../../../../arm-none-eabi/lib/thumb/v7e-m+fp/hard\libc_nano.a(lib_a-nano-mallocr.o)
 .data          0x2040243c        0x0 c:/nxp/s32ds.3.5/s32ds/build_tools/gcc_v10.2/gcc-10.2-arm32-eabi/bin/../lib/gcc/arm-none-eabi/10.2.0/../../../../arm-none-eabi/lib/thumb/v7e-m+fp/hard\libc_nano.a(lib_a-nano-reallocr.o)
 .data          0x2040243c        0x0 c:/nxp/s32ds.3.5/s32ds/build_tools/gcc_v10.2/gcc-10.2-arm32-eabi/bin/../lib/gcc/arm-none-eabi/10.2.0/../../../../arm-none-eabi/lib/thumb/v7e-m+fp/hard\libc_nano.a(lib_a-sbrkr.o)
 .data          0x2040243c        0x0 c:/nxp/s32ds.3.5/s32ds/build_tools/gcc_v10.2/gcc-10.2-arm32-eabi/bin/../lib/gcc/arm-none-eabi/10.2.0/../../../../arm-none-eabi/lib/thumb/v7e-m+fp/hard\libc_nano.a(lib_a-mlock.o)