Archive member included to satisfy reference by file (symbol)

c:/nxp/s32ds.3.5/s32ds/build_tools/gcc_v10.2/gcc-10.2-arm32-eabi/bin/../lib/gcc/arm-none-eabi/10.2.0/../../../../arm-none-eabi/lib/thumb/v7e-m+fp/hard\libc_nano.a(lib_a-memcmp.o)
                              ./src/main.o (memcmp)
c:/nxp/s32ds.3.5/s32ds/build_tools/gcc_v10.2/gcc-10.2-arm32-eabi/bin/../lib/gcc/arm-none-eabi/10.2.0/../../../../arm-none-eabi/lib/thumb/v7e-m+fp/hard\libc_nano.a(lib_a-memcpy-stub.o)
                              ./FreeRTOS/Source/queue.o (memcpy)
c:/nxp/s32ds.3.5/s32ds/build_tools/gcc_v10.2/gcc-10.2-arm32-eabi/bin/../lib/gcc/arm-none-eabi/10.2.0/../../../../arm-none-eabi/lib/thumb/v7e-m+fp/hard\libc_nano.a(lib_a-memmove.o)
                              ./RTD/src/Siul2_Port_Ip.o (memmove)
c:/nxp/s32ds.3.5/s32ds/build_tools/gcc_v10.2/gcc-10.2-arm32-eabi/bin/../lib/gcc/arm-none-eabi/10.2.0/../../../../arm-none-eabi/lib/thumb/v7e-m+fp/hard\libc_nano.a(lib_a-memset.o)
                              ./FreeRTOS/Source/stream_buffer.o (memset)
c:/nxp/s32ds.3.5/s32ds/build_tools/gcc_v10.2/gcc-10.2-arm32-eabi/bin/../lib/gcc/arm-none-eabi/10.2.0/../../../../arm-none-eabi/lib/thumb/v7e-m+fp/hard\libc_nano.a(lib_a-sprintf.o)
                              ./FreeRTOS/Source/tasks.o (sprintf)
c:/nxp/s32ds.3.5/s32ds/build_tools/gcc_v10.2/gcc-10.2-arm32-eabi/bin/../lib/gcc/arm-none-eabi/10.2.0/../../../../arm-none-eabi/lib/thumb/v7e-m+fp/hard\libc_nano.a(lib_a-strcpy.o)
                              ./FreeRTOS/Source/tasks.o (strcpy)
c:/nxp/s32ds.3.5/s32ds/build_tools/gcc_v10.2/gcc-10.2-arm32-eabi/bin/../lib/gcc/arm-none-eabi/10.2.0/../../../../arm-none-eabi/lib/thumb/v7e-m+fp/hard\libc_nano.a(lib_a-strlen.o)
                              ./FreeRTOS/Source/tasks.o (strlen)
c:/nxp/s32ds.3.5/s32ds/build_tools/gcc_v10.2/gcc-10.2-arm32-eabi/bin/../lib/gcc/arm-none-eabi/10.2.0/../../../../arm-none-eabi/lib/thumb/v7e-m+fp/hard\libc_nano.a(lib_a-impure.o)
                              c:/nxp/s32ds.3.5/s32ds/build_tools/gcc_v10.2/gcc-10.2-arm32-eabi/bin/../lib/gcc/arm-none-eabi/10.2.0/../../../../arm-none-eabi/lib/thumb/v7e-m+fp/hard\libc_nano.a(lib_a-sprintf.o) (_impure_ptr)
c:/nxp/s32ds.3.5/s32ds/build_tools/gcc_v10.2/gcc-10.2-arm32-eabi/bin/../lib/gcc/arm-none-eabi/10.2.0/../../../../arm-none-eabi/lib/thumb/v7e-m+fp/hard\libc_nano.a(lib_a-nano-svfprintf.o)
                              c:/nxp/s32ds.3.5/s32ds/build_tools/gcc_v10.2/gcc-10.2-arm32-eabi/bin/../lib/gcc/arm-none-eabi/10.2.0/../../../../arm-none-eabi/lib/thumb/v7e-m+fp/hard\libc_nano.a(lib_a-sprintf.o) (_svfprintf_r)
c:/nxp/s32ds.3.5/s32ds/build_tools/gcc_v10.2/gcc-10.2-arm32-eabi/bin/../lib/gcc/arm-none-eabi/10.2.0/../../../../arm-none-eabi/lib/thumb/v7e-m+fp/hard\libc_nano.a(lib_a-nano-vfprintf_i.o)
                              c:/nxp/s32ds.3.5/s32ds/build_tools/gcc_v10.2/gcc-10.2-arm32-eabi/bin/../lib/gcc/arm-none-eabi/10.2.0/../../../../arm-none-eabi/lib/thumb/v7e-m+fp/hard\libc_nano.a(lib_a-nano-svfprintf.o) (_printf_i)
c:/nxp/s32ds.3.5/s32ds/build_tools/gcc_v10.2/gcc-10.2-arm32-eabi/bin/../lib/gcc/arm-none-eabi/10.2.0/../../../../arm-none-eabi/lib/thumb/v7e-m+fp/hard\libc_nano.a(lib_a-memchr.o)
                              c:/nxp/s32ds.3.5/s32ds/build_tools/gcc_v10.2/gcc-10.2-arm32-eabi/bin/../lib/gcc/arm-none-eabi/10.2.0/../../../../arm-none-eabi/lib/thumb/v7e-m+fp/hard\libc_nano.a(lib_a-nano-svfprintf.o) (memchr)
c:/nxp/s32ds.3.5/s32ds/build_tools/gcc_v10.2/gcc-10.2-arm32-eabi/bin/../lib/gcc/arm-none-eabi/10.2.0/../../../../arm-none-eabi/lib/thumb/v7e-m+fp/hard\libc_nano.a(lib_a-nano-freer.o)
                              c:/nxp/s32ds.3.5/s32ds/build_tools/gcc_v10.2/gcc-10.2-arm32-eabi/bin/../lib/gcc/arm-none-eabi/10.2.0/../../../../arm-none-eabi/lib/thumb/v7e-m+fp/hard\libc_nano.a(lib_a-nano-svfprintf.o) (_free_r)
c:/nxp/s32ds.3.5/s32ds/build_tools/gcc_v10.2/gcc-10.2-arm32-eabi/bin/../lib/gcc/arm-none-eabi/10.2.0/../../../../arm-none-eabi/lib/thumb/v7e-m+fp/hard\libc_nano.a(lib_a-nano-mallocr.o)
                              c:/nxp/s32ds.3.5/s32ds/build_tools/gcc_v10.2/gcc-10.2-arm32-eabi/bin/../lib/gcc/arm-none-eabi/10.2.0/../../../../arm-none-eabi/lib/thumb/v7e-m+fp/hard\libc_nano.a(lib_a-nano-svfprintf.o) (_malloc_r)
c:/nxp/s32ds.3.5/s32ds/build_tools/gcc_v10.2/gcc-10.2-arm32-eabi/bin/../lib/gcc/arm-none-eabi/10.2.0/../../../../arm-none-eabi/lib/thumb/v7e-m+fp/hard\libc_nano.a(lib_a-nano-reallocr.o)
                              c:/nxp/s32ds.3.5/s32ds/build_tools/gcc_v10.2/gcc-10.2-arm32-eabi/bin/../lib/gcc/arm-none-eabi/10.2.0/../../../../arm-none-eabi/lib/thumb/v7e-m+fp/hard\libc_nano.a(lib_a-nano-svfprintf.o) (_realloc_r)
c:/nxp/s32ds.3.5/s32ds/build_tools/gcc_v10.2/gcc-10.2-arm32-eabi/bin/../lib/gcc/arm-none-eabi/10.2.0/../../../../arm-none-eabi/lib/thumb/v7e-m+fp/hard\libc_nano.a(lib_a-sbrkr.o)
[...]
Memory Configuration

Name             Origin             Length             Attributes
int_pflash       0x00400000         0x007d4000
int_dflash       0x10000000         0x00020000
int_itcm         0x00000000         0x00010000
int_dtcm         0x20000000         0x0000f000
int_stack_dtcm   0x2000f000         0x00001000
int_sram         0x20400000         0x0007ff00
int_sram_fls_rsv 0x2047ff00         0x00000100
int_sram_no_cacheable 0x20480000         0x0003bf00
int_sram_results 0x204bbf00         0x00000100
int_sram_shareable 0x204bc000         0x00004000
ram_rsvd2        0x204c0000         0x00000000
*default*        0x00000000         0xffffffff

Linker script and memory map

LOAD ./FreeRTOS/Source/croutine.o
LOAD ./FreeRTOS/Source/event_groups.o
LOAD ./FreeRTOS/Source/list.o
LOAD ./FreeRTOS/Source/queue.o
LOAD ./FreeRTOS/Source/stream_buffer.o
LOAD ./FreeRTOS/Source/tasks.o
LOAD ./FreeRTOS/Source/timers.o
LOAD ./FreeRTOS/Source/portable/GCC/ARM_CM7/r0p1/port.o
LOAD ./FreeRTOS/Source/portable/MemMang/heap_1.o
LOAD ./Project_Settings/Startup_Code/Vector_Table.o
LOAD ./Project_Settings/Startup_Code/exceptions.o
LOAD ./Project_Settings/Startup_Code/nvic.o
LOAD ./Project_Settings/Startup_Code/startup.o
LOAD ./Project_Settings/Startup_Code/startup_cm7.o
LOAD ./Project_Settings/Startup_Code/system.o
LOAD ./RTD/src/Clock_Ip.o
LOAD ./RTD/src/Clock_Ip_Data.o
LOAD ./RTD/src/Clock_Ip_Divider.o
LOAD ./RTD/src/Clock_Ip_DividerTrigger.o
LOAD ./RTD/src/Clock_Ip_ExtOsc.o
LOAD ./RTD/src/Clock_Ip_FracDiv.o
LOAD ./RTD/src/Clock_Ip_Frequency.o
LOAD ./RTD/src/Clock_Ip_Gate.o
LOAD ./RTD/src/Clock_Ip_IntOsc.o
LOAD ./RTD/src/Clock_Ip_Irq.o
LOAD ./RTD/src/Clock_Ip_Monitor.o
LOAD ./RTD/src/Clock_Ip_Pll.o
LOAD ./RTD/src/Clock_Ip_ProgFreqSwitch.o
LOAD ./RTD/src/Clock_Ip_Selector.o
LOAD ./RTD/src/Clock_Ip_Specific.o
LOAD ./RTD/src/Det.o
LOAD ./RTD/src/Det_stub.o
LOAD ./RTD/src/Flexio_Mcl_Ip.o
LOAD ./RTD/src/Flexio_Mcl_Ip_HwAccess.o
LOAD ./RTD/src/Flexio_Mcl_Ip_Irq.o
LOAD ./RTD/src/Flexio_Spi_Ip.o
LOAD ./RTD/src/Flexio_Spi_Ip_Irq.o
LOAD ./RTD/src/Igf_Port_Ip.o
LOAD ./RTD/src/IntCtrl_Ip.o
LOAD ./RTD/src/Lpspi_Ip.o
LOAD ./RTD/src/Lpspi_Ip_Irq.o
LOAD ./RTD/src/Lpuart_Uart_Ip.o
LOAD ./RTD/src/Lpuart_Uart_Ip_Irq.o
LOAD ./RTD/src/OsIf_Interrupts.o
LOAD ./RTD/src/OsIf_Timer.o
LOAD ./RTD/src/OsIf_Timer_System.o
LOAD ./RTD/src/OsIf_Timer_System_Internal_Systick.o
LOAD ./RTD/src/SchM_Dio.o
LOAD ./RTD/src/SchM_Mcl.o
LOAD ./RTD/src/SchM_Mcu.o
LOAD ./RTD/src/SchM_Port.o
LOAD ./RTD/src/SchM_Spi.o
LOAD ./RTD/src/SchM_Uart.o
LOAD ./RTD/src/Siul2_Dio_Ip.o
LOAD ./RTD/src/Siul2_Port_Ip.o
LOAD ./RTD/src/Tspc_Port_Ip.o
LOAD ./board/Siul2_Port_Ip_Cfg.o
LOAD ./board/Tspc_Port_Ip_Cfg.o
LOAD ./generate/src/Clock_Ip_Cfg.o
LOAD ./generate/src/Flexio_Mcl_Ip_PBcfg.o
LOAD ./generate/src/Flexio_Spi_Ip_Sa_PBcfg.o
LOAD ./generate/src/Igf_Port_Ip_Cfg.o
LOAD ./generate/src/IntCtrl_Ip_Cfg.o
LOAD ./generate/src/Lpspi_Ip_Sa_PBcfg.o
LOAD ./generate/src/Lpuart_Uart_Ip_Sa_PBcfg.o
LOAD ./generate/src/OsIf_Cfg.o
LOAD ./src/main.o
LOAD c:/nxp/s32ds.3.5/s32ds/build_tools/gcc_v10.2/gcc-10.2-arm32-eabi/bin/../lib/gcc/arm-none-eabi/10.2.0/../../../../arm-none-eabi/lib/thumb/v7e-m+fp/hard\libc_nano.a
LOAD c:/nxp/s32ds.3.5/s32ds/build_tools/gcc_v10.2/gcc-10.2-arm32-eabi/bin/../lib/gcc/arm-none-eabi/10.2.0/../../../../arm-none-eabi/lib/thumb/v7e-m+fp/hard\libm.a
LOAD c:/nxp/s32ds.3.5/s32ds/build_tools/gcc_v10.2/gcc-10.2-arm32-eabi/bin/../lib/gcc/arm-none-eabi/10.2.0/thumb/v7e-m+fp/hard\libgcc.a
START GROUP
LOAD c:/nxp/s32ds.3.5/s32ds/build_tools/gcc_v10.2/gcc-10.2-arm32-eabi/bin/../lib/gcc/arm-none-eabi/10.2.0/thumb/v7e-m+fp/hard\libgcc.a
LOAD c:/nxp/s32ds.3.5/s32ds/build_tools/gcc_v10.2/gcc-10.2-arm32-eabi/bin/../lib/gcc/arm-none-eabi/10.2.0/../../../../arm-none-eabi/lib/thumb/v7e-m+fp/hard\libg_nano.a
LOAD c:/nxp/s32ds.3.5/s32ds/build_tools/gcc_v10.2/gcc-10.2-arm32-eabi/bin/../lib/gcc/arm-none-eabi/10.2.0/../../../../arm-none-eabi/lib/thumb/v7e-m+fp/hard\libc_nano.a
END GROUP
START GROUP
LOAD c:/nxp/s32ds.3.5/s32ds/build_tools/gcc_v10.2/gcc-10.2-arm32-eabi/bin/../lib/gcc/arm-none-eabi/10.2.0/thumb/v7e-m+fp/hard\libgcc.a
LOAD c:/nxp/s32ds.3.5/s32ds/build_tools/gcc_v10.2/gcc-10.2-arm32-eabi/bin/../lib/gcc/arm-none-eabi/10.2.0/../../../../arm-none-eabi/lib/thumb/v7e-m+fp/hard\libc_nano.a
LOAD c:/nxp/s32ds.3.5/s32ds/build_tools/gcc_v10.2/gcc-10.2-arm32-eabi/bin/../lib/gcc/arm-none-eabi/10.2.0/../../../../arm-none-eabi/lib/thumb/v7e-m+fp/hard\libnosys.a
END GROUP
START GROUP
LOAD c:/nxp/s32ds.3.5/s32ds/build_tools/gcc_v10.2/gcc-10.2-arm32-eabi/bin/../lib/gcc/arm-none-eabi/10.2.0/thumb/v7e-m+fp/hard\libgcc.a
LOAD c:/nxp/s32ds.3.5/s32ds/build_tools/gcc_v10.2/gcc-10.2-arm32-eabi/bin/../lib/gcc/arm-none-eabi/10.2.0/../../../../arm-none-eabi/lib/thumb/v7e-m+fp/hard\libc_nano.a
LOAD c:/nxp/s32ds.3.5/s32ds/build_tools/gcc_v10.2/gcc-10.2-arm32-eabi/bin/../lib/gcc/arm-none-eabi/10.2.0/../../../../arm-none-eabi/lib/thumb/v7e-m+fp/hard\libnosys.a
END GROUP
                0x00002000                HEAP_SIZE = DEFINED (__heap_size__)?__heap_size__:0x2000
                0x2040ffff                __STANDBY_RAM_LIMIT_END = 0x2040ffff

.pflash         0x00400000    0x121a8
 *(.boot_header)
 .boot_header   0x00400000       0x30 ./Project_Settings/Startup_Code/startup_cm7.o
                0x00400800                . = ALIGN (0x800)
 *fill*         0x00400030      0x7d0 
                0x00400800                __text_start = .
                0x00400800                __interrupts_init_start = .
 *(.intc_vector)
 .intc_vector   0x00400800      0x408 ./Project_Settings/Startup_Code/Vector_Table.o
                0x00400800                VTABLE
                0x00400c08                . = ALIGN (0x4)
                0x00400c08                __interrupts_init_end = .
 *(.core_loop)
 .core_loop     0x00400c08        0xc ./Project_Settings/Startup_Code/startup_cm7.o
                0x00400c08                _core_loop
                0x00400c14                . = ALIGN (0x4)
 *(.startup)
 *fill*         0x00400c14        0xc 
 .startup       0x00400c20      0x1cc ./Project_Settings/Startup_Code/startup_cm7.o
                0x00400c20                Reset_Handler
                0x00400c20                _start
                0x00400d7c                MCAL_LTB_TRACE_OFF
                0x00400d7e                _end_of_eunit_test
                0x00400dec                . = ALIGN (0x4)
 *(.systeminit)
                0x00400dec                . = ALIGN (0x4)
 *(.text.startup)
 .text.startup  0x00400dec      0x144 ./src/main.o
                0x00400dec                main
                0x00400f30                . = ALIGN (0x4)
 *(.text)
 .text          0x00400f30        0x0 ./FreeRTOS/Source/croutine.o
 .text          0x00400f30      0x3b0 ./FreeRTOS/Source/event_groups.o
                0x00400f30                xEventGroupCreate
                0x00400f4a                xEventGroupWaitBits
                0x0040106a                xEventGroupClearBits
                0x004010b8                vEventGroupClearBitsCallback
                0x004010bc                xEventGroupClearBitsFromISR
                0x004010cc                xEventGroupGetBitsFromISR
                0x004010ec                xEventGroupSetBits
                0x0040117a                xEventGroupSync
                0x00401262                vEventGroupSetBitsCallback
                0x00401266                vEventGroupDelete
                0x004012c2                xEventGroupSetBitsFromISR
                0x004012d4                uxEventGroupGetNumber
                0x004012da                vEventGroupSetNumber
 .text          0x004012e0       0x82 ./FreeRTOS/Source/list.o
                0x004012e0                vListInitialise
                0x004012f6                vListInitialiseItem
                0x004012fc                vListInsertEnd
                0x00401314                vListInsert
                0x00401342                uxListRemove
 *fill*         0x00401362        0x2 
 .text          0x00401364      0xdfc ./FreeRTOS/Source/queue.o
                0x0040147e                xQueueGenericReset
                0x00401520                xQueueGenericCreate
                0x00401578                xQueueGetMutexHolder
                0x004015aa                xQueueGetMutexHolderFromISR
                0x004015ce                xQueueCreateCountingSemaphore
                0x004015fc                xQueueGenericSend
                0x00401772                xQueueCreateMutex
                0x00401796                xQueueGiveMutexRecursive
                0x004017d6                xQueueGenericSendFromISR
                0x004018cc                xQueueGiveFromISR
                0x004019a6                xQueueReceive
                0x00401af0                xQueueSemaphoreTake
                0x00401c6e                xQueueTakeMutexRecursive
                0x00401cb6                xQueuePeek
                0x00401e00                xQueueReceiveFromISR
                0x00401ece                xQueuePeekFromISR
                0x00401f54                uxQueueMessagesWaiting
                0x00401f82                uxQueueSpacesAvailable
                0x00401fb4                uxQueueMessagesWaitingFromISR
                0x00401fd0                uxQueueGetQueueNumber
                0x00401fd4                vQueueSetQueueNumber
                0x00401fd8                ucQueueGetQueueType
                0x00401fde                xQueueIsQueueEmptyFromISR
                0x00402000                xQueueIsQueueFullFromISR
                0x00402024                vQueueAddToRegistry
                0x00402078                pcQueueGetName
                0x004020b4                vQueueUnregisterQueue
                0x004020f4                vQueueDelete
                0x0040211a                vQueueWaitForMessageRestricted
 .text          0x00402160      0x82a ./FreeRTOS/Source/stream_buffer.o
                0x0040232e                xStreamBufferGenericCreate
                0x004023bc                vStreamBufferDelete
                0x004023e6                xStreamBufferReset
                0x00402436                xStreamBufferSetTriggerLevel
                0x00402462                xStreamBufferSpacesAvailable
                0x00402498                xStreamBufferBytesAvailable
                0x004024b2                xStreamBufferSend
                0x004025ea                xStreamBufferSendFromISR
                0x00402692                xStreamBufferReceive
                0x00402780                xStreamBufferNextMessageLengthBytes
                0x004027da                xStreamBufferReceiveFromISR
                0x00402876                xStreamBufferIsEmpty
                0x0040289a                xStreamBufferIsFull
                0x004028ce                xStreamBufferSendCompletedFromISR
                0x00402924                xStreamBufferReceiveCompletedFromISR
                0x0040297a                uxStreamBufferGetStreamBufferNumber
                0x0040297e                vStreamBufferSetStreamBufferNumber
                0x00402982                ucStreamBufferGetStreamBufferType
 *fill*         0x0040298a        0x2 
 .text          0x0040298c     0x1b14 ./FreeRTOS/Source/tasks.o
                0x00402b00                xTaskCreate
                0x00402ca4                vTaskDelete
                0x00402d4c                eTaskGetState
                0x00402dc8                uxTaskPriorityGet
                0x00402de8                uxTaskPriorityGetFromISR
                0x00402e1c                vTaskPrioritySet
                0x00402ef8                vTaskResume
                0x00402f8c                xTaskResumeFromISR
                0x00403048                vTaskStartScheduler
                0x004030c4                vTaskEndScheduler
                0x004030e8                vTaskSuspendAll
                0x004030fc                xTaskGetTickCount
                0x00403108                xTaskGetTickCountFromISR
                0x00403118                uxTaskGetNumberOfTasks
                0x00403124                pcTaskGetName
                0x0040314c                xTaskIncrementTick
                0x0040328c                xTaskResumeAll
                0x004033b0                xTaskDelayUntil
                0x00403454                vTaskDelay
                0x004034a4                xTaskGetHandle
                0x00403528                xTaskCatchUpTicks
                0x0040356c                xTaskAbortDelay
                0x00403608                vTaskSwitchContext
                0x00403678                vTaskSuspend
                0x00403720                vTaskPlaceOnEventList
                0x00403758                vTaskPlaceOnUnorderedEventList
                0x004037cc                vTaskPlaceOnEventListRestricted
                0x0040382c                xTaskRemoveFromEventList
                0x004038f8                vTaskRemoveFromUnorderedEventList
                0x004039b8                vTaskSetTimeOutState
                0x004039f0                vTaskInternalSetTimeOutState
                0x00403a04                xTaskCheckForTimeOut
                0x00403a94                vTaskMissedYield
                0x00403aa4                uxTaskGetTaskNumber
                0x00403aaa                vTaskSetTaskNumber
                0x00403ab0                vTaskGetInfo
                0x00403b88                uxTaskGetSystemState
                0x00403c20                uxTaskGetStackHighWaterMark
                0x00403c40                xTaskGetCurrentTaskHandle
                0x00403c4c                xTaskGetSchedulerState
                0x00403c6c                xTaskPriorityInherit
                0x00403cfc                xTaskPriorityDisinherit
                0x00403d98                vTaskPriorityDisinheritAfterTimeout
                0x00403e48                vTaskList
                0x00403f0c                uxTaskResetEventItemValue
                0x00403f24                pvTaskIncrementMutexHeldCount
                0x00403f3c                ulTaskGenericNotifyTake
                0x00403fb8                xTaskGenericNotifyWait
                0x00404060                xTaskGenericNotify
                0x0040418c                xTaskGenericNotifyFromISR
                0x00404300                vTaskGenericNotifyGiveFromISR
                0x00404428                xTaskGenericNotifyStateClear
                0x00404470                ulTaskGenericNotifyValueClear
 .text          0x004044a0      0x580 ./FreeRTOS/Source/timers.o
                0x0040472c                xTimerCreateTimerTask
                0x00404778                xTimerCreate
                0x004047d6                xTimerGenericCommand
                0x00404830                xTimerGetTimerDaemonTaskHandle
                0x00404854                xTimerGetPeriod
                0x00404870                vTimerSetReloadMode
                0x004048ae                xTimerGetReloadMode
                0x004048e2                uxTimerGetReloadMode
                0x004048e6                xTimerGetExpiryTime
                0x00404902                pcTimerGetName
                0x0040491e                xTimerIsTimerActive
                0x00404952                pvTimerGetTimerID
                0x00404980                vTimerSetTimerID
                0x004049ac                xTimerPendFunctionCallFromISR
                0x004049d4                xTimerPendFunctionCall
                0x00404a18                uxTimerGetTimerNumber
                0x00404a1c                vTimerSetTimerNumber
 .text          0x00404a20      0x33c ./FreeRTOS/Source/portable/GCC/ARM_CM7/r0p1/port.o
                0x00404aa4                pxPortInitialiseStack
                0x00404ac8                SVC_Handler
                0x00404af4                vPortEndScheduler
                0x00404b1c                vPortEnterCritical
                0x00404b64                vPortExitCritical
                0x00404b90                PendSV_Handler
                0x00404bf4                SysTick_Handler
                0x00404c24                vPortSetupTimerInterrupt
                0x00404c3c                xPortStartScheduler
                0x00404d00                vPortValidateInterruptPriority
 .text          0x00404d5c       0x8c ./FreeRTOS/Source/portable/MemMang/heap_1.o
                0x00404d5c                pvPortMalloc
                0x00404db0                vPortFree
                0x00404dca                vPortInitialiseBlocks
                0x00404dd8                xPortGetFreeHeapSize
 .text          0x00404de8        0x0 ./Project_Settings/Startup_Code/Vector_Table.o
 .text          0x00404de8        0x0 ./Project_Settings/Startup_Code/exceptions.o
 .text          0x00404de8        0x0 ./Project_Settings/Startup_Code/nvic.o
 .text          0x00404de8        0x0 ./Project_Settings/Startup_Code/startup.o
 .text          0x00404de8        0x0 ./Project_Settings/Startup_Code/startup_cm7.o
 .text          0x00404de8       0x10 ./Project_Settings/Startup_Code/system.o
                0x00404de8                Sys_GetCoreID
 .text          0x00404df8        0x0 ./RTD/src/Clock_Ip.o
 .text          0x00404df8        0x0 ./RTD/src/Clock_Ip_Data.o
 .text          0x00404df8        0x0 ./RTD/src/Clock_Ip_Divider.o
 .text          0x00404df8        0x0 ./RTD/src/Clock_Ip_DividerTrigger.o
 .text          0x00404df8        0x0 ./RTD/src/Clock_Ip_ExtOsc.o
 .text          0x00404df8        0x0 ./RTD/src/Clock_Ip_FracDiv.o
 .text          0x00404df8        0x0 ./RTD/src/Clock_Ip_Frequency.o
 .text          0x00404df8        0x0 ./RTD/src/Clock_Ip_Gate.o
 .text          0x00404df8        0x0 ./RTD/src/Clock_Ip_IntOsc.o
 .text          0x00404df8        0x0 ./RTD/src/Clock_Ip_Irq.o
 .text          0x00404df8        0x0 ./RTD/src/Clock_Ip_Monitor.o
 .text          0x00404df8        0x0 ./RTD/src/Clock_Ip_Pll.o
 .text          0x00404df8        0x0 ./RTD/src/Clock_Ip_ProgFreqSwitch.o
 .text          0x00404df8        0x0 ./RTD/src/Clock_Ip_Selector.o
 .text          0x00404df8        0x0 ./RTD/src/Clock_Ip_Specific.o
 .text          0x00404df8        0x0 ./RTD/src/Det.o
 .text          0x00404df8        0x0 ./RTD/src/Det_stub.o
 .text          0x00404df8        0x0 ./RTD/src/Flexio_Mcl_Ip.o
 .text          0x00404df8        0x0 ./RTD/src/Flexio_Mcl_Ip_HwAccess.o
 .text          0x00404df8        0x0 ./RTD/src/Flexio_Mcl_Ip_Irq.o
 .text          0x00404df8       0x14 ./RTD/src/Flexio_Spi_Ip.o
 .text          0x00404e0c        0x0 ./RTD/src/Flexio_Spi_Ip_Irq.o
 .text          0x00404e0c        0x0 ./RTD/src/Igf_Port_Ip.o
 .text          0x00404e0c       0x14 ./RTD/src/IntCtrl_Ip.o
 .text          0x00404e20       0x14 ./RTD/src/Lpspi_Ip.o
 .text          0x00404e34        0x0 ./RTD/src/Lpspi_Ip_Irq.o
 .text          0x00404e34       0x14 ./RTD/src/Lpuart_Uart_Ip.o
 .text          0x00404e48        0x0 ./RTD/src/Lpuart_Uart_Ip_Irq.o
 .text          0x00404e48        0x0 ./RTD/src/OsIf_Interrupts.o
 .text          0x00404e48        0x0 ./RTD/src/OsIf_Timer.o
 .text          0x00404e48        0x0 ./RTD/src/OsIf_Timer_System.o
 .text          0x00404e48        0x0 ./RTD/src/OsIf_Timer_System_Internal_Systick.o
 .text          0x00404e48        0x6 ./RTD/src/SchM_Dio.o
                0x00404e48                Dio_schm_read_msr
 .text          0x00404e4e        0x6 ./RTD/src/SchM_Mcl.o
                0x00404e4e                Mcl_schm_read_msr
 .text          0x00404e54        0x6 ./RTD/src/SchM_Mcu.o
                0x00404e54                Mcu_schm_read_msr
 .text          0x00404e5a        0x6 ./RTD/src/SchM_Port.o
                0x00404e5a                Port_schm_read_msr
 .text          0x00404e60        0x6 ./RTD/src/SchM_Spi.o
                0x00404e60                Spi_schm_read_msr
 .text          0x00404e66        0x6 ./RTD/src/SchM_Uart.o
                0x00404e66                Uart_schm_read_msr
 .text          0x00404e6c       0x14 ./RTD/src/Siul2_Dio_Ip.o
 .text          0x00404e80       0x14 ./RTD/src/Siul2_Port_Ip.o
 .text          0x00404e94        0x0 ./RTD/src/Tspc_Port_Ip.o
 .text          0x00404e94        0x0 ./board/Siul2_Port_Ip_Cfg.o
 .text          0x00404e94        0x0 ./board/Tspc_Port_Ip_Cfg.o
 .text          0x00404e94        0x0 ./generate/src/Clock_Ip_Cfg.o
 .text          0x00404e94        0x0 ./generate/src/Flexio_Mcl_Ip_PBcfg.o
 .text          0x00404e94        0x0 ./generate/src/Flexio_Spi_Ip_Sa_PBcfg.o
 .text          0x00404e94        0x0 ./generate/src/Igf_Port_Ip_Cfg.o
 .text          0x00404e94        0x0 ./generate/src/IntCtrl_Ip_Cfg.o
 .text          0x00404e94        0x0 ./generate/src/Lpspi_Ip_Sa_PBcfg.o
 .text          0x00404e94        0x0 ./generate/src/Lpuart_Uart_Ip_Sa_PBcfg.o
 .text          0x00404e94        0x0 ./generate/src/OsIf_Cfg.o
 .text          0x00404e94      0x27c ./src/main.o
                0x00404e94                SpiSlave_Callback
 .text          0x00405110        0x0 c:/nxp/s32ds.3.5/s32ds/build_tools/gcc_v10.2/gcc-10.2-arm32-eabi/bin/../lib/gcc/arm-none-eabi/10.2.0/../../../../arm-none-eabi/lib/thumb/v7e-m+fp/hard\libc_nano.a(lib_a-memcmp.o)
 .text          0x00405110        0x0 c:/nxp/s32ds.3.5/s32ds/build_tools/gcc_v10.2/gcc-10.2-arm32-eabi/bin/../lib/gcc/arm-none-eabi/10.2.0/../../../../arm-none-eabi/lib/thumb/v7e-m+fp/hard\libc_nano.a(lib_a-memcpy-stub.o)
 .text          0x00405110        0x0 c:/nxp/s32ds.3.5/s32ds/build_tools/gcc_v10.2/gcc-10.2-arm32-eabi/bin/../lib/gcc/arm-none-eabi/10.2.0/../../../../arm-none-eabi/lib/thumb/v7e-m+fp/hard\libc_nano.a(lib_a-memmove.o)
 .text          0x00405110        0x0 c:/nxp/s32ds.3.5/s32ds/build_tools/gcc_v10.2/gcc-10.2-arm32-eabi/bin/../lib/gcc/arm-none-eabi/10.2.0/../../../../arm-none-eabi/lib/thumb/v7e-m+fp/hard\libc_nano.a(lib_a-memset.o)
 .text          0x00405110        0x0 c:/nxp/s32ds.3.5/s32ds/build_tools/gcc_v10.2/gcc-10.2-arm32-eabi/bin/../lib/gcc/arm-none-eabi/10.2.0/../../../../arm-none-eabi/lib/thumb/v7e-m+fp/hard\libc_nano.a(lib_a-sprintf.o)
 .text          0x00405110        0x0 c:/nxp/s32ds.3.5/s32ds/build_tools/gcc_v10.2/gcc-10.2-arm32-eabi/bin/../lib/gcc/arm-none-eabi/10.2.0/../../../../arm-none-eabi/lib/thumb/v7e-m+fp/hard\libc_nano.a(lib_a-strcpy.o)
 .text          0x00405110       0x10 c:/nxp/s32ds.3.5/s32ds/build_tools/gcc_v10.2/gcc-10.2-arm32-eabi/bin/../lib/gcc/arm-none-eabi/10.2.0/../../../../arm-none-eabi/lib/thumb/v7e-m+fp/hard\libc_nano.a(lib_a-strlen.o)
                0x00405110                strlen
 .text          0x00405120        0x0 c:/nxp/s32ds.3.5/s32ds/build_tools/gcc_v10.2/gcc-10.2-arm32-eabi/bin/../lib/gcc/arm-none-eabi/10.2.0/../../../../arm-none-eabi/lib/thumb/v7e-m+fp/hard\libc_nano.a(lib_a-impure.o)
 .text          0x00405120        0x0 c:/nxp/s32ds.3.5/s32ds/build_tools/gcc_v10.2/gcc-10.2-arm32-eabi/bin/../lib/gcc/arm-none-eabi/10.2.0/../../../../arm-none-eabi/lib/thumb/v7e-m+fp/hard\libc_nano.a(lib_a-nano-svfprintf.o)
 .text          0x00405120        0x0 c:/nxp/s32ds.3.5/s32ds/build_tools/gcc_v10.2/gcc-10.2-arm32-eabi/bin/../lib/gcc/arm-none-eabi/10.2.0/../../../../arm-none-eabi/lib/thumb/v7e-m+fp/hard\libc_nano.a(lib_a-nano-vfprintf_i.o)
 .text          0x00405120       0xa0 c:/nxp/s32ds.3.5/s32ds/build_tools/gcc_v10.2/gcc-10.2-arm32-eabi/bin/../lib/gcc/arm-none-eabi/10.2.0/../../../../arm-none-eabi/lib/thumb/v7e-m+fp/hard\libc_nano.a(lib_a-memchr.o)
                0x00405120                memchr
 .text          0x004051c0        0x0 c:/nxp/s32ds.3.5/s32ds/build_tools/gcc_v10.2/gcc-10.2-arm32-eabi/bin/../lib/gcc/arm-none-eabi/10.2.0/../../../../arm-none-eabi/lib/thumb/v7e-m+fp/hard\libc_nano.a(lib_a-nano-freer.o)
 .text          0x004051c0        0x0 c:/nxp/s32ds.3.5/s32ds/build_tools/gcc_v10.2/gcc-10.2-arm32-eabi/bin/../lib/gcc/arm-none-eabi/10.2.0/../../../../arm-none-eabi/lib/thumb/v7e-m+fp/hard\libc_nano.a(lib_a-nano-mallocr.o)
 .text          0x004051c0        0x0 c:/nxp/s32ds.3.5/s32ds/build_tools/gcc_v10.2/gcc-10.2-arm32-eabi/bin/../lib/gcc/arm-none-eabi/10.2.0/../../../../arm-none-eabi/lib/thumb/v7e-m+fp/hard\libc_nano.a(lib_a-nano-reallocr.o)
 .text          0x004051c0        0x0 c:/nxp/s32ds.3.5/s32ds/build_tools/gcc_v10.2/gcc-10.2-arm32-eabi/bin/../lib/gcc/arm-none-eabi/10.2.0/../../../../arm-none-eabi/lib/thumb/v7e-m+fp/hard\libc_nano.a(lib_a-sbrkr.o)
 .text          0x004051c0        0x0 c:/nxp/s32ds.3.5/s32ds/build_tools/gcc_v10.2/gcc-10.2-arm32-eabi/bin/../lib/gcc/arm-none-eabi/10.2.0/../../../../arm-none-eabi/lib/thumb/v7e-m+fp/hard\libc_nano.a(lib_a-mlock.o)
 .text          0x004051c0        0x0 c:/nxp/s32ds.3.5/s32ds/build_tools/gcc_v10.2/gcc-10.2-arm32-eabi/bin/../lib/gcc/arm-none-eabi/10.2.0/../../../../arm-none-eabi/lib/thumb/v7e-m+fp/hard\libc_nano.a(lib_a-nano-msizer.o)
 .text          0x004051c0        0x0 c:/nxp/s32ds.3.5/s32ds/build_tools/gcc_v10.2/gcc-10.2-arm32-eabi/bin/../lib/gcc/arm-none-eabi/10.2.0/../../../../arm-none-eabi/lib/thumb/v7e-m+fp/hard\libc_nano.a(lib_a-reent.o)
 .text          0x004051c0        0x0 c:/nxp/s32ds.3.5/s32ds/build_tools/gcc_v10.2/gcc-10.2-arm32-eabi/bin/../lib/gcc/arm-none-eabi/10.2.0/../../../../arm-none-eabi/lib/thumb/v7e-m+fp/hard\libnosys.a(sbrk.o)
 *(.text*)
 .text.memcmp   0x004051c0       0x20 c:/nxp/s32ds.3.5/s32ds/build_tools/gcc_v10.2/gcc-10.2-arm32-eabi/bin/../lib/gcc/arm-none-eabi/10.2.0/../../../../arm-none-eabi/lib/thumb/v7e-m+fp/hard\libc_nano.a(lib_a-memcmp.o)
                0x004051c0                memcmp
 .text.memcpy   0x004051e0       0x1c c:/nxp/s32ds.3.5/s32ds/build_tools/gcc_v10.2/gcc-10.2-arm32-eabi/bin/../lib/gcc/arm-none-eabi/10.2.0/../../../../arm-none-eabi/lib/thumb/v7e-m+fp/hard\libc_nano.a(lib_a-memcpy-stub.o)
                0x004051e0                memcpy
 .text.memmove  0x004051fc       0x34 c:/nxp/s32ds.3.5/s32ds/build_tools/gcc_v10.2/gcc-10.2-arm32-eabi/bin/../lib/gcc/arm-none-eabi/10.2.0/../../../../arm-none-eabi/lib/thumb/v7e-m+fp/hard\libc_nano.a(lib_a-memmove.o)
                0x004051fc                memmove
 .text.memset   0x00405230       0x10 c:/nxp/s32ds.3.5/s32ds/build_tools/gcc_v10.2/gcc-10.2-arm32-eabi/bin/../lib/gcc/arm-none-eabi/10.2.0/../../../../arm-none-eabi/lib/thumb/v7e-m+fp/hard\libc_nano.a(lib_a-memset.o)
                0x00405230                memset
 .text._sprintf_r
                0x00405240       0x38 c:/nxp/s32ds.3.5/s32ds/build_tools/gcc_v10.2/gcc-10.2-arm32-eabi/bin/../lib/gcc/arm-none-eabi/10.2.0/../../../../arm-none-eabi/lib/thumb/v7e-m+fp/hard\libc_nano.a(lib_a-sprintf.o)
                0x00405240                _sprintf_r
                0x00405240                _siprintf_r
 .text.sprintf  0x00405278       0x40 c:/nxp/s32ds.3.5/s32ds/build_tools/gcc_v10.2/gcc-10.2-arm32-eabi/bin/../lib/gcc/arm-none-eabi/10.2.0/../../../../arm-none-eabi/lib/thumb/v7e-m+fp/hard\libc_nano.a(lib_a-sprintf.o)
                0x00405278                siprintf
                0x00405278                sprintf
 .text.strcpy   0x004052b8       0x10 c:/nxp/s32ds.3.5/s32ds/build_tools/gcc_v10.2/gcc-10.2-arm32-eabi/bin/../lib/gcc/arm-none-eabi/10.2.0/../../../../arm-none-eabi/lib/thumb/v7e-m+fp/hard\libc_nano.a(lib_a-strcpy.o)
                0x004052b8                strcpy
 .text.__ssputs_r
                0x004052c8       0xb6 c:/nxp/s32ds.3.5/s32ds/build_tools/gcc_v10.2/gcc-10.2-arm32-eabi/bin/../lib/gcc/arm-none-eabi/10.2.0/../../../../arm-none-eabi/lib/thumb/v7e-m+fp/hard\libc_nano.a(lib_a-nano-svfprintf.o)
                0x004052c8                __ssputs_r
 .text.__ssprint_r
                0x0040537e       0xf6 c:/nxp/s32ds.3.5/s32ds/build_tools/gcc_v10.2/gcc-10.2-arm32-eabi/bin/../lib/gcc/arm-none-eabi/10.2.0/../../../../arm-none-eabi/lib/thumb/v7e-m+fp/hard\libc_nano.a(lib_a-nano-svfprintf.o)
                0x0040537e                __ssprint_r
 .text._svfprintf_r
                0x00405474      0x200 c:/nxp/s32ds.3.5/s32ds/build_tools/gcc_v10.2/gcc-10.2-arm32-eabi/bin/../lib/gcc/arm-none-eabi/10.2.0/../../../../arm-none-eabi/lib/thumb/v7e-m+fp/hard\libc_nano.a(lib_a-nano-svfprintf.o)
                0x00405474                _svfiprintf_r
                0x00405474                _svfprintf_r
 .text._printf_common
                0x00405674       0xda c:/nxp/s32ds.3.5/s32ds/build_tools/gcc_v10.2/gcc-10.2-arm32-eabi/bin/../lib/gcc/arm-none-eabi/10.2.0/../../../../arm-none-eabi/lib/thumb/v7e-m+fp/hard\libc_nano.a(lib_a-nano-vfprintf_i.o)
                0x00405674                _printf_common
 *fill*         0x0040574e        0x2 
 .text._printf_i
                0x00405750      0x24c c:/nxp/s32ds.3.5/s32ds/build_tools/gcc_v10.2/gcc-10.2-arm32-eabi/bin/../lib/gcc/arm-none-eabi/10.2.0/../../../../arm-none-eabi/lib/thumb/v7e-m+fp/hard\libc_nano.a(lib_a-nano-vfprintf_i.o)
                0x00405750                _printf_i
 .text._free_r  0x0040599c       0x98 c:/nxp/s32ds.3.5/s32ds/build_tools/gcc_v10.2/gcc-10.2-arm32-eabi/bin/../lib/gcc/arm-none-eabi/10.2.0/../../../../arm-none-eabi/lib/thumb/v7e-m+fp/hard\libc_nano.a(lib_a-nano-freer.o)
                0x0040599c                _free_r
 .text._malloc_r
                0x00405a34       0xb4 c:/nxp/s32ds.3.5/s32ds/build_tools/gcc_v10.2/gcc-10.2-arm32-eabi/bin/../lib/gcc/arm-none-eabi/10.2.0/../../../../arm-none-eabi/lib/thumb/v7e-m+fp/hard\libc_nano.a(lib_a-nano-mallocr.o)
                0x00405a34                _malloc_r
 .text._realloc_r
                0x00405ae8       0x4c c:/nxp/s32ds.3.5/s32ds/build_tools/gcc_v10.2/gcc-10.2-arm32-eabi/bin/../lib/gcc/arm-none-eabi/10.2.0/../../../../arm-none-eabi/lib/thumb/v7e-m+fp/hard\libc_nano.a(lib_a-nano-reallocr.o)
                0x00405ae8                _realloc_r
 .text._sbrk_r  0x00405b34       0x20 c:/nxp/s32ds.3.5/s32ds/build_tools/gcc_v10.2/gcc-10.2-arm32-eabi/bin/../lib/gcc/arm-none-eabi/10.2.0/../../../../arm-none-eabi/lib/thumb/v7e-m+fp/hard\libc_nano.a(lib_a-sbrkr.o)
                0x00405b34                _sbrk_r
 .text.__malloc_lock
                0x00405b54        0x2 c:/nxp/s32ds.3.5/s32ds/build_tools/gcc_v10.2/gcc-10.2-arm32-eabi/bin/../lib/gcc/arm-none-eabi/10.2.0/../../../../arm-none-eabi/lib/thumb/v7e-m+fp/hard\libc_nano.a(lib_a-mlock.o)
                0x00405b54                __malloc_lock
 .text.__malloc_unlock
                0x00405b56        0x2 c:/nxp/s32ds.3.5/s32ds/build_tools/gcc_v10.2/gcc-10.2-arm32-eabi/bin/../lib/gcc/arm-none-eabi/10.2.0/../../../../arm-none-eabi/lib/thumb/v7e-m+fp/hard\libc_nano.a(lib_a-mlock.o)
                0x00405b56                __malloc_unlock
 .text._malloc_usable_size_r
                0x00405b58       0x10 c:/nxp/s32ds.3.5/s32ds/build_tools/gcc_v10.2/gcc-10.2-arm32-eabi/bin/../lib/gcc/arm-none-eabi/10.2.0/../../../../arm-none-eabi/lib/thumb/v7e-m+fp/hard\libc_nano.a(lib_a-nano-msizer.o)
                0x00405b58                _malloc_usable_size_r
 .text.cleanup_glue
                0x00405b68       0x1a c:/nxp/s32ds.3.5/s32ds/build_tools/gcc_v10.2/gcc-10.2-arm32-eabi/bin/../lib/gcc/arm-none-eabi/10.2.0/../../../../arm-none-eabi/lib/thumb/v7e-m+fp/hard\libc_nano.a(lib_a-reent.o)
                0x00405b68                cleanup_glue
 *fill*         0x00405b82        0x2 
 .text._reclaim_reent
                0x00405b84       0xb8 c:/nxp/s32ds.3.5/s32ds/build_tools/gcc_v10.2/gcc-10.2-arm32-eabi/bin/../lib/gcc/arm-none-eabi/10.2.0/../../../../arm-none-eabi/lib/thumb/v7e-m+fp/hard\libc_nano.a(lib_a-reent.o)
                0x00405b84                _reclaim_reent
 .text._sbrk    0x00405c3c       0x1c c:/nxp/s32ds.3.5/s32ds/build_tools/gcc_v10.2/gcc-10.2-arm32-eabi/bin/../lib/gcc/arm-none-eabi/10.2.0/../../../../arm-none-eabi/lib/thumb/v7e-m+fp/hard\libnosys.a(sbrk.o)
                0x00405c3c                _sbrk
                0x00405c58                . = ALIGN (0x4)
 *(.mcal_text)
 .mcal_text     0x00405c58       0x14 ./Project_Settings/Startup_Code/exceptions.o
                0x00405c58                NMI_Handler
                0x00405c5a                HardFault_Handler
                0x00405c5c                MemManage_Handler
                0x00405c5e                BusFault_Handler
                0x00405c60                UsageFault_Handler
                0x00405c64                DebugMon_Handler
                0x00405c6a                undefined_handler
 .mcal_text     0x00405c6c       0x52 ./Project_Settings/Startup_Code/nvic.o
                0x00405c6c                NVIC_SetPriorityGrouping
                0x00405c80                NVIC_EnableIRQ
                0x00405c98                NVIC_DisableIRQ
                0x00405cb0                NVIC_SetPriority
 *fill*         0x00405cbe        0x2 
 .mcal_text     0x00405cc0       0xe8 ./Project_Settings/Startup_Code/startup.o
                0x00405cc0                init_data_bss
                0x00405d4c                init_data_bss_core2
 .mcal_text     0x00405da8      0x2f8 ./Project_Settings/Startup_Code/system.o
                0x00405da8                startup_go_to_user_mode
                0x00405daa                default_interrupt_routine
                0x00405dac                SystemInit
 .mcal_text     0x004060a0      0x890 ./RTD/src/Clock_Ip.o
                0x004060a2                Clock_Ip_InitClock
                0x00406650                Clock_Ip_GetPllStatus
                0x004066f4                Clock_Ip_DistributePll
                0x004067e0                Clock_Ip_Init
                0x00406804                Clock_Ip_DisableClockMonitor
                0x00406828                Clock_Ip_InstallNotificationsCallback
                0x00406834                Clock_Ip_DisableModuleClock
                0x0040685c                Clock_Ip_EnableModuleClock
                0x00406884                Clock_Ip_GetClockFrequency
                0x00406888                Clock_Ip_DisableFircInStandby
                0x004068a0                Clock_Ip_EnableFircInStandby
                0x004068b8                Clock_Ip_DisableSircInStandby
                0x004068d0                Clock_Ip_EnableSircInStandby
                0x004068e8                Clock_Ip_ReportClockErrors
                0x004068f4                Clock_Ip_StartTimeout
                0x00406914                Clock_Ip_TimeoutExpired
 .mcal_text     0x00406930      0x120 ./RTD/src/Clock_Ip_Divider.o
 .mcal_text     0x00406a50       0x9c ./RTD/src/Clock_Ip_DividerTrigger.o
 .mcal_text     0x00406aec      0x1dc ./RTD/src/Clock_Ip_ExtOsc.o
 .mcal_text     0x00406cc8        0x6 ./RTD/src/Clock_Ip_FracDiv.o
 *fill*         0x00406cce        0x2 
 .mcal_text     0x00406cd0     0x184c ./RTD/src/Clock_Ip_Frequency.o
                0x00408490                Clock_Ip_Get_RTC_CLK_Frequency_TrustedCall
                0x004084d0                Clock_Ip_SetExternalOscillatorFrequency
                0x004084ec                Clock_Ip_GetFreq
                0x004084f8                Clock_Ip_SetExternalSignalFrequency
 .mcal_text     0x0040851c      0x128 ./RTD/src/Clock_Ip_Gate.o
 .mcal_text     0x00408644      0x104 ./RTD/src/Clock_Ip_IntOsc.o
 .mcal_text     0x00408748        0x4 ./RTD/src/Clock_Ip_Irq.o
                0x00408748                Mcu_Cmu_ClockFail_IRQHandler
 .mcal_text     0x0040874c      0x204 ./RTD/src/Clock_Ip_Monitor.o
                0x004088f8                Clock_Ip_CMU_GetInterruptStatus
                0x0040890c                Clock_Ip_CMU_ClockFailInt
 .mcal_text     0x00408950      0x1c8 ./RTD/src/Clock_Ip_Pll.o
 .mcal_text     0x00408b18      0x154 ./RTD/src/Clock_Ip_ProgFreqSwitch.o
 .mcal_text     0x00408c6c      0x3dc ./RTD/src/Clock_Ip_Selector.o
                0x0040901c                Clock_Ip_SetRtcRtccClksel_TrustedCall
 .mcal_text     0x00409048      0x32c ./RTD/src/Clock_Ip_Specific.o
                0x00409048                Clock_Ip_McMeEnterKey
                0x0040905c                Clock_Ip_PowerClockIpModules
                0x004092c0                DisableFircInStandbyMode
                0x004092d0                EnableFircInStandbyMode
                0x004092ec                DisableSircInStandbyMode
                0x004092fc                EnableSircInStandbyMode
                0x00409318                Clock_Ip_Command
                0x00409368                Clock_Ip_FLASH_SetFlashIWS
                0x0040936c                Clock_Ip_SetFlashWaitStates
                0x00409370                Clock_Ip_SetRamWaitStates
 .mcal_text     0x00409374       0xa4 ./RTD/src/Det.o
                0x00409374                Det_Init
                0x00409376                Det_ReportError
                0x004093ac                Det_ReportRuntimeError
                0x004093e0                Det_ReportTransientFault
                0x00409414                Det_Start
 .mcal_text     0x00409418      0x21c ./RTD/src/Det_stub.o
                0x00409418                Det_TestLastReportError
                0x00409480                Det_TestLastReportRuntimeError
                0x004094e8                Det_TestLastReportTransientFault
                0x00409550                Det_TestNoError
                0x0040959c                Det_TestNoRuntimeError
                0x004095e8                Det_TestNoTransientFault
 .mcal_text     0x00409634       0x4c ./RTD/src/Flexio_Mcl_Ip.o
                0x00409634                Flexio_Mcl_Ip_InitDevice
                0x00409664                Flexio_Mcl_Ip_DeinitDevice
 .mcal_text     0x00409680      0x192 ./RTD/src/Flexio_Mcl_Ip_HwAccess.o
                0x00409680                Flexio_Mcl_Ip_SetSoftwareReset
                0x004096a4                Flexio_Mcl_Ip_SetDebugEnable
                0x004096ca                Flexio_Mcl_Ip_SetEnable
                0x004096e6                Flexio_Mcl_Ip_GetShifterStatus
                0x004096f0                Flexio_Mcl_Ip_GetAllShifterStatus
                0x004096f4                Flexio_Mcl_Ip_ClearShifterStatus
                0x004096fe                Flexio_Mcl_Ip_GetShifterErrorStatus
                0x00409708                Flexio_Mcl_Ip_GetAllShifterErrorStatus
                0x0040970c                Flexio_Mcl_Ip_ClearShifterErrorStatus
                0x00409716                Flexio_Mcl_Ip_GetTimerStatus
                0x00409720                Flexio_Mcl_Ip_GetTimerInterruptEnable
                0x0040972a                Flexio_Mcl_Ip_GetAllTimerStatus
                0x0040972e                Flexio_Mcl_Ip_ClearTimerStatus
                0x00409738                Flexio_Mcl_Ip_GetAllShifterInterrupt
                0x0040973c                Flexio_Mcl_Ip_GetAllShifterErrorInterrupt
                0x00409740                Flexio_Mcl_Ip_SetShifterErrorInterrupt
                0x00409762                Flexio_Mcl_Ip_SetShifterInterrupt
                0x00409784                Flexio_Mcl_Ip_GetAllPinsStatus
                0x00409788                Flexio_Mcl_Ip_GetAllPinsInterrupt
                0x0040978c                Flexio_Mcl_Ip_SetShifterDMARequest
                0x004097ae                Flexio_Mcl_Ip_GetAllTimerInterrupt
                0x004097b2                Flexio_Mcl_Ip_SetTimerInterrupt
                0x004097d4                Flexio_Mcl_Ip_Init
                0x004097e4                Flexio_Mcl_Ip_SetTimerDMARequest
                0x00409806                Flexio_Mcl_Ip_ClearPinStatus
 *fill*         0x00409812        0x2 
 .mcal_text     0x00409814       0x84 ./RTD/src/Flexio_Mcl_Ip_Irq.o
                0x00409814                MCL_FLEXIO_ISR
 .mcal_text     0x00409898      0x868 ./RTD/src/Flexio_Spi_Ip.o
                0x00409b60                Flexio_Spi_Ip_DeInit
                0x00409b94                Flexio_Spi_Ip_SyncTransmit
                0x00409d1c                Flexio_Spi_Ip_AsyncTransmit
                0x00409dd8                Flexio_Spi_Ip_ManageBuffers
                0x00409e78                Flexio_Spi_Ip_UpdateFrameSize
                0x00409ec4                Flexio_Spi_Ip_UpdateLsb
                0x00409ef8                Flexio_Spi_Ip_UpdateDefaultTransmitData
                0x00409f2c                Flexio_Spi_Ip_UpdateTransferMode
                0x00409f5c                Flexio_Spi_Ip_Init
                0x00409fb0                Flexio_Spi_Ip_Cancel
                0x0040a064                Flexio_Spi_Ip_IrqHandler
                0x0040a0dc                Flexio_Spi_Ip_GetStatus
 .mcal_text     0x0040a100      0x358 ./RTD/src/IntCtrl_Ip.o
                0x0040a100                IntCtrl_Ip_InstallHandlerPrivileged
                0x0040a150                IntCtrl_Ip_EnableIrqPrivileged
                0x0040a180                IntCtrl_Ip_DisableIrqPrivileged
                0x0040a1b0                IntCtrl_Ip_SetPriorityPrivileged
                0x0040a1e4                IntCtrl_Ip_GetPriorityPrivileged
                0x0040a208                IntCtrl_Ip_ClearPendingPrivileged
                0x0040a238                IntCtrl_Ip_SetPendingPrivileged
                0x0040a268                IntCtrl_Ip_GetPendingPrivileged
                0x0040a298                IntCtrl_Ip_GetActivePrivileged
                0x0040a2c8                IntCtrl_Ip_ClearDirectedCpuInterruptPrivileged
                0x0040a2fc                IntCtrl_Ip_GetDirectedCpuInterruptPrivileged
                0x0040a334                IntCtrl_Ip_GenerateDirectedCpuInterruptPrivileged
                0x0040a39c                IntCtrl_Ip_Init
                0x0040a408                IntCtrl_Ip_InstallHandler
                0x0040a40c                IntCtrl_Ip_EnableIrq
                0x0040a410                IntCtrl_Ip_DisableIrq
                0x0040a414                IntCtrl_Ip_SetPriority
                0x0040a418                IntCtrl_Ip_GetPriority
                0x0040a41c                IntCtrl_Ip_ClearPending
                0x0040a420                IntCtrl_Ip_SetPending
                0x0040a424                IntCtrl_Ip_GetPending
                0x0040a432                IntCtrl_Ip_GetActive
                0x0040a440                IntCtrl_Ip_ClearDirectedCpuInterrupt
                0x0040a444                IntCtrl_Ip_GetDirectedCpuInterrupt
                0x0040a452                IntCtrl_Ip_GenerateDirectedCpuInterrupt
 .mcal_text     0x0040a458      0xf8c ./RTD/src/Lpspi_Ip.o
                0x0040aa86                Lpspi_Ip_DeInit
                0x0040aad0                Lpspi_Ip_SyncTransmit
                0x0040ad44                Lpspi_Ip_SyncTransmitHalfDuplex
                0x0040afec                Lpspi_Ip_AsyncTransmit
                0x0040b098                Lpspi_Ip_AsyncTransmitHalfDuplex
                0x0040b170                Lpspi_Ip_ManageBuffers
                0x0040b1d4                Lpspi_Ip_UpdateFrameSize
                0x0040b220                Lpspi_Ip_UpdateLsb
                0x0040b254                Lpspi_Ip_UpdateDefaultTransmitData
                0x0040b288                Lpspi_Ip_UpdateTransferMode
                0x0040b2bc                Lpspi_Ip_Init
                0x0040b324                Lpspi_Ip_Cancel
                0x0040b384                Lpspi_Ip_IrqHandler
                0x0040b3c4                Lpspi_Ip_GetStatus
 .mcal_text     0x0040b3e4        0xc ./RTD/src/Lpspi_Ip_Irq.o
                0x0040b3e4                Lpspi_Ip_LPSPI_1_IRQHandler
                0x0040b3ea                Lpspi_Ip_LPSPI_2_IRQHandler
 .mcal_text     0x0040b3f0      0xdd4 ./RTD/src/Lpuart_Uart_Ip.o
                0x0040b654                Lpuart_Uart_Ip_Init
                0x0040b7a4                Lpuart_Uart_Ip_Deinit
                0x0040b848                Lpuart_Uart_Ip_SyncSend
                0x0040b934                Lpuart_Uart_Ip_AsyncSend
                0x0040b9f4                Lpuart_Uart_Ip_GetTransmitStatus
                0x0040ba5c                Lpuart_Uart_Ip_AbortSendingData
                0x0040bac4                Lpuart_Uart_Ip_SyncReceive
                0x0040bc38                Lpuart_Uart_Ip_AsyncReceive
                0x0040bd30                Lpuart_Uart_Ip_GetReceiveStatus
                0x0040bd98                Lpuart_Uart_Ip_AbortReceivingData
                0x0040be10                Lpuart_Uart_Ip_SetBaudRate
                0x0040bf10                Lpuart_Uart_Ip_GetBaudRate
                0x0040bf3c                Lpuart_Uart_Ip_SetTxBuffer
                0x0040bf70                Lpuart_Uart_Ip_SetRxBuffer
                0x0040bfa4                Lpuart_Uart_Ip_IrqHandler
 .mcal_text     0x0040c1c4        0x6 ./RTD/src/Lpuart_Uart_Ip_Irq.o
                0x0040c1c4                LPUART_UART_IP_3_IRQHandler
 .mcal_text     0x0040c1ca       0x1e ./RTD/src/OsIf_Timer.o
                0x0040c1ca                OsIf_Init
                0x0040c1d2                OsIf_GetCounter
                0x0040c1d6                OsIf_GetElapsed
                0x0040c1de                OsIf_SetTimerFrequency
                0x0040c1e0                OsIf_MicrosToTicks
 .mcal_text     0x0040c1e8       0x42 ./RTD/src/OsIf_Timer_System_Internal_Systick.o
                0x0040c1e8                OsIf_Timer_System_Internal_Init
                0x0040c1fe                OsIf_Timer_System_Internal_GetCounter
                0x0040c20a                OsIf_Timer_System_Internal_GetElapsed
 *fill*         0x0040c22a        0x2 
 .mcal_text     0x0040c22c       0xc8 ./RTD/src/SchM_Dio.o
                0x0040c22c                SchM_Enter_Dio_DIO_EXCLUSIVE_AREA_00
                0x0040c260                SchM_Exit_Dio_DIO_EXCLUSIVE_AREA_00
                0x0040c290                SchM_Enter_Dio_DIO_EXCLUSIVE_AREA_01
                0x0040c2c4                SchM_Exit_Dio_DIO_EXCLUSIVE_AREA_01
 .mcal_text     0x0040c2f4     0x125c ./RTD/src/SchM_Mcl.o
                0x0040c2f4                SchM_Enter_Mcl_MCL_EXCLUSIVE_AREA_00
                0x0040c328                SchM_Exit_Mcl_MCL_EXCLUSIVE_AREA_00
                0x0040c358                SchM_Enter_Mcl_MCL_EXCLUSIVE_AREA_01
                0x0040c38c                SchM_Exit_Mcl_MCL_EXCLUSIVE_AREA_01
                0x0040c3bc                SchM_Enter_Mcl_MCL_EXCLUSIVE_AREA_02
                0x0040c3f0                SchM_Exit_Mcl_MCL_EXCLUSIVE_AREA_02
                0x0040c420                SchM_Enter_Mcl_MCL_EXCLUSIVE_AREA_03
                0x0040c454                SchM_Exit_Mcl_MCL_EXCLUSIVE_AREA_03
                0x0040c484                SchM_Enter_Mcl_MCL_EXCLUSIVE_AREA_04
                0x0040c4b8                SchM_Exit_Mcl_MCL_EXCLUSIVE_AREA_04
                0x0040c4e8                SchM_Enter_Mcl_MCL_EXCLUSIVE_AREA_05
                0x0040c51c                SchM_Exit_Mcl_MCL_EXCLUSIVE_AREA_05
                0x0040c54c                SchM_Enter_Mcl_MCL_EXCLUSIVE_AREA_06
                0x0040c580                SchM_Exit_Mcl_MCL_EXCLUSIVE_AREA_06
                0x0040c5b0                SchM_Enter_Mcl_MCL_EXCLUSIVE_AREA_07
                0x0040c5e4                SchM_Exit_Mcl_MCL_EXCLUSIVE_AREA_07
                0x0040c614                SchM_Enter_Mcl_MCL_EXCLUSIVE_AREA_08
                0x0040c648                SchM_Exit_Mcl_MCL_EXCLUSIVE_AREA_08
                0x0040c678                SchM_Enter_Mcl_MCL_EXCLUSIVE_AREA_09
                0x0040c6ac                SchM_Exit_Mcl_MCL_EXCLUSIVE_AREA_09
                0x0040c6dc                SchM_Enter_Mcl_MCL_EXCLUSIVE_AREA_10
                0x0040c710                SchM_Exit_Mcl_MCL_EXCLUSIVE_AREA_10
                0x0040c740                SchM_Enter_Mcl_MCL_EXCLUSIVE_AREA_11
                0x0040c774                SchM_Exit_Mcl_MCL_EXCLUSIVE_AREA_11
                0x0040c7a4                SchM_Enter_Mcl_MCL_EXCLUSIVE_AREA_12
                0x0040c7d8                SchM_Exit_Mcl_MCL_EXCLUSIVE_AREA_12
                0x0040c808                SchM_Enter_Mcl_MCL_EXCLUSIVE_AREA_13
                0x0040c83c                SchM_Exit_Mcl_MCL_EXCLUSIVE_AREA_13
                0x0040c86c                SchM_Enter_Mcl_MCL_EXCLUSIVE_AREA_14
                0x0040c8a0                SchM_Exit_Mcl_MCL_EXCLUSIVE_AREA_14
                0x0040c8d0                SchM_Enter_Mcl_MCL_EXCLUSIVE_AREA_15
                0x0040c904                SchM_Exit_Mcl_MCL_EXCLUSIVE_AREA_15
                0x0040c934                SchM_Enter_Mcl_MCL_EXCLUSIVE_AREA_16
                0x0040c968                SchM_Exit_Mcl_MCL_EXCLUSIVE_AREA_16
                0x0040c998                SchM_Enter_Mcl_MCL_EXCLUSIVE_AREA_17
                0x0040c9cc                SchM_Exit_Mcl_MCL_EXCLUSIVE_AREA_17
                0x0040c9fc                SchM_Enter_Mcl_MCL_EXCLUSIVE_AREA_18
                0x0040ca30                SchM_Exit_Mcl_MCL_EXCLUSIVE_AREA_18
                0x0040ca60                SchM_Enter_Mcl_MCL_EXCLUSIVE_AREA_19
                0x0040ca94                SchM_Exit_Mcl_MCL_EXCLUSIVE_AREA_19
                0x0040cac4                SchM_Enter_Mcl_MCL_EXCLUSIVE_AREA_20
                0x0040caf8                SchM_Exit_Mcl_MCL_EXCLUSIVE_AREA_20
                0x0040cb28                SchM_Enter_Mcl_MCL_EXCLUSIVE_AREA_21
                0x0040cb5c                SchM_Exit_Mcl_MCL_EXCLUSIVE_AREA_21
                0x0040cb8c                SchM_Enter_Mcl_MCL_EXCLUSIVE_AREA_22
                0x0040cbc0                SchM_Exit_Mcl_MCL_EXCLUSIVE_AREA_22
                0x0040cbf0                SchM_Enter_Mcl_MCL_EXCLUSIVE_AREA_23
                0x0040cc24                SchM_Exit_Mcl_MCL_EXCLUSIVE_AREA_23
                0x0040cc54                SchM_Enter_Mcl_MCL_EXCLUSIVE_AREA_24
                0x0040cc88                SchM_Exit_Mcl_MCL_EXCLUSIVE_AREA_24
                0x0040ccb8                SchM_Enter_Mcl_MCL_EXCLUSIVE_AREA_25
                0x0040ccec                SchM_Exit_Mcl_MCL_EXCLUSIVE_AREA_25
                0x0040cd1c                SchM_Enter_Mcl_MCL_EXCLUSIVE_AREA_26
                0x0040cd50                SchM_Exit_Mcl_MCL_EXCLUSIVE_AREA_26
                0x0040cd80                SchM_Enter_Mcl_MCL_EXCLUSIVE_AREA_27
                0x0040cdb4                SchM_Exit_Mcl_MCL_EXCLUSIVE_AREA_27
                0x0040cde4                SchM_Enter_Mcl_MCL_EXCLUSIVE_AREA_28
                0x0040ce18                SchM_Exit_Mcl_MCL_EXCLUSIVE_AREA_28
                0x0040ce48                SchM_Enter_Mcl_MCL_EXCLUSIVE_AREA_29
                0x0040ce7c                SchM_Exit_Mcl_MCL_EXCLUSIVE_AREA_29
                0x0040ceac                SchM_Enter_Mcl_MCL_EXCLUSIVE_AREA_30
                0x0040cee0                SchM_Exit_Mcl_MCL_EXCLUSIVE_AREA_30
                0x0040cf10                SchM_Enter_Mcl_MCL_EXCLUSIVE_AREA_31
                0x0040cf44                SchM_Exit_Mcl_MCL_EXCLUSIVE_AREA_31
                0x0040cf74                SchM_Enter_Mcl_MCL_EXCLUSIVE_AREA_32
                0x0040cfa8                SchM_Exit_Mcl_MCL_EXCLUSIVE_AREA_32
                0x0040cfd8                SchM_Enter_Mcl_MCL_EXCLUSIVE_AREA_33
                0x0040d00c                SchM_Exit_Mcl_MCL_EXCLUSIVE_AREA_33
                0x0040d03c                SchM_Enter_Mcl_MCL_EXCLUSIVE_AREA_34
                0x0040d070                SchM_Exit_Mcl_MCL_EXCLUSIVE_AREA_34
                0x0040d0a0                SchM_Enter_Mcl_MCL_EXCLUSIVE_AREA_35
                0x0040d0d4                SchM_Exit_Mcl_MCL_EXCLUSIVE_AREA_35
                0x0040d104                SchM_Enter_Mcl_MCL_EXCLUSIVE_AREA_36
                0x0040d138                SchM_Exit_Mcl_MCL_EXCLUSIVE_AREA_36
                0x0040d168                SchM_Enter_Mcl_MCL_EXCLUSIVE_AREA_37
                0x0040d19c                SchM_Exit_Mcl_MCL_EXCLUSIVE_AREA_37
                0x0040d1cc                SchM_Enter_Mcl_MCL_EXCLUSIVE_AREA_38
                0x0040d200                SchM_Exit_Mcl_MCL_EXCLUSIVE_AREA_38
                0x0040d230                SchM_Enter_Mcl_MCL_EXCLUSIVE_AREA_39
                0x0040d264                SchM_Exit_Mcl_MCL_EXCLUSIVE_AREA_39
                0x0040d294                SchM_Enter_Mcl_MCL_EXCLUSIVE_AREA_40
                0x0040d2c8                SchM_Exit_Mcl_MCL_EXCLUSIVE_AREA_40
                0x0040d2f8                SchM_Enter_Mcl_MCL_EXCLUSIVE_AREA_41
                0x0040d32c                SchM_Exit_Mcl_MCL_EXCLUSIVE_AREA_41
                0x0040d35c                SchM_Enter_Mcl_MCL_EXCLUSIVE_AREA_42
                0x0040d390                SchM_Exit_Mcl_MCL_EXCLUSIVE_AREA_42
                0x0040d3c0                SchM_Enter_Mcl_MCL_EXCLUSIVE_AREA_43
                0x0040d3f4                SchM_Exit_Mcl_MCL_EXCLUSIVE_AREA_43
                0x0040d424                SchM_Enter_Mcl_MCL_EXCLUSIVE_AREA_44
                0x0040d458                SchM_Exit_Mcl_MCL_EXCLUSIVE_AREA_44
                0x0040d488                SchM_Enter_Mcl_MCL_EXCLUSIVE_AREA_45
                0x0040d4bc                SchM_Exit_Mcl_MCL_EXCLUSIVE_AREA_45
                0x0040d4ec                SchM_Enter_Mcl_MCL_EXCLUSIVE_AREA_46
                0x0040d520                SchM_Exit_Mcl_MCL_EXCLUSIVE_AREA_46
 .mcal_text     0x0040d550      0x12c ./RTD/src/SchM_Mcu.o
                0x0040d550                SchM_Enter_Mcu_MCU_EXCLUSIVE_AREA_00
                0x0040d584                SchM_Exit_Mcu_MCU_EXCLUSIVE_AREA_00
                0x0040d5b4                SchM_Enter_Mcu_MCU_EXCLUSIVE_AREA_01
                0x0040d5e8                SchM_Exit_Mcu_MCU_EXCLUSIVE_AREA_01
                0x0040d618                SchM_Enter_Mcu_MCU_EXCLUSIVE_AREA_02
                0x0040d64c                SchM_Exit_Mcu_MCU_EXCLUSIVE_AREA_02
 .mcal_text     0x0040d67c      0xaf0 ./RTD/src/SchM_Port.o
                0x0040d67c                SchM_Enter_Port_PORT_EXCLUSIVE_AREA_00
                0x0040d6b0                SchM_Exit_Port_PORT_EXCLUSIVE_AREA_00
                0x0040d6e0                SchM_Enter_Port_PORT_EXCLUSIVE_AREA_01
                0x0040d714                SchM_Exit_Port_PORT_EXCLUSIVE_AREA_01
                0x0040d744                SchM_Enter_Port_PORT_EXCLUSIVE_AREA_02
                0x0040d778                SchM_Exit_Port_PORT_EXCLUSIVE_AREA_02
                0x0040d7a8                SchM_Enter_Port_PORT_EXCLUSIVE_AREA_03
                0x0040d7dc                SchM_Exit_Port_PORT_EXCLUSIVE_AREA_03
                0x0040d80c                SchM_Enter_Port_PORT_EXCLUSIVE_AREA_04
                0x0040d840                SchM_Exit_Port_PORT_EXCLUSIVE_AREA_04
                0x0040d870                SchM_Enter_Port_PORT_EXCLUSIVE_AREA_05
                0x0040d8a4                SchM_Exit_Port_PORT_EXCLUSIVE_AREA_05
                0x0040d8d4                SchM_Enter_Port_PORT_EXCLUSIVE_AREA_06
                0x0040d908                SchM_Exit_Port_PORT_EXCLUSIVE_AREA_06
                0x0040d938                SchM_Enter_Port_PORT_EXCLUSIVE_AREA_07
                0x0040d96c                SchM_Exit_Port_PORT_EXCLUSIVE_AREA_07
                0x0040d99c                SchM_Enter_Port_PORT_EXCLUSIVE_AREA_08
                0x0040d9d0                SchM_Exit_Port_PORT_EXCLUSIVE_AREA_08
                0x0040da00                SchM_Enter_Port_PORT_EXCLUSIVE_AREA_09
                0x0040da34                SchM_Exit_Port_PORT_EXCLUSIVE_AREA_09
                0x0040da64                SchM_Enter_Port_PORT_EXCLUSIVE_AREA_10
                0x0040da98                SchM_Exit_Port_PORT_EXCLUSIVE_AREA_10
                0x0040dac8                SchM_Enter_Port_PORT_EXCLUSIVE_AREA_11
                0x0040dafc                SchM_Exit_Port_PORT_EXCLUSIVE_AREA_11
                0x0040db2c                SchM_Enter_Port_PORT_EXCLUSIVE_AREA_12
                0x0040db60                SchM_Exit_Port_PORT_EXCLUSIVE_AREA_12
                0x0040db90                SchM_Enter_Port_PORT_EXCLUSIVE_AREA_13
                0x0040dbc4                SchM_Exit_Port_PORT_EXCLUSIVE_AREA_13
                0x0040dbf4                SchM_Enter_Port_PORT_EXCLUSIVE_AREA_14
                0x0040dc28                SchM_Exit_Port_PORT_EXCLUSIVE_AREA_14
                0x0040dc58                SchM_Enter_Port_PORT_EXCLUSIVE_AREA_15
                0x0040dc8c                SchM_Exit_Port_PORT_EXCLUSIVE_AREA_15
                0x0040dcbc                SchM_Enter_Port_PORT_EXCLUSIVE_AREA_16
                0x0040dcf0                SchM_Exit_Port_PORT_EXCLUSIVE_AREA_16
                0x0040dd20                SchM_Enter_Port_PORT_EXCLUSIVE_AREA_17
                0x0040dd54                SchM_Exit_Port_PORT_EXCLUSIVE_AREA_17
                0x0040dd84                SchM_Enter_Port_PORT_EXCLUSIVE_AREA_18
                0x0040ddb8                SchM_Exit_Port_PORT_EXCLUSIVE_AREA_18
                0x0040dde8                SchM_Enter_Port_PORT_EXCLUSIVE_AREA_19
                0x0040de1c                SchM_Exit_Port_PORT_EXCLUSIVE_AREA_19
                0x0040de4c                SchM_Enter_Port_PORT_EXCLUSIVE_AREA_20
                0x0040de80                SchM_Exit_Port_PORT_EXCLUSIVE_AREA_20
                0x0040deb0                SchM_Enter_Port_PORT_EXCLUSIVE_AREA_21
                0x0040dee4                SchM_Exit_Port_PORT_EXCLUSIVE_AREA_21
                0x0040df14                SchM_Enter_Port_PORT_EXCLUSIVE_AREA_22
                0x0040df48                SchM_Exit_Port_PORT_EXCLUSIVE_AREA_22
                0x0040df78                SchM_Enter_Port_PORT_EXCLUSIVE_AREA_23
                0x0040dfac                SchM_Exit_Port_PORT_EXCLUSIVE_AREA_23
                0x0040dfdc                SchM_Enter_Port_PORT_EXCLUSIVE_AREA_24
                0x0040e010                SchM_Exit_Port_PORT_EXCLUSIVE_AREA_24
                0x0040e040                SchM_Enter_Port_PORT_EXCLUSIVE_AREA_25
                0x0040e074                SchM_Exit_Port_PORT_EXCLUSIVE_AREA_25
                0x0040e0a4                SchM_Enter_Port_PORT_EXCLUSIVE_AREA_26
                0x0040e0d8                SchM_Exit_Port_PORT_EXCLUSIVE_AREA_26
                0x0040e108                SchM_Enter_Port_PORT_EXCLUSIVE_AREA_27
                0x0040e13c                SchM_Exit_Port_PORT_EXCLUSIVE_AREA_27
 .mcal_text     0x0040e16c      0x76c ./RTD/src/SchM_Spi.o
                0x0040e16c                SchM_Enter_Spi_SPI_EXCLUSIVE_AREA_00
                0x0040e1a0                SchM_Exit_Spi_SPI_EXCLUSIVE_AREA_00
                0x0040e1d0                SchM_Enter_Spi_SPI_EXCLUSIVE_AREA_01
                0x0040e204                SchM_Exit_Spi_SPI_EXCLUSIVE_AREA_01
                0x0040e234                SchM_Enter_Spi_SPI_EXCLUSIVE_AREA_02
                0x0040e268                SchM_Exit_Spi_SPI_EXCLUSIVE_AREA_02
                0x0040e298                SchM_Enter_Spi_SPI_EXCLUSIVE_AREA_03
                0x0040e2cc                SchM_Exit_Spi_SPI_EXCLUSIVE_AREA_03
                0x0040e2fc                SchM_Enter_Spi_SPI_EXCLUSIVE_AREA_04
                0x0040e330                SchM_Exit_Spi_SPI_EXCLUSIVE_AREA_04
                0x0040e360                SchM_Enter_Spi_SPI_EXCLUSIVE_AREA_05
                0x0040e394                SchM_Exit_Spi_SPI_EXCLUSIVE_AREA_05
                0x0040e3c4                SchM_Enter_Spi_SPI_EXCLUSIVE_AREA_06
                0x0040e3f8                SchM_Exit_Spi_SPI_EXCLUSIVE_AREA_06
                0x0040e428                SchM_Enter_Spi_SPI_EXCLUSIVE_AREA_07
                0x0040e45c                SchM_Exit_Spi_SPI_EXCLUSIVE_AREA_07
                0x0040e48c                SchM_Enter_Spi_SPI_EXCLUSIVE_AREA_08
                0x0040e4c0                SchM_Exit_Spi_SPI_EXCLUSIVE_AREA_08
                0x0040e4f0                SchM_Enter_Spi_SPI_EXCLUSIVE_AREA_09
                0x0040e524                SchM_Exit_Spi_SPI_EXCLUSIVE_AREA_09
                0x0040e554                SchM_Enter_Spi_SPI_EXCLUSIVE_AREA_10
                0x0040e588                SchM_Exit_Spi_SPI_EXCLUSIVE_AREA_10
                0x0040e5b8                SchM_Enter_Spi_SPI_EXCLUSIVE_AREA_11
                0x0040e5ec                SchM_Exit_Spi_SPI_EXCLUSIVE_AREA_11
                0x0040e61c                SchM_Enter_Spi_SPI_EXCLUSIVE_AREA_12
                0x0040e650                SchM_Exit_Spi_SPI_EXCLUSIVE_AREA_12
                0x0040e680                SchM_Enter_Spi_SPI_EXCLUSIVE_AREA_13
                0x0040e6b4                SchM_Exit_Spi_SPI_EXCLUSIVE_AREA_13
                0x0040e6e4                SchM_Enter_Spi_SPI_EXCLUSIVE_AREA_14
                0x0040e718                SchM_Exit_Spi_SPI_EXCLUSIVE_AREA_14
                0x0040e748                SchM_Enter_Spi_SPI_EXCLUSIVE_AREA_15
                0x0040e77c                SchM_Exit_Spi_SPI_EXCLUSIVE_AREA_15
                0x0040e7ac                SchM_Enter_Spi_SPI_EXCLUSIVE_AREA_16
                0x0040e7e0                SchM_Exit_Spi_SPI_EXCLUSIVE_AREA_16
                0x0040e810                SchM_Enter_Spi_SPI_EXCLUSIVE_AREA_17
                0x0040e844                SchM_Exit_Spi_SPI_EXCLUSIVE_AREA_17
                0x0040e874                SchM_Enter_Spi_SPI_EXCLUSIVE_AREA_18
                0x0040e8a8                SchM_Exit_Spi_SPI_EXCLUSIVE_AREA_18
 .mcal_text     0x0040e8d8      0x384 ./RTD/src/SchM_Uart.o
                0x0040e8d8                SchM_Enter_Uart_UART_EXCLUSIVE_AREA_00
                0x0040e90c                SchM_Exit_Uart_UART_EXCLUSIVE_AREA_00
                0x0040e93c                SchM_Enter_Uart_UART_EXCLUSIVE_AREA_01
                0x0040e970                SchM_Exit_Uart_UART_EXCLUSIVE_AREA_01
                0x0040e9a0                SchM_Enter_Uart_UART_EXCLUSIVE_AREA_02
                0x0040e9d4                SchM_Exit_Uart_UART_EXCLUSIVE_AREA_02
                0x0040ea04                SchM_Enter_Uart_UART_EXCLUSIVE_AREA_03
                0x0040ea38                SchM_Exit_Uart_UART_EXCLUSIVE_AREA_03
                0x0040ea68                SchM_Enter_Uart_UART_EXCLUSIVE_AREA_04
                0x0040ea9c                SchM_Exit_Uart_UART_EXCLUSIVE_AREA_04
                0x0040eacc                SchM_Enter_Uart_UART_EXCLUSIVE_AREA_05
                0x0040eb00                SchM_Exit_Uart_UART_EXCLUSIVE_AREA_05
                0x0040eb30                SchM_Enter_Uart_UART_EXCLUSIVE_AREA_06
                0x0040eb64                SchM_Exit_Uart_UART_EXCLUSIVE_AREA_06
                0x0040eb94                SchM_Enter_Uart_UART_EXCLUSIVE_AREA_07
                0x0040ebc8                SchM_Exit_Uart_UART_EXCLUSIVE_AREA_07
                0x0040ebf8                SchM_Enter_Uart_UART_EXCLUSIVE_AREA_08
                0x0040ec2c                SchM_Exit_Uart_UART_EXCLUSIVE_AREA_08
 .mcal_text     0x0040ec5c      0x190 ./RTD/src/Siul2_Dio_Ip.o
                0x0040ec92                Siul2_Dio_Ip_WritePin
                0x0040ece6                Siul2_Dio_Ip_WritePins
                0x0040ecfe                Siul2_Dio_Ip_GetPinsOutput
                0x0040ed16                Siul2_Dio_Ip_SetPins
                0x0040ed34                Siul2_Dio_Ip_ClearPins
                0x0040ed54                Siul2_Dio_Ip_TogglePins
                0x0040ed72                Siul2_Dio_Ip_ReadPins
                0x0040ed8c                Siul2_Dio_Ip_ReadPin
                0x0040edbe                Siul2_Dio_Ip_MaskedWritePins
 .mcal_text     0x0040edec      0x458 ./RTD/src/Siul2_Port_Ip.o
                0x0040ef40                Siul2_Port_Ip_Init
                0x0040ef70                Siul2_Port_Ip_SetPullSel
                0x0040efcc                Siul2_Port_Ip_SetOutputBuffer
                0x0040f032                Siul2_Port_Ip_SetInputBuffer
                0x0040f0a2                Siul2_Port_Ip_SetPinDirection
                0x0040f11a                Siul2_Port_Ip_RevertPinConfiguration
                0x0040f17c                Siul2_Port_Ip_GetPinConfiguration
 .mcal_text     0x0040f244       0xd0 ./RTD/src/Tspc_Port_Ip.o
                0x0040f244                Tspc_Port_Ip_EnableObeGroup
                0x0040f274                Tspc_Port_Ip_ConfigureObeGroup
                0x0040f314                . = ALIGN (0x4)
 *(.acmcu_code_rom)
                0x0040f314                . = ALIGN (0x4)
                0x0040f314                __acfls_code_rom_start = .
 *(.acfls_code_rom)
 .acfls_code_rom
                0x0040f314       0x58 ./RTD/src/Clock_Ip_Specific.o
                0x0040f314                Clock_Ip_PRAMCSetRamIWS
 *fill*         0x0040f36c        0x4 
 .acfls_code_rom.__stub
                0x0040f370        0x8 linker stubs
                0x0040f378                . = ALIGN (0x4)
                0x0040f378                __acfls_code_rom_end = .
 *(.init)
                0x0040f378                . = ALIGN (0x4)
 *(.fini)
                0x0040f378                . = ALIGN (0x4)
 *(.rodata)
 .rodata        0x0040f378        0x5 ./FreeRTOS/Source/tasks.o
 .rodata        0x0040f37d        0x3 ./RTD/src/Clock_Ip_IntOsc.o
 .rodata        0x0040f380       0x30 ./RTD/src/Lpuart_Uart_Ip.o
 .rodata        0x0040f3b0        0x4 ./RTD/src/Siul2_Port_Ip.o
                0x0040f3b0                Port_au32Siul2BaseAddr
 .rodata        0x0040f3b4        0x2 ./generate/src/Flexio_Mcl_Ip_PBcfg.o
                0x0040f3b4                Flexio_Ip_xFlexioInit
 *(.rodata*)
 .rodata.str1.1
                0x0040f3b6       0x14 ./FreeRTOS/Source/tasks.o
 .rodata.str1.1
                0x0040f3ca        0xd ./FreeRTOS/Source/timers.o
 .rodata.str1.1
                0x0040f3d7      0x424 ./src/main.o
 *fill*         0x0040f7fb        0x1 
 .rodata._global_impure_ptr
                0x0040f7fc        0x4 c:/nxp/s32ds.3.5/s32ds/build_tools/gcc_v10.2/gcc-10.2-arm32-eabi/bin/../lib/gcc/arm-none-eabi/10.2.0/../../../../arm-none-eabi/lib/thumb/v7e-m+fp/hard\libc_nano.a(lib_a-impure.o)
                0x0040f7fc                _global_impure_ptr
 .rodata._svfprintf_r.str1.1
                0x0040f800       0x11 c:/nxp/s32ds.3.5/s32ds/build_tools/gcc_v10.2/gcc-10.2-arm32-eabi/bin/../lib/gcc/arm-none-eabi/10.2.0/../../../../arm-none-eabi/lib/thumb/v7e-m+fp/hard\libc_nano.a(lib_a-nano-svfprintf.o)
 .rodata._printf_i.str1.1
                0x0040f811       0x22 c:/nxp/s32ds.3.5/s32ds/build_tools/gcc_v10.2/gcc-10.2-arm32-eabi/bin/../lib/gcc/arm-none-eabi/10.2.0/../../../../arm-none-eabi/lib/thumb/v7e-m+fp/hard\libc_nano.a(lib_a-nano-vfprintf_i.o)
                0x0040f834                . = ALIGN (0x4)
 *fill*         0x0040f833        0x1 
 *(.mcal_const_cfg)
 .mcal_const_cfg
                0x0040f834      0xb04 ./board/Siul2_Port_Ip_Cfg.o
                0x0040f834                g_pin_mux_InitConfigArr0
 .mcal_const_cfg
                0x00410338      0x6c0 ./generate/src/Clock_Ip_Cfg.o
                0x00410338                Clock_Ip_aClockConfig
 .mcal_const_cfg
                0x004109f8       0x54 ./generate/src/Flexio_Spi_Ip_Sa_PBcfg.o
                0x004109f8                Flexio_Spi_Ip_PhyUnitConfig_SpiPhyUnit_0_Instance_0
                0x00410a14                Flexio_Spi_Ip_DeviceAttributes_SpiExternalDevice_0_Instance_0
 .mcal_const_cfg
                0x00410a4c       0x2c ./generate/src/IntCtrl_Ip_Cfg.o
                0x00410a4c                IntCtrlConfig_0
 .mcal_const_cfg
                0x00410a78       0x58 ./generate/src/Lpspi_Ip_Sa_PBcfg.o
                0x00410a78                Lpspi_Ip_PhyUnitConfig_SpiPhyUnit_1_Instance_1
                0x00410a90                Lpspi_Ip_PhyUnitConfig_SpiPhyUnit_0_Instance_2
                0x00410aa8                Lpspi_Ip_DeviceAttributes_SpiExternalDevice_1_Instance_2
                0x00410abc                Lpspi_Ip_DeviceAttributes_SpiExternalDevice_0_Instance_2
 .mcal_const_cfg
                0x00410ad0       0x28 ./generate/src/Lpuart_Uart_Ip_Sa_PBcfg.o
                0x00410ad0                Lpuart_Uart_Ip_xHwConfigPB_3
                0x00410af8                . = ALIGN (0x4)
 *(.mcal_const)
 .mcal_const    0x00410af8     0x119c ./RTD/src/Clock_Ip_Data.o
                0x00410af8                Clock_Ip_axGateInfo
                0x004111d0                Clock_Ip_axFeatureExtensions
                0x004113f0                Clock_Ip_aeHwDfsName
                0x004113f4                Clock_Ip_aeHwPllName
                0x004113fc                Clock_Ip_aeSourceTypeClockName
                0x00411468                Clock_Ip_apxMcMeTriggerPartitions
                0x00411478                Clock_Ip_apxMcMeGetPartitions
                0x00411488                Clock_Ip_apxMcMeSetPartitions
                0x00411498                Clock_Ip_axCmuInfo
                0x00411508                Clock_Ip_aeCmuNames
                0x00411524                Clock_Ip_apxCmu
                0x00411540                Clock_Ip_apxPll
                0x00411550                Clock_Ip_apxXosc
                0x00411558                Clock_Ip_apxCgmPcfs
                0x0041155c                Clock_Ip_apxCgm
                0x004115ac                Clock_Ip_au16SelectorEntryRtcHardwareValue
                0x004115e2                Clock_Ip_au16SelectorEntryHardwareValue
                0x00411618                Clock_Ip_au8SoftwareMuxResetValue
                0x004116b5                Clock_Ip_au8ClockFeatures
                0x00411c3a                Clock_Ip_au8CmuCallbackIndex
                0x00411c43                Clock_Ip_au8PcfsCallbackIndex
                0x00411c4c                Clock_Ip_au8SelectorCallbackIndex
                0x00411c55                Clock_Ip_au8PllCallbackIndex
                0x00411c5e                Clock_Ip_au8FractionalDividerCallbackIndex
                0x00411c67                Clock_Ip_au8GateCallbackIndex
                0x00411c70                Clock_Ip_au8IrcoscCallbackIndex
                0x00411c79                Clock_Ip_au8XoscCallbackIndex
                0x00411c82                Clock_Ip_au8DividerTriggerCallbackIndex
                0x00411c8b                Clock_Ip_au8DividerCallbackIndex
 .mcal_const    0x00411c94       0x10 ./RTD/src/Clock_Ip_Divider.o
                0x00411c94                Clock_Ip_axDividerCallbacks
 .mcal_const    0x00411ca4       0x10 ./RTD/src/Clock_Ip_DividerTrigger.o
                0x00411ca4                Clock_Ip_axDividerTriggerCallbacks
 .mcal_const    0x00411cb4       0x3c ./RTD/src/Clock_Ip_ExtOsc.o
                0x00411cb4                Clock_Ip_axExtOscCallbacks
 .mcal_const    0x00411cf0        0xc ./RTD/src/Clock_Ip_FracDiv.o
                0x00411cf0                Clock_Ip_axFracDivCallbacks
 .mcal_const    0x00411cfc      0x31c ./RTD/src/Clock_Ip_Frequency.o
 .mcal_const    0x00412018       0x10 ./RTD/src/Clock_Ip_Gate.o
                0x00412018                Clock_Ip_axGateCallbacks
 .mcal_const    0x00412028       0x30 ./RTD/src/Clock_Ip_IntOsc.o
                0x00412028                Clock_Ip_axIntOscCallbacks
 .mcal_const    0x00412058       0x20 ./RTD/src/Clock_Ip_Monitor.o
                0x00412058                Clock_Ip_axCmuCallbacks
 .mcal_const    0x00412078       0x3c ./RTD/src/Clock_Ip_Pll.o
                0x00412078                Clock_Ip_axPllCallbacks
 .mcal_const    0x004120b4        0x8 ./RTD/src/Clock_Ip_ProgFreqSwitch.o
                0x004120b4                Clock_Ip_axPcfsCallbacks
 .mcal_const    0x004120bc       0x28 ./RTD/src/Clock_Ip_Selector.o
                0x004120bc                Clock_Ip_axSelectorCallbacks
 .mcal_const    0x004120e4        0x4 ./RTD/src/Flexio_Mcl_Ip.o
                0x004120e4                Flexio_Ip_paxBase
 .mcal_const    0x004120e8       0x18 ./RTD/src/Lpspi_Ip.o
 .mcal_const    0x00412100       0x40 ./RTD/src/Lpuart_Uart_Ip.o
                0x00412140                . = ALIGN (0x4)
                0x00412140                __init_table = .
 *(.init_table)
 .init_table    0x00412140       0x4c ./Project_Settings/Startup_Code/startup_cm7.o
                0x0041218c                . = ALIGN (0x4)
                0x0041218c                __zero_table = .
 *(.zero_table)
 .zero_table    0x0041218c       0x1c ./Project_Settings/Startup_Code/startup_cm7.o

.glue_7         0x004121a8        0x0
 .glue_7        0x004121a8        0x0 linker stubs

.glue_7t        0x004121a8        0x0
 .glue_7t       0x004121a8        0x0 linker stubs

.vfp11_veneer   0x004121a8        0x0
 .vfp11_veneer  0x004121a8        0x0 linker stubs

.v4_bx          0x004121a8        0x0
 .v4_bx         0x004121a8        0x0 linker stubs

.iplt           0x004121a8        0x0
 .iplt          0x004121a8        0x0 ./FreeRTOS/Source/event_groups.o

.rel.dyn        0x004121a8        0x0
 .rel.iplt      0x004121a8        0x0 ./FreeRTOS/Source/event_groups.o
                0x004121a8                . = ALIGN (0x4)
                0x004121a8                __text_end = .
                0x004121a8                __sram_data_rom = __text_end

.sram_bss       0x20400000     0x23c0
                0x20400000                . = ALIGN (0x8)
                0x20400000                __standby_ram_begin__ = .
 *(.standby_data)
                0x20400000                . = ALIGN (0x8)
                0x20400000                __standby_ram_end__ = .
                0x20400000                . = ALIGN (0x10)
                0x20400000                __sram_bss_start = .
 *(.bss)
 .bss           0x20400000        0x0 ./FreeRTOS/Source/croutine.o
 .bss           0x20400000        0x0 ./FreeRTOS/Source/event_groups.o
 .bss           0x20400000        0x0 ./FreeRTOS/Source/list.o
 .bss           0x20400000       0x10 ./FreeRTOS/Source/queue.o
                0x20400000                xQueueRegistry
 .bss           0x20400010        0x0 ./FreeRTOS/Source/stream_buffer.o
 .bss           0x20400010      0x104 ./FreeRTOS/Source/tasks.o
                0x20400014                pxCurrentTCB
 .bss           0x20400114       0x3c ./FreeRTOS/Source/timers.o
 .bss           0x20400150        0x8 ./FreeRTOS/Source/portable/GCC/ARM_CM7/r0p1/port.o
 .bss           0x20400158     0x2008 ./FreeRTOS/Source/portable/MemMang/heap_1.o
 .bss           0x20402160        0x0 ./Project_Settings/Startup_Code/Vector_Table.o
 .bss           0x20402160        0x0 ./Project_Settings/Startup_Code/exceptions.o
 .bss           0x20402160        0x0 ./Project_Settings/Startup_Code/nvic.o
 .bss           0x20402160        0x0 ./Project_Settings/Startup_Code/startup.o
 .bss           0x20402160        0x0 ./Project_Settings/Startup_Code/startup_cm7.o
 .bss           0x20402160       0x78 ./Project_Settings/Startup_Code/system.o
                0x20402160                rbar
                0x2040219c                rasr
 .bss           0x204021d8        0x0 ./RTD/src/Clock_Ip.o
 .bss           0x204021d8        0x0 ./RTD/src/Clock_Ip_Data.o
 .bss           0x204021d8        0x0 ./RTD/src/Clock_Ip_Divider.o
 .bss           0x204021d8        0x0 ./RTD/src/Clock_Ip_DividerTrigger.o
 .bss           0x204021d8        0x0 ./RTD/src/Clock_Ip_ExtOsc.o
 .bss           0x204021d8        0x0 ./RTD/src/Clock_Ip_FracDiv.o
 .bss           0x204021d8        0x0 ./RTD/src/Clock_Ip_Frequency.o
 .bss           0x204021d8        0x0 ./RTD/src/Clock_Ip_Gate.o
 .bss           0x204021d8        0x0 ./RTD/src/Clock_Ip_IntOsc.o
 .bss           0x204021d8        0x0 ./RTD/src/Clock_Ip_Irq.o
 .bss           0x204021d8        0x0 ./RTD/src/Clock_Ip_Monitor.o
 .bss           0x204021d8        0x0 ./RTD/src/Clock_Ip_Pll.o
 .bss           0x204021d8        0x0 ./RTD/src/Clock_Ip_ProgFreqSwitch.o
 .bss           0x204021d8        0x0 ./RTD/src/Clock_Ip_Selector.o
 .bss           0x204021d8        0x0 ./RTD/src/Clock_Ip_Specific.o
 .bss           0x204021d8        0x0 ./RTD/src/Det.o
 .bss           0x204021d8        0x0 ./RTD/src/Det_stub.o
 .bss           0x204021d8        0x0 ./RTD/src/Flexio_Mcl_Ip.o
 .bss           0x204021d8        0x0 ./RTD/src/Flexio_Mcl_Ip_HwAccess.o
 .bss           0x204021d8        0x0 ./RTD/src/Flexio_Mcl_Ip_Irq.o
 .bss           0x204021d8        0x0 ./RTD/src/Flexio_Spi_Ip.o
 .bss           0x204021d8        0x0 ./RTD/src/Flexio_Spi_Ip_Irq.o
 .bss           0x204021d8        0x0 ./RTD/src/Igf_Port_Ip.o
 .bss           0x204021d8        0x0 ./RTD/src/IntCtrl_Ip.o
 .bss           0x204021d8        0x0 ./RTD/src/Lpspi_Ip.o
 .bss           0x204021d8        0x0 ./RTD/src/Lpspi_Ip_Irq.o
 .bss           0x204021d8        0x0 ./RTD/src/Lpuart_Uart_Ip.o
 .bss           0x204021d8        0x0 ./RTD/src/Lpuart_Uart_Ip_Irq.o
 .bss           0x204021d8        0x0 ./RTD/src/OsIf_Interrupts.o
 .bss           0x204021d8        0x0 ./RTD/src/OsIf_Timer.o
 .bss           0x204021d8        0x0 ./RTD/src/OsIf_Timer_System.o
 .bss           0x204021d8        0x0 ./RTD/src/OsIf_Timer_System_Internal_Systick.o
 .bss           0x204021d8        0x0 ./RTD/src/SchM_Dio.o
 .bss           0x204021d8        0x0 ./RTD/src/SchM_Mcl.o
 .bss           0x204021d8        0x0 ./RTD/src/SchM_Mcu.o
 .bss           0x204021d8        0x0 ./RTD/src/SchM_Port.o
 .bss           0x204021d8        0x0 ./RTD/src/SchM_Spi.o
 .bss           0x204021d8        0x0 ./RTD/src/SchM_Uart.o
 .bss           0x204021d8        0x0 ./RTD/src/Siul2_Dio_Ip.o
 .bss           0x204021d8        0x0 ./RTD/src/Siul2_Port_Ip.o
 .bss           0x204021d8        0x0 ./RTD/src/Tspc_Port_Ip.o
 .bss           0x204021d8        0x0 ./board/Siul2_Port_Ip_Cfg.o
 .bss           0x204021d8        0x0 ./board/Tspc_Port_Ip_Cfg.o
 .bss           0x204021d8        0x0 ./generate/src/Clock_Ip_Cfg.o
 .bss           0x204021d8        0x0 ./generate/src/Flexio_Mcl_Ip_PBcfg.o
 .bss           0x204021d8        0x0 ./generate/src/Flexio_Spi_Ip_Sa_PBcfg.o
 .bss           0x204021d8        0x0 ./generate/src/Igf_Port_Ip_Cfg.o
 .bss           0x204021d8        0x0 ./generate/src/IntCtrl_Ip_Cfg.o
 .bss           0x204021d8        0x0 ./generate/src/Lpspi_Ip_Sa_PBcfg.o
 .bss           0x204021d8        0x0 ./generate/src/Lpuart_Uart_Ip_Sa_PBcfg.o
 .bss           0x204021d8        0x0 ./generate/src/OsIf_Cfg.o
 .bss           0x204021d8       0x40 ./src/main.o
 .bss           0x20402218        0x0 c:/nxp/s32ds.3.5/s32ds/build_tools/gcc_v10.2/gcc-10.2-arm32-eabi/bin/../lib/gcc/arm-none-eabi/10.2.0/../../../../arm-none-eabi/lib/thumb/v7e-m+fp/hard\libc_nano.a(lib_a-memcmp.o)
 .bss           0x20402218        0x0 c:/nxp/s32ds.3.5/s32ds/build_tools/gcc_v10.2/gcc-10.2-arm32-eabi/bin/../lib/gcc/arm-none-eabi/10.2.0/../../../../arm-none-eabi/lib/thumb/v7e-m+fp/hard\libc_nano.a(lib_a-memcpy-stub.o)
 .bss           0x20402218        0x0 c:/nxp/s32ds.3.5/s32ds/build_tools/gcc_v10.2/gcc-10.2-arm32-eabi/bin/../lib/gcc/arm-none-eabi/10.2.0/../../../../arm-none-eabi/lib/thumb/v7e-m+fp/hard\libc_nano.a(lib_a-memmove.o)
 .bss           0x20402218        0x0 c:/nxp/s32ds.3.5/s32ds/build_tools/gcc_v10.2/gcc-10.2-arm32-eabi/bin/../lib/gcc/arm-none-eabi/10.2.0/../../../../arm-none-eabi/lib/thumb/v7e-m+fp/hard\libc_nano.a(lib_a-memset.o)
 .bss           0x20402218        0x0 c:/nxp/s32ds.3.5/s32ds/build_tools/gcc_v10.2/gcc-10.2-arm32-eabi/bin/../lib/gcc/arm-none-eabi/10.2.0/../../../../arm-none-eabi/lib/thumb/v7e-m+fp/hard\libc_nano.a(lib_a-sprintf.o)
 .bss           0x20402218        0x0 c:/nxp/s32ds.3.5/s32ds/build_tools/gcc_v10.2/gcc-10.2-arm32-eabi/bin/../lib/gcc/arm-none-eabi/10.2.0/../../../../arm-none-eabi/lib/thumb/v7e-m+fp/hard\libc_nano.a(lib_a-strcpy.o)
 .bss           0x20402218        0x0 c:/nxp/s32ds.3.5/s32ds/build_tools/gcc_v10.2/gcc-10.2-arm32-eabi/bin/../lib/gcc/arm-none-eabi/10.2.0/../../../../arm-none-eabi/lib/thumb/v7e-m+fp/hard\libc_nano.a(lib_a-strlen.o)
 .bss           0x20402218        0x0 c:/nxp/s32ds.3.5/s32ds/build_tools/gcc_v10.2/gcc-10.2-arm32-eabi/bin/../lib/gcc/arm-none-eabi/10.2.0/../../../../arm-none-eabi/lib/thumb/v7e-m+fp/hard\libc_nano.a(lib_a-impure.o)
 .bss           0x20402218        0x0 c:/nxp/s32ds.3.5/s32ds/build_tools/gcc_v10.2/gcc-10.2-arm32-eabi/bin/../lib/gcc/arm-none-eabi/10.2.0/../../../../arm-none-eabi/lib/thumb/v7e-m+fp/hard\libc_nano.a(lib_a-nano-svfprintf.o)
 .bss           0x20402218        0x0 c:/nxp/s32ds.3.5/s32ds/build_tools/gcc_v10.2/gcc-10.2-arm32-eabi/bin/../lib/gcc/arm-none-eabi/10.2.0/../../../../arm-none-eabi/lib/thumb/v7e-m+fp/hard\libc_nano.a(lib_a-nano-vfprintf_i.o)
 .bss           0x20402218        0x0 c:/nxp/s32ds.3.5/s32ds/build_tools/gcc_v10.2/gcc-10.2-arm32-eabi/bin/../lib/gcc/arm-none-eabi/10.2.0/../../../../arm-none-eabi/lib/thumb/v7e-m+fp/hard\libc_nano.a(lib_a-memchr.o)
 .bss           0x20402218        0x0 c:/nxp/s32ds.3.5/s32ds/build_tools/gcc_v10.2/gcc-10.2-arm32-eabi/bin/../lib/gcc/arm-none-eabi/10.2.0/../../../../arm-none-eabi/lib/thumb/v7e-m+fp/hard\libc_nano.a(lib_a-nano-freer.o)
 .bss           0x20402218        0x0 c:/nxp/s32ds.3.5/s32ds/build_tools/gcc_v10.2/gcc-10.2-arm32-eabi/bin/../lib/gcc/arm-none-eabi/10.2.0/../../../../arm-none-eabi/lib/thumb/v7e-m+fp/hard\libc_nano.a(lib_a-nano-mallocr.o)
 .bss           0x20402218        0x0 c:/nxp/s32ds.3.5/s32ds/build_tools/gcc_v10.2/gcc-10.2-arm32-eabi/bin/../lib/gcc/arm-none-eabi/10.2.0/../../../../arm-none-eabi/lib/thumb/v7e-m+fp/hard\libc_nano.a(lib_a-nano-reallocr.o)
 .bss           0x20402218        0x0 c:/nxp/s32ds.3.5/s32ds/build_tools/gcc_v10.2/gcc-10.2-arm32-eabi/bin/../lib/gcc/arm-none-eabi/10.2.0/../../../../arm-none-eabi/lib/thumb/v7e-m+fp/hard\libc_nano.a(lib_a-sbrkr.o)
 .bss           0x20402218        0x0 c:/nxp/s32ds.3.5/s32ds/build_tools/gcc_v10.2/gcc-10.2-arm32-eabi/bin/../lib/gcc/arm-none-eabi/10.2.0/../../../../arm-none-eabi/lib/thumb/v7e-m+fp/hard\libc_nano.a(lib_a-mlock.o)
 .bss           0x20402218        0x0 c:/nxp/s32ds.3.5/s32ds/build_tools/gcc_v10.2/gcc-10.2-arm32-eabi/bin/../lib/gcc/arm-none-eabi/10.2.0/../../../../arm-none-eabi/lib/thumb/v7e-m+fp/hard\libc_nano.a(lib_a-nano-msizer.o)
 .bss           0x20402218        0x0 c:/nxp/s32ds.3.5/s32ds/build_tools/gcc_v10.2/gcc-10.2-arm32-eabi/bin/../lib/gcc/arm-none-eabi/10.2.0/../../../../arm-none-eabi/lib/thumb/v7e-m+fp/hard\libc_nano.a(lib_a-reent.o)
 .bss           0x20402218        0x0 c:/nxp/s32ds.3.5/s32ds/build_tools/gcc_v10.2/gcc-10.2-arm32-eabi/bin/../lib/gcc/arm-none-eabi/10.2.0/../../../../arm-none-eabi/lib/thumb/v7e-m+fp/hard\libnosys.a(sbrk.o)
 *(.bss*)
 .bss.__malloc_free_list
                0x20402218        0x4 c:/nxp/s32ds.3.5/s32ds/build_tools/gcc_v10.2/gcc-10.2-arm32-eabi/bin/../lib/gcc/arm-none-eabi/10.2.0/../../../../arm-none-eabi/lib/thumb/v7e-m+fp/hard\libc_nano.a(lib_a-nano-mallocr.o)
                0x20402218                __malloc_free_list
 .bss.__malloc_sbrk_start
                0x2040221c        0x4 c:/nxp/s32ds.3.5/s32ds/build_tools/gcc_v10.2/gcc-10.2-arm32-eabi/bin/../lib/gcc/arm-none-eabi/10.2.0/../../../../arm-none-eabi/lib/thumb/v7e-m+fp/hard\libc_nano.a(lib_a-nano-mallocr.o)
                0x2040221c                __malloc_sbrk_start
 .bss.errno     0x20402220        0x4 c:/nxp/s32ds.3.5/s32ds/build_tools/gcc_v10.2/gcc-10.2-arm32-eabi/bin/../lib/gcc/arm-none-eabi/10.2.0/../../../../arm-none-eabi/lib/thumb/v7e-m+fp/hard\libc_nano.a(lib_a-reent.o)
                0x20402220                errno
 .bss.heap_end.0
                0x20402224        0x4 c:/nxp/s32ds.3.5/s32ds/build_tools/gcc_v10.2/gcc-10.2-arm32-eabi/bin/../lib/gcc/arm-none-eabi/10.2.0/../../../../arm-none-eabi/lib/thumb/v7e-m+fp/hard\libnosys.a(sbrk.o)
                0x20402230                . = ALIGN (0x10)
 *fill*         0x20402228        0x8 
 *(.mcal_bss)
 .mcal_bss      0x20402230        0x4 ./Project_Settings/Startup_Code/system.o
                0x20402230                RESET_CATCH_CORE
 .mcal_bss      0x20402234       0xa9 ./RTD/src/Clock_Ip.o
                0x20402238                Clock_Ip_FreqIds
                0x204022d8                Clock_Ip_pxConfig
 *fill*         0x204022dd        0x3 
 .mcal_bss      0x204022e0       0x10 ./RTD/src/Clock_Ip_Monitor.o
 .mcal_bss      0x204022f0        0x4 ./RTD/src/Clock_Ip_ProgFreqSwitch.o
 .mcal_bss      0x204022f4        0xc ./RTD/src/Clock_Ip_Specific.o
 .mcal_bss      0x20402300       0x38 ./RTD/src/Flexio_Spi_Ip.o
                0x20402300                Flexio_Spi_Ip_apxStateStructureArray
 .mcal_bss      0x20402338       0x80 ./RTD/src/Lpspi_Ip.o
                0x20402338                Lpspi_Ip_apxStateStructureArray
 .mcal_bss      0x204023b8        0x8 ./RTD/src/Siul2_Port_Ip.o
                0x204023c0                . = ALIGN (0x4)
                0x204023c0                __sram_bss_end = .

.sram_data      0x204023c0      0x15c load address 0x004121a8
                0x204023c0                . = ALIGN (0x4)
                0x204023c0                __sram_data_begin__ = .
                0x204023c0                . = ALIGN (0x4)
 *(.ramcode)
 .ramcode       0x204023c0       0x90 ./RTD/src/Clock_Ip_Specific.o
                0x20402450                . = ALIGN (0x4)
 *(.data)
 .data          0x20402450        0x0 ./FreeRTOS/Source/croutine.o
 .data          0x20402450        0x0 ./FreeRTOS/Source/event_groups.o
 .data          0x20402450        0x0 ./FreeRTOS/Source/list.o
 .data          0x20402450        0x0 ./FreeRTOS/Source/queue.o
 .data          0x20402450        0x0 ./FreeRTOS/Source/stream_buffer.o
 .data          0x20402450        0x4 ./FreeRTOS/Source/tasks.o
                0x20402450                uxTopUsedPriority
 .data          0x20402454        0x0 ./FreeRTOS/Source/timers.o
 .data          0x20402454        0x4 ./FreeRTOS/Source/portable/GCC/ARM_CM7/r0p1/port.o
 .data          0x20402458        0x0 ./FreeRTOS/Source/portable/MemMang/heap_1.o
 .data          0x20402458        0x0 ./Project_Settings/Startup_Code/Vector_Table.o
 .data          0x20402458        0x0 ./Project_Settings/Startup_Code/exceptions.o
 .data          0x20402458        0x0 ./Project_Settings/Startup_Code/nvic.o
 .data          0x20402458        0x0 ./Project_Settings/Startup_Code/startup.o
 .data          0x20402458        0x0 ./Project_Settings/Startup_Code/startup_cm7.o
 .data          0x20402458        0x0 ./Project_Settings/Startup_Code/system.o
 .data          0x20402458        0x4 ./RTD/src/Clock_Ip.o
 .data          0x2040245c        0x0 ./RTD/src/Clock_Ip_Data.o
 .data          0x2040245c        0x0 ./RTD/src/Clock_Ip_Divider.o
 .data          0x2040245c        0x0 ./RTD/src/Clock_Ip_DividerTrigger.o
 .data          0x2040245c        0x0 ./RTD/src/Clock_Ip_ExtOsc.o
 .data          0x2040245c        0x0 ./RTD/src/Clock_Ip_FracDiv.o
 .data          0x2040245c        0x0 ./RTD/src/Clock_Ip_Frequency.o
 .data          0x2040245c        0x0 ./RTD/src/Clock_Ip_Gate.o
 .data          0x2040245c        0x0 ./RTD/src/Clock_Ip_IntOsc.o
 .data          0x2040245c        0x0 ./RTD/src/Clock_Ip_Irq.o
 .data          0x2040245c        0x0 ./RTD/src/Clock_Ip_Monitor.o
 .data          0x2040245c        0x0 ./RTD/src/Clock_Ip_Pll.o
 .data          0x2040245c        0x0 ./RTD/src/Clock_Ip_ProgFreqSwitch.o
 .data          0x2040245c        0x0 ./RTD/src/Clock_Ip_Selector.o
 .data          0x2040245c        0x0 ./RTD/src/Clock_Ip_Specific.o
 .data          0x2040245c        0x0 ./RTD/src/Det.o
 .data          0x2040245c        0x0 ./RTD/src/Det_stub.o
 .data          0x2040245c        0x0 ./RTD/src/Flexio_Mcl_Ip.o
 .data          0x2040245c        0x0 ./RTD/src/Flexio_Mcl_Ip_HwAccess.o
 .data          0x2040245c        0x0 ./RTD/src/Flexio_Mcl_Ip_Irq.o
 .data          0x2040245c        0x0 ./RTD/src/Flexio_Spi_Ip.o
 .data          0x2040245c        0x0 ./RTD/src/Flexio_Spi_Ip_Irq.o
 .data          0x2040245c        0x0 ./RTD/src/Igf_Port_Ip.o
 .data          0x2040245c        0x0 ./RTD/src/IntCtrl_Ip.o
 .data          0x2040245c        0x0 ./RTD/src/Lpspi_Ip.o
 .data          0x2040245c        0x0 ./RTD/src/Lpspi_Ip_Irq.o
 .data          0x2040245c        0x0 ./RTD/src/Lpuart_Uart_Ip.o
 .data          0x2040245c        0x0 ./RTD/src/Lpuart_Uart_Ip_Irq.o
 .data          0x2040245c        0x0 ./RTD/src/OsIf_Interrupts.o
 .data          0x2040245c        0x0 ./RTD/src/OsIf_Timer.o
 .data          0x2040245c        0x0 ./RTD/src/OsIf_Timer_System.o
 .data          0x2040245c        0x0 ./RTD/src/OsIf_Timer_System_Internal_Systick.o
 .data          0x2040245c        0x0 ./RTD/src/SchM_Dio.o
 .data          0x2040245c        0x0 ./RTD/src/SchM_Mcl.o
 .data          0x2040245c        0x0 ./RTD/src/SchM_Mcu.o
 .data          0x2040245c        0x0 ./RTD/src/SchM_Port.o
 .data          0x2040245c        0x0 ./RTD/src/SchM_Spi.o
 .data          0x2040245c        0x0 ./RTD/src/SchM_Uart.o
 .data          0x2040245c        0x0 ./RTD/src/Siul2_Dio_Ip.o
 .data          0x2040245c        0x0 ./RTD/src/Siul2_Port_Ip.o
 .data          0x2040245c        0x0 ./RTD/src/Tspc_Port_Ip.o
 .data          0x2040245c        0x0 ./board/Siul2_Port_Ip_Cfg.o
 .data          0x2040245c        0x0 ./board/Tspc_Port_Ip_Cfg.o
 .data          0x2040245c        0x0 ./generate/src/Clock_Ip_Cfg.o
 .data          0x2040245c        0x0 ./generate/src/Flexio_Mcl_Ip_PBcfg.o
 .data          0x2040245c        0x0 ./generate/src/Flexio_Spi_Ip_Sa_PBcfg.o
 .data          0x2040245c        0x0 ./generate/src/Igf_Port_Ip_Cfg.o
 .data          0x2040245c        0x0 ./generate/src/IntCtrl_Ip_Cfg.o
 .data          0x2040245c        0x0 ./generate/src/Lpspi_Ip_Sa_PBcfg.o
 .data          0x2040245c        0x0 ./generate/src/Lpuart_Uart_Ip_Sa_PBcfg.o
 .data          0x2040245c        0x0 ./generate/src/OsIf_Cfg.o
 .data          0x2040245c        0x0 ./src/main.o
 .data          0x2040245c        0x0 c:/nxp/s32ds.3.5/s32ds/build_tools/gcc_v10.2/gcc-10.2-arm32-eabi/bin/../lib/gcc/arm-none-eabi/10.2.0/../../../../arm-none-eabi/lib/thumb/v7e-m+fp/hard\libc_nano.a(lib_a-memcmp.o)
 .data          0x2040245c        0x0 c:/nxp/s32ds.3.5/s32ds/build_tools/gcc_v10.2/gcc-10.2-arm32-eabi/bin/../lib/gcc/arm-none-eabi/10.2.0/../../../../arm-none-eabi/lib/thumb/v7e-m+fp/hard\libc_nano.a(lib_a-memcpy-stub.o)
 .data          0x2040245c        0x0 c:/nxp/s32ds.3.5/s32ds/build_tools/gcc_v10.2/gcc-10.2-arm32-eabi/bin/../lib/gcc/arm-none-eabi/10.2.0/../../../../arm-none-eabi/lib/thumb/v7e-m+fp/hard\libc_nano.a(lib_a-memmove.o)
 .data          0x2040245c        0x0 c:/nxp/s32ds.3.5/s32ds/build_tools/gcc_v10.2/gcc-10.2-arm32-eabi/bin/../lib/gcc/arm-none-eabi/10.2.0/../../../../arm-none-eabi/lib/thumb/v7e-m+fp/hard\libc_nano.a(lib_a-memset.o)
 .data          0x2040245c        0x0 c:/nxp/s32ds.3.5/s32ds/build_tools/gcc_v10.2/gcc-10.2-arm32-eabi/bin/../lib/gcc/arm-none-eabi/10.2.0/../../../../arm-none-eabi/lib/thumb/v7e-m+fp/hard\libc_nano.a(lib_a-sprintf.o)
 .data          0x2040245c        0x0 c:/nxp/s32ds.3.5/s32ds/build_tools/gcc_v10.2/gcc-10.2-arm32-eabi/bin/../lib/gcc/arm-none-eabi/10.2.0/../../../../arm-none-eabi/lib/thumb/v7e-m+fp/hard\libc_nano.a(lib_a-strcpy.o)
 .data          0x2040245c        0x0 c:/nxp/s32ds.3.5/s32ds/build_tools/gcc_v10.2/gcc-10.2-arm32-eabi/bin/../lib/gcc/arm-none-eabi/10.2.0/../../../../arm-none-eabi/lib/thumb/v7e-m+fp/hard\libc_nano.a(lib_a-strlen.o)
 .data          0x2040245c        0x0 c:/nxp/s32ds.3.5/s32ds/build_tools/gcc_v10.2/gcc-10.2-arm32-eabi/bin/../lib/gcc/arm-none-eabi/10.2.0/../../../../arm-none-eabi/lib/thumb/v7e-m+fp/hard\libc_nano.a(lib_a-impure.o)
 .data          0x2040245c        0x0 c:/nxp/s32ds.3.5/s32ds/build_tools/gcc_v10.2/gcc-10.2-arm32-eabi/bin/../lib/gcc/arm-none-eabi/10.2.0/../../../../arm-none-eabi/lib/thumb/v7e-m+fp/hard\libc_nano.a(lib_a-nano-svfprintf.o)
 .data          0x2040245c        0x0 c:/nxp/s32ds.3.5/s32ds/build_tools/gcc_v10.2/gcc-10.2-arm32-eabi/bin/../lib/gcc/arm-none-eabi/10.2.0/../../../../arm-none-eabi/lib/thumb/v7e-m+fp/hard\libc_nano.a(lib_a-nano-vfprintf_i.o)
 .data          0x2040245c        0x0 c:/nxp/s32ds.3.5/s32ds/build_tools/gcc_v10.2/gcc-10.2-arm32-eabi/bin/../lib/gcc/arm-none-eabi/10.2.0/../../../../arm-none-eabi/lib/thumb/v7e-m+fp/hard\libc_nano.a(lib_a-memchr.o)
 .data          0x2040245c        0x0 c:/nxp/s32ds.3.5/s32ds/build_tools/gcc_v10.2/gcc-10.2-arm32-eabi/bin/../lib/gcc/arm-none-eabi/10.2.0/../../../../arm-none-eabi/lib/thumb/v7e-m+fp/hard\libc_nano.a(lib_a-nano-freer.o)
 .data          0x2040245c        0x0 c:/nxp/s32ds.3.5/s32ds/build_tools/gcc_v10.2/gcc-10.2-arm32-eabi/bin/../lib/gcc/arm-none-eabi/10.2.0/../../../../arm-none-eabi/lib/thumb/v7e-m+fp/hard\libc_nano.a(lib_a-nano-mallocr.o)
 .data          0x2040245c        0x0 c:/nxp/s32ds.3.5/s32ds/build_tools/gcc_v10.2/gcc-10.2-arm32-eabi/bin/../lib/gcc/arm-none-eabi/10.2.0/../../../../arm-none-eabi/lib/thumb/v7e-m+fp/hard\libc_nano.a(lib_a-nano-reallocr.o)
 .data          0x2040245c        0x0 c:/nxp/s32ds.3.5/s32ds/build_tools/gcc_v10.2/gcc-10.2-arm32-eabi/bin/../lib/gcc/arm-none-eabi/10.2.0/../../../../arm-none-eabi/lib/thumb/v7e-m+fp/hard\libc_nano.a(lib_a-sbrkr.o)
 .data          0x2040245c        0x0 c:/nxp/s32ds.3.5/s32ds/build_tools/gcc_v10.2/gcc-10.2-arm32-eabi/bin/../lib/gcc/arm-none-eabi/10.2.0/../../../../arm-none-eabi/lib/thumb/v7e-m+fp/hard\libc_nano.a(lib_a-mlock.o)